Archive member included because of file (symbol)

/usr/lib/gcc/arm-none-eabi/4.7.0/libgcc.a(_udivsi3.o)
                              ./src/uart.o (__aeabi_uidiv)
/usr/lib/gcc/arm-none-eabi/4.7.0/libgcc.a(_dvmd_tls.o)
                              /usr/lib/gcc/arm-none-eabi/4.7.0/libgcc.a(_udivsi3.o) (__aeabi_idiv0)
/usr/lib/gcc/arm-none-eabi/4.7.0/../../../../arm-none-eabi/lib/libg.a(lib_a-malloc.o)
                              ./src/benchmark.o (malloc)
/usr/lib/gcc/arm-none-eabi/4.7.0/../../../../arm-none-eabi/lib/libg.a(lib_a-mallocr.o)
                              /usr/lib/gcc/arm-none-eabi/4.7.0/../../../../arm-none-eabi/lib/libg.a(lib_a-malloc.o) (_malloc_r)
/usr/lib/gcc/arm-none-eabi/4.7.0/../../../../arm-none-eabi/lib/libg.a(lib_a-mlock.o)
                              /usr/lib/gcc/arm-none-eabi/4.7.0/../../../../arm-none-eabi/lib/libg.a(lib_a-mallocr.o) (__malloc_lock)
/usr/lib/gcc/arm-none-eabi/4.7.0/../../../../arm-none-eabi/lib/libg.a(lib_a-sbrkr.o)
                              /usr/lib/gcc/arm-none-eabi/4.7.0/../../../../arm-none-eabi/lib/libg.a(lib_a-mallocr.o) (_sbrk_r)
/usr/lib/gcc/arm-none-eabi/4.7.0/../../../../arm-none-eabi/lib/libg.a(lib_a-strcmp.o)
                              ./src/benchmark.o (strcmp)
/usr/lib/gcc/arm-none-eabi/4.7.0/../../../../arm-none-eabi/lib/libg.a(lib_a-strlen.o)
                              ./src/uart.o (strlen)
/usr/lib/gcc/arm-none-eabi/4.7.0/../../../../arm-none-eabi/lib/libg.a(lib_a-syscalls.o)
                              /usr/lib/gcc/arm-none-eabi/4.7.0/../../../../arm-none-eabi/lib/libg.a(lib_a-sbrkr.o) (_sbrk)
/usr/lib/gcc/arm-none-eabi/4.7.0/../../../../arm-none-eabi/lib/libg.a(lib_a-errno.o)
                              /usr/lib/gcc/arm-none-eabi/4.7.0/../../../../arm-none-eabi/lib/libg.a(lib_a-syscalls.o) (__errno)
/usr/lib/gcc/arm-none-eabi/4.7.0/../../../../arm-none-eabi/lib/libg.a(lib_a-findfp.o)
                              /usr/lib/gcc/arm-none-eabi/4.7.0/../../../../arm-none-eabi/lib/libg.a(lib_a-syscalls.o) (__sinit)
/usr/lib/gcc/arm-none-eabi/4.7.0/../../../../arm-none-eabi/lib/libg.a(lib_a-freer.o)
                              /usr/lib/gcc/arm-none-eabi/4.7.0/../../../../arm-none-eabi/lib/libg.a(lib_a-malloc.o) (_free_r)
/usr/lib/gcc/arm-none-eabi/4.7.0/../../../../arm-none-eabi/lib/libg.a(lib_a-fwalk.o)
                              /usr/lib/gcc/arm-none-eabi/4.7.0/../../../../arm-none-eabi/lib/libg.a(lib_a-findfp.o) (_fwalk)
/usr/lib/gcc/arm-none-eabi/4.7.0/../../../../arm-none-eabi/lib/libg.a(lib_a-impure.o)
                              /usr/lib/gcc/arm-none-eabi/4.7.0/../../../../arm-none-eabi/lib/libg.a(lib_a-findfp.o) (_global_impure_ptr)
/usr/lib/gcc/arm-none-eabi/4.7.0/../../../../arm-none-eabi/lib/libg.a(lib_a-memset.o)
                              /usr/lib/gcc/arm-none-eabi/4.7.0/../../../../arm-none-eabi/lib/libg.a(lib_a-syscalls.o) (memset)
/usr/lib/gcc/arm-none-eabi/4.7.0/../../../../arm-none-eabi/lib/libg.a(lib_a-reent.o)
                              /usr/lib/gcc/arm-none-eabi/4.7.0/../../../../arm-none-eabi/lib/libg.a(lib_a-sbrkr.o) (errno)
/usr/lib/gcc/arm-none-eabi/4.7.0/../../../../arm-none-eabi/lib/libg.a(lib_a-stdio.o)
                              /usr/lib/gcc/arm-none-eabi/4.7.0/../../../../arm-none-eabi/lib/libg.a(lib_a-findfp.o) (__sread)
/usr/lib/gcc/arm-none-eabi/4.7.0/../../../../arm-none-eabi/lib/libg.a(lib_a-writer.o)
                              /usr/lib/gcc/arm-none-eabi/4.7.0/../../../../arm-none-eabi/lib/libg.a(lib_a-stdio.o) (_write_r)
/usr/lib/gcc/arm-none-eabi/4.7.0/../../../../arm-none-eabi/lib/libg.a(lib_a-closer.o)
                              /usr/lib/gcc/arm-none-eabi/4.7.0/../../../../arm-none-eabi/lib/libg.a(lib_a-stdio.o) (_close_r)
/usr/lib/gcc/arm-none-eabi/4.7.0/../../../../arm-none-eabi/lib/libg.a(lib_a-fclose.o)
                              /usr/lib/gcc/arm-none-eabi/4.7.0/../../../../arm-none-eabi/lib/libg.a(lib_a-findfp.o) (fclose)
/usr/lib/gcc/arm-none-eabi/4.7.0/../../../../arm-none-eabi/lib/libg.a(lib_a-fflush.o)
                              /usr/lib/gcc/arm-none-eabi/4.7.0/../../../../arm-none-eabi/lib/libg.a(lib_a-fclose.o) (_fflush_r)
/usr/lib/gcc/arm-none-eabi/4.7.0/../../../../arm-none-eabi/lib/libg.a(lib_a-lseekr.o)
                              /usr/lib/gcc/arm-none-eabi/4.7.0/../../../../arm-none-eabi/lib/libg.a(lib_a-stdio.o) (_lseek_r)
/usr/lib/gcc/arm-none-eabi/4.7.0/../../../../arm-none-eabi/lib/libg.a(lib_a-readr.o)
                              /usr/lib/gcc/arm-none-eabi/4.7.0/../../../../arm-none-eabi/lib/libg.a(lib_a-stdio.o) (_read_r)

Allocating common symbols
Common symbol       size              file

errno               0x4               /usr/lib/gcc/arm-none-eabi/4.7.0/../../../../arm-none-eabi/lib/libg.a(lib_a-reent.o)
UART0Buffer         0x10              ./src/uart.o
Arr_2_Glob          0x2710            ./src/benchmark.o
Next_Ptr_Glob       0x4               ./src/benchmark.o
Int_Glob            0x4               ./src/benchmark.o
Ch_1_Glob           0x1               ./src/benchmark.o
Ch_2_Glob           0x1               ./src/benchmark.o
Ptr_Glob            0x4               ./src/benchmark.o
Arr_1_Glob          0xc8              ./src/benchmark.o
UART0Status         0x4               ./src/uart.o
Bool_Glob           0x4               ./src/benchmark.o

Discarded input sections

 .group         0x0000000000000000        0x8 ./src/benchmark.o
 .group         0x0000000000000000        0x8 ./src/benchmark.o
 .group         0x0000000000000000        0x8 ./src/benchmark.o
 .group         0x0000000000000000        0x8 ./src/benchmark.o
 .group         0x0000000000000000        0x8 ./src/benchmark.o
 .group         0x0000000000000000        0x8 ./src/benchmark.o
 .group         0x0000000000000000        0x8 ./src/benchmark.o
 .group         0x0000000000000000        0x8 ./src/benchmark.o
 .group         0x0000000000000000        0x8 ./src/benchmark.o
 .group         0x0000000000000000        0x8 ./src/benchmark.o
 .group         0x0000000000000000        0x8 ./src/benchmark.o
 .group         0x0000000000000000        0x8 ./src/benchmark.o
 .group         0x0000000000000000        0x8 ./src/benchmark.o
 .group         0x0000000000000000        0x8 ./src/benchmark.o
 .group         0x0000000000000000        0x8 ./src/benchmark.o
 .group         0x0000000000000000        0x8 ./src/benchmark.o
 .group         0x0000000000000000        0x8 ./src/benchmark.o
 .group         0x0000000000000000        0x8 ./src/benchmark.o
 .group         0x0000000000000000        0x8 ./src/benchmark.o
 .group         0x0000000000000000        0x8 ./src/benchmark.o
 .group         0x0000000000000000        0x8 ./src/benchmark.o
 .group         0x0000000000000000        0x8 ./src/benchmark.o

Memory Configuration

Name             Origin             Length             Attributes
ROM              0x0000000000000000 0x0000000000080000 xr
ram_isp_low      0x0000000040000120 0x00000000000000df a
RAM              0x0000000040000200 0x0000000000007de0 rw
ram_isp_high     0x0000000040007fe0 0x0000000000000020 a
*default*        0x0000000000000000 0xffffffffffffffff

Linker script and memory map

LOAD ./src/Startup.o
LOAD ./src/benchmark.o
LOAD ./src/timer.o
LOAD ./src/uart.o
LOAD ./main.o
START GROUP
LOAD /usr/lib/gcc/arm-none-eabi/4.7.0/libgcc.a
LOAD /usr/lib/gcc/arm-none-eabi/4.7.0/../../../../arm-none-eabi/lib/libg.a
LOAD /usr/lib/gcc/arm-none-eabi/4.7.0/../../../../arm-none-eabi/lib/libc.a
END GROUP
                0x0000000000000800                STACK_SIZE = 0x800

.text           0x0000000000000000     0x503c
 *Startup.o(.text)
 .text          0x0000000000000000        0x0 ./src/Startup.o
 *(.vectorg)
 .vectorg       0x0000000000000000       0x9c ./src/Startup.o
                0x0000000000000054                __IRQ_Wrapper
                0x000000000000009c                . = ALIGN (0x4)
 *(.init)
 .init          0x000000000000009c      0x148 ./src/Startup.o
                0x000000000000009c                __startup
                0x00000000000001a8                __exit_ARM
                0x00000000000001ac                __exit_THUMB
 *(.text .text.*)
 .text          0x00000000000001e4        0x0 ./src/benchmark.o
 .text.int_to_a
                0x00000000000001e4       0xe8 ./src/benchmark.o
                0x00000000000001e4                int_to_a
 .text.Proc_1   0x00000000000002cc      0x11c ./src/benchmark.o
                0x00000000000002cc                Proc_1
 .text.dhrystone
                0x00000000000003e8     0x1d38 ./src/benchmark.o
                0x00000000000003e8                dhrystone
 .text.start_benchmark
                0x0000000000002120        0x4 ./src/benchmark.o
                0x0000000000002120                start_benchmark
 .text.Proc_2   0x0000000000002124       0x30 ./src/benchmark.o
                0x0000000000002124                Proc_2
 .text.Proc_3   0x0000000000002154       0x34 ./src/benchmark.o
                0x0000000000002154                Proc_3
 .text.Proc_4   0x0000000000002188       0x38 ./src/benchmark.o
                0x0000000000002188                Proc_4
 .text.Proc_5   0x00000000000021c0       0x24 ./src/benchmark.o
                0x00000000000021c0                Proc_5
 .text.Proc_6   0x00000000000021e4       0x6c ./src/benchmark.o
                0x00000000000021e4                Proc_6
 .text.Proc_7   0x0000000000002250       0x10 ./src/benchmark.o
                0x0000000000002250                Proc_7
 .text.Proc_8   0x0000000000002260       0x64 ./src/benchmark.o
                0x0000000000002260                Proc_8
 .text.Func_1   0x00000000000022c4       0x20 ./src/benchmark.o
                0x00000000000022c4                Func_1
 .text.Func_2   0x00000000000022e4       0x40 ./src/benchmark.o
                0x00000000000022e4                Func_2
 .text.Func_3   0x0000000000002324       0x10 ./src/benchmark.o
                0x0000000000002324                Func_3
 .text          0x0000000000002334        0x0 ./src/timer.o
 .text.init_counter_ms
                0x0000000000002334       0x20 ./src/timer.o
                0x0000000000002334                init_counter_ms
 .text.reset_counter
                0x0000000000002354       0x1c ./src/timer.o
                0x0000000000002354                reset_counter
 .text.read_counter
                0x0000000000002370       0x10 ./src/timer.o
                0x0000000000002370                read_counter
 .text          0x0000000000002380        0x0 ./src/uart.o
 .text.UART0Handler
                0x0000000000002380      0x138 ./src/uart.o
                0x0000000000002380                UART0Handler
 .text.UARTInit
                0x00000000000024b8       0xb8 ./src/uart.o
                0x00000000000024b8                UARTInit
 .text.UARTSend
                0x0000000000002570       0x64 ./src/uart.o
                0x0000000000002570                UARTSend
 .text.puts_UART
                0x00000000000025d4       0x58 ./src/uart.o
                0x00000000000025d4                puts_UART
 .text          0x000000000000262c        0x0 ./main.o
 .text.feed     0x000000000000262c       0x1c ./main.o
                0x000000000000262c                feed
 .text.init_chip
                0x0000000000002648       0x78 ./main.o
                0x0000000000002648                init_chip
 .text.startup.main
                0x00000000000026c0       0x30 ./main.o
                0x00000000000026c0                main
 .text          0x00000000000026f0      0x114 /usr/lib/gcc/arm-none-eabi/4.7.0/libgcc.a(_udivsi3.o)
                0x00000000000026f0                __udivsi3
                0x00000000000026f0                __aeabi_uidiv
                0x00000000000027e4                __aeabi_uidivmod
 .text          0x0000000000002804        0x4 /usr/lib/gcc/arm-none-eabi/4.7.0/libgcc.a(_dvmd_tls.o)
                0x0000000000002804                __aeabi_ldiv0
                0x0000000000002804                __aeabi_idiv0
 .text          0x0000000000002808       0x40 /usr/lib/gcc/arm-none-eabi/4.7.0/../../../../arm-none-eabi/lib/libg.a(lib_a-malloc.o)
                0x0000000000002808                malloc
                0x0000000000002828                free
 .text          0x0000000000002848      0x714 /usr/lib/gcc/arm-none-eabi/4.7.0/../../../../arm-none-eabi/lib/libg.a(lib_a-mallocr.o)
                0x0000000000002848                _malloc_r
 .text          0x0000000000002f5c        0x8 /usr/lib/gcc/arm-none-eabi/4.7.0/../../../../arm-none-eabi/lib/libg.a(lib_a-mlock.o)
                0x0000000000002f5c                __malloc_lock
                0x0000000000002f60                __malloc_unlock
 .text          0x0000000000002f64       0x40 /usr/lib/gcc/arm-none-eabi/4.7.0/../../../../arm-none-eabi/lib/libg.a(lib_a-sbrkr.o)
                0x0000000000002f64                _sbrk_r
 .text          0x0000000000002fa4      0x230 /usr/lib/gcc/arm-none-eabi/4.7.0/../../../../arm-none-eabi/lib/libg.a(lib_a-strcmp.o)
                0x0000000000002fa4                strcmp
 .text          0x00000000000031d4       0x60 /usr/lib/gcc/arm-none-eabi/4.7.0/../../../../arm-none-eabi/lib/libg.a(lib_a-strlen.o)
                0x00000000000031d4                strlen
 .text          0x0000000000003234      0x934 /usr/lib/gcc/arm-none-eabi/4.7.0/../../../../arm-none-eabi/lib/libg.a(lib_a-syscalls.o)
                0x00000000000032e4                initialise_monitor_handles
                0x0000000000003394                _swiread
                0x00000000000033d4                _read
                0x000000000000345c                _swilseek
                0x000000000000355c                _lseek
                0x000000000000357c                _swiwrite
                0x00000000000035bc                _write
                0x0000000000003648                _swiopen
                0x000000000000371c                _open
                0x0000000000003754                _swiclose
                0x00000000000037cc                _close
                0x00000000000037ec                _kill
                0x0000000000003824                _exit
                0x000000000000384c                _getpid
                0x0000000000003854                _sbrk
                0x00000000000038a8                _fstat
                0x00000000000038dc                _stat
                0x000000000000392c                _link
                0x0000000000003934                _unlink
                0x0000000000003990                _raise
                0x0000000000003994                _gettimeofday
                0x00000000000039dc                _times
                0x0000000000003a18                _isatty
                0x0000000000003a68                _system
                0x0000000000003af8                _rename
 .text          0x0000000000003b68       0x10 /usr/lib/gcc/arm-none-eabi/4.7.0/../../../../arm-none-eabi/lib/libg.a(lib_a-errno.o)
                0x0000000000003b68                __errno
 .text          0x0000000000003b78      0x2e8 /usr/lib/gcc/arm-none-eabi/4.7.0/../../../../arm-none-eabi/lib/libg.a(lib_a-findfp.o)
                0x0000000000003b88                _cleanup_r
                0x0000000000003c1c                __sfmoreglue
                0x0000000000003c64                _cleanup
                0x0000000000003c74                __sinit
                0x0000000000003cec                __sfp
                0x0000000000003e08                __sfp_lock_acquire
                0x0000000000003e0c                __sfp_lock_release
                0x0000000000003e10                __sinit_lock_acquire
                0x0000000000003e14                __sinit_lock_release
                0x0000000000003e18                __fp_lock_all
                0x0000000000003e3c                __fp_unlock_all
 .text          0x0000000000003e60      0x360 /usr/lib/gcc/arm-none-eabi/4.7.0/../../../../arm-none-eabi/lib/libg.a(lib_a-freer.o)
                0x0000000000003e60                _malloc_trim_r
                0x0000000000003f5c                _free_r
 .text          0x00000000000041c0      0x108 /usr/lib/gcc/arm-none-eabi/4.7.0/../../../../arm-none-eabi/lib/libg.a(lib_a-fwalk.o)
                0x00000000000041c0                _fwalk
                0x0000000000004240                _fwalk_reent
 .text          0x00000000000042c8        0x0 /usr/lib/gcc/arm-none-eabi/4.7.0/../../../../arm-none-eabi/lib/libg.a(lib_a-impure.o)
 .text          0x00000000000042c8       0xf0 /usr/lib/gcc/arm-none-eabi/4.7.0/../../../../arm-none-eabi/lib/libg.a(lib_a-memset.o)
                0x00000000000042c8                memset
 .text          0x00000000000043b8      0x1a8 /usr/lib/gcc/arm-none-eabi/4.7.0/../../../../arm-none-eabi/lib/libg.a(lib_a-reent.o)
                0x00000000000043b8                cleanup_glue
                0x00000000000043e4                _reclaim_reent
                0x00000000000044ec                _wrapup_reent
 .text          0x0000000000004560       0xdc /usr/lib/gcc/arm-none-eabi/4.7.0/../../../../arm-none-eabi/lib/libg.a(lib_a-stdio.o)
                0x0000000000004560                __sread
                0x0000000000004594                __seofread
                0x000000000000459c                __swrite
                0x00000000000045f4                __sseek
                0x0000000000004628                __sclose
 .text          0x000000000000463c       0x44 /usr/lib/gcc/arm-none-eabi/4.7.0/../../../../arm-none-eabi/lib/libg.a(lib_a-writer.o)
                0x000000000000463c                _write_r
 .text          0x0000000000004680       0x3c /usr/lib/gcc/arm-none-eabi/4.7.0/../../../../arm-none-eabi/lib/libg.a(lib_a-closer.o)
                0x0000000000004680                _close_r
 .text          0x00000000000046bc      0x100 /usr/lib/gcc/arm-none-eabi/4.7.0/../../../../arm-none-eabi/lib/libg.a(lib_a-fclose.o)
                0x00000000000046bc                _fclose_r
                0x00000000000047a8                fclose
 .text          0x00000000000047bc      0x2c0 /usr/lib/gcc/arm-none-eabi/4.7.0/../../../../arm-none-eabi/lib/libg.a(lib_a-fflush.o)
                0x00000000000047bc                __sflush_r
                0x00000000000049e8                _fflush_r
                0x0000000000004a3c                fflush
 .text          0x0000000000004a7c       0x44 /usr/lib/gcc/arm-none-eabi/4.7.0/../../../../arm-none-eabi/lib/libg.a(lib_a-lseekr.o)
                0x0000000000004a7c                _lseek_r
 .text          0x0000000000004ac0       0x44 /usr/lib/gcc/arm-none-eabi/4.7.0/../../../../arm-none-eabi/lib/libg.a(lib_a-readr.o)
                0x0000000000004ac0                _read_r
 *(.gnu.linkonce.t.*)
 *(.glue_7)
 .glue_7        0x0000000000000000        0x0 linker stubs
 *(.glue_7t)
 .glue_7t       0x0000000000000000        0x0 linker stubs
 *(.gcc_except_table)
 *(.rodata)
 .rodata        0x0000000000004b04       0x28 ./src/benchmark.o
 .rodata        0x0000000000004b2c        0x4 /usr/lib/gcc/arm-none-eabi/4.7.0/../../../../arm-none-eabi/lib/libg.a(lib_a-impure.o)
                0x0000000000004b2c                _global_impure_ptr
 *(.rodata*)
 .rodata.str1.4
                0x0000000000004b30      0x4d1 ./src/benchmark.o
                                        0x4d8 (size before relaxing)
 *fill*         0x0000000000005001        0x3 00
 .rodata.str1.4
                0x0000000000005004       0x2f ./main.o
                                         0x30 (size before relaxing)
 *fill*         0x0000000000005033        0x1 00
 .rodata.str1.4
                0x0000000000005034        0x4 /usr/lib/gcc/arm-none-eabi/4.7.0/../../../../arm-none-eabi/lib/libg.a(lib_a-syscalls.o)
 .rodata.str1.4
                0x0000000000005038        0x4 /usr/lib/gcc/arm-none-eabi/4.7.0/../../../../arm-none-eabi/lib/libg.a(lib_a-impure.o)
 *(.gnu.linkonce.r.*)
                0x000000000000503c                . = ALIGN (0x4)

.vfp11_veneer   0x000000000000503c        0x0
 .vfp11_veneer  0x0000000000000000        0x0 linker stubs

.v4_bx          0x000000000000503c        0x0
 .v4_bx         0x0000000000000000        0x0 linker stubs
                0x000000000000503c                . = ALIGN (0x4)

.ctors          0x000000000000503c        0x0
                0x000000000000503c                PROVIDE (__ctors_start__, .)
 *(SORT(.ctors.*))
 *(.ctors)
                0x000000000000503c                . = ALIGN (0x4)
                0x000000000000503c                PROVIDE (__ctors_end__, .)
                0x000000000000503c                . = ALIGN (0x4)

.dtors          0x000000000000503c        0x0
                0x000000000000503c                PROVIDE (__dtors_start__, .)
 *(SORT(.dtors.*))
 *(.dtors)
                0x000000000000503c                . = ALIGN (0x4)
                0x000000000000503c                PROVIDE (__dtors_end__, .)
                0x000000000000503c                . = ALIGN (0x4)
                0x000000000000503c                . = ALIGN (0x4)
                0x000000000000503c                _etext = .
                0x000000000000503c                PROVIDE (etext, .)

.data           0x0000000040000200      0x844 load address 0x000000000000503c
                0x0000000040000200                _data = .
 *(.vectmapped)
                0x0000000040000200                . = ALIGN (0x4)
 *(.fastrun)
                0x0000000040000200                . = ALIGN (0x4)
                0x0000000040000200                . = ALIGN (0x4)
 *(.data)
 .data          0x0000000040000200        0x0 ./src/Startup.o
 .data          0x0000000040000200        0x0 ./src/benchmark.o
 .data          0x0000000040000200        0x0 ./src/timer.o
 .data          0x0000000040000200        0x0 ./src/uart.o
 .data          0x0000000040000200        0x0 ./main.o
 .data          0x0000000040000200        0x0 /usr/lib/gcc/arm-none-eabi/4.7.0/libgcc.a(_udivsi3.o)
 .data          0x0000000040000200        0x0 /usr/lib/gcc/arm-none-eabi/4.7.0/libgcc.a(_dvmd_tls.o)
 .data          0x0000000040000200        0x0 /usr/lib/gcc/arm-none-eabi/4.7.0/../../../../arm-none-eabi/lib/libg.a(lib_a-malloc.o)
 .data          0x0000000040000200      0x410 /usr/lib/gcc/arm-none-eabi/4.7.0/../../../../arm-none-eabi/lib/libg.a(lib_a-mallocr.o)
                0x0000000040000200                __malloc_av_
                0x0000000040000608                __malloc_sbrk_base
                0x000000004000060c                __malloc_trim_threshold
 .data          0x0000000040000610        0x0 /usr/lib/gcc/arm-none-eabi/4.7.0/../../../../arm-none-eabi/lib/libg.a(lib_a-mlock.o)
 .data          0x0000000040000610        0x0 /usr/lib/gcc/arm-none-eabi/4.7.0/../../../../arm-none-eabi/lib/libg.a(lib_a-sbrkr.o)
 .data          0x0000000040000610        0x0 /usr/lib/gcc/arm-none-eabi/4.7.0/../../../../arm-none-eabi/lib/libg.a(lib_a-strcmp.o)
 .data          0x0000000040000610        0x0 /usr/lib/gcc/arm-none-eabi/4.7.0/../../../../arm-none-eabi/lib/libg.a(lib_a-strlen.o)
 .data          0x0000000040000610        0x0 /usr/lib/gcc/arm-none-eabi/4.7.0/../../../../arm-none-eabi/lib/libg.a(lib_a-syscalls.o)
 .data          0x0000000040000610        0x0 /usr/lib/gcc/arm-none-eabi/4.7.0/../../../../arm-none-eabi/lib/libg.a(lib_a-errno.o)
 .data          0x0000000040000610        0x0 /usr/lib/gcc/arm-none-eabi/4.7.0/../../../../arm-none-eabi/lib/libg.a(lib_a-findfp.o)
 .data          0x0000000040000610        0x0 /usr/lib/gcc/arm-none-eabi/4.7.0/../../../../arm-none-eabi/lib/libg.a(lib_a-freer.o)
 .data          0x0000000040000610        0x0 /usr/lib/gcc/arm-none-eabi/4.7.0/../../../../arm-none-eabi/lib/libg.a(lib_a-fwalk.o)
 .data          0x0000000040000610      0x430 /usr/lib/gcc/arm-none-eabi/4.7.0/../../../../arm-none-eabi/lib/libg.a(lib_a-impure.o)
                0x0000000040000610                _impure_ptr
 .data          0x0000000040000a40        0x0 /usr/lib/gcc/arm-none-eabi/4.7.0/../../../../arm-none-eabi/lib/libg.a(lib_a-memset.o)
 .data          0x0000000040000a40        0x0 /usr/lib/gcc/arm-none-eabi/4.7.0/../../../../arm-none-eabi/lib/libg.a(lib_a-reent.o)
 .data          0x0000000040000a40        0x0 /usr/lib/gcc/arm-none-eabi/4.7.0/../../../../arm-none-eabi/lib/libg.a(lib_a-stdio.o)
 .data          0x0000000040000a40        0x0 /usr/lib/gcc/arm-none-eabi/4.7.0/../../../../arm-none-eabi/lib/libg.a(lib_a-writer.o)
 .data          0x0000000040000a40        0x0 /usr/lib/gcc/arm-none-eabi/4.7.0/../../../../arm-none-eabi/lib/libg.a(lib_a-closer.o)
 .data          0x0000000040000a40        0x0 /usr/lib/gcc/arm-none-eabi/4.7.0/../../../../arm-none-eabi/lib/libg.a(lib_a-fclose.o)
 .data          0x0000000040000a40        0x0 /usr/lib/gcc/arm-none-eabi/4.7.0/../../../../arm-none-eabi/lib/libg.a(lib_a-fflush.o)
 .data          0x0000000040000a40        0x0 /usr/lib/gcc/arm-none-eabi/4.7.0/../../../../arm-none-eabi/lib/libg.a(lib_a-lseekr.o)
 .data          0x0000000040000a40        0x0 /usr/lib/gcc/arm-none-eabi/4.7.0/../../../../arm-none-eabi/lib/libg.a(lib_a-readr.o)
 *(.data.*)
 .data.UART0TxEmpty
                0x0000000040000a40        0x1 ./src/uart.o
                0x0000000040000a40                UART0TxEmpty
 *(.gnu.linkonce.d*)
                0x0000000040000a44                . = ALIGN (0x4)
 *fill*         0x0000000040000a41        0x3 00
                0x0000000040000a44                . = ALIGN (0x4)
                0x0000000040000a44                _edata = .
                0x0000000040000a44                PROVIDE (edata, .)

.bss            0x0000000040000a44     0x28f0 load address 0x0000000000005880
                0x0000000040000a44                __bss_start = .
                0x0000000040000a44                __bss_start__ = .
 *(.bss)
 .bss           0x0000000040000a44        0x0 ./src/Startup.o
 .bss           0x0000000040000a44        0x0 ./src/benchmark.o
 .bss           0x0000000040000a44        0x0 ./src/timer.o
 .bss           0x0000000040000a44        0x0 ./src/uart.o
 .bss           0x0000000040000a44        0x0 ./main.o
 .bss           0x0000000040000a44        0x0 /usr/lib/gcc/arm-none-eabi/4.7.0/libgcc.a(_udivsi3.o)
 .bss           0x0000000040000a44        0x0 /usr/lib/gcc/arm-none-eabi/4.7.0/libgcc.a(_dvmd_tls.o)
 .bss           0x0000000040000a44        0x0 /usr/lib/gcc/arm-none-eabi/4.7.0/../../../../arm-none-eabi/lib/libg.a(lib_a-malloc.o)
 .bss           0x0000000040000a44       0x34 /usr/lib/gcc/arm-none-eabi/4.7.0/../../../../arm-none-eabi/lib/libg.a(lib_a-mallocr.o)
                0x0000000040000a44                __malloc_top_pad
                0x0000000040000a48                __malloc_current_mallinfo
                0x0000000040000a70                __malloc_max_sbrked_mem
                0x0000000040000a74                __malloc_max_total_mem
 .bss           0x0000000040000a78        0x0 /usr/lib/gcc/arm-none-eabi/4.7.0/../../../../arm-none-eabi/lib/libg.a(lib_a-mlock.o)
 .bss           0x0000000040000a78        0x0 /usr/lib/gcc/arm-none-eabi/4.7.0/../../../../arm-none-eabi/lib/libg.a(lib_a-sbrkr.o)
 .bss           0x0000000040000a78        0x0 /usr/lib/gcc/arm-none-eabi/4.7.0/../../../../arm-none-eabi/lib/libg.a(lib_a-strcmp.o)
 .bss           0x0000000040000a78        0x0 /usr/lib/gcc/arm-none-eabi/4.7.0/../../../../arm-none-eabi/lib/libg.a(lib_a-strlen.o)
 .bss           0x0000000040000a78       0xb0 /usr/lib/gcc/arm-none-eabi/4.7.0/../../../../arm-none-eabi/lib/libg.a(lib_a-syscalls.o)
 .bss           0x0000000040000b28        0x0 /usr/lib/gcc/arm-none-eabi/4.7.0/../../../../arm-none-eabi/lib/libg.a(lib_a-errno.o)
 .bss           0x0000000040000b28        0x0 /usr/lib/gcc/arm-none-eabi/4.7.0/../../../../arm-none-eabi/lib/libg.a(lib_a-findfp.o)
 .bss           0x0000000040000b28        0x0 /usr/lib/gcc/arm-none-eabi/4.7.0/../../../../arm-none-eabi/lib/libg.a(lib_a-freer.o)
 .bss           0x0000000040000b28        0x0 /usr/lib/gcc/arm-none-eabi/4.7.0/../../../../arm-none-eabi/lib/libg.a(lib_a-fwalk.o)
 .bss           0x0000000040000b28        0x0 /usr/lib/gcc/arm-none-eabi/4.7.0/../../../../arm-none-eabi/lib/libg.a(lib_a-impure.o)
 .bss           0x0000000040000b28        0x0 /usr/lib/gcc/arm-none-eabi/4.7.0/../../../../arm-none-eabi/lib/libg.a(lib_a-memset.o)
 .bss           0x0000000040000b28        0x0 /usr/lib/gcc/arm-none-eabi/4.7.0/../../../../arm-none-eabi/lib/libg.a(lib_a-reent.o)
 .bss           0x0000000040000b28        0x0 /usr/lib/gcc/arm-none-eabi/4.7.0/../../../../arm-none-eabi/lib/libg.a(lib_a-stdio.o)
 .bss           0x0000000040000b28        0x0 /usr/lib/gcc/arm-none-eabi/4.7.0/../../../../arm-none-eabi/lib/libg.a(lib_a-writer.o)
 .bss           0x0000000040000b28        0x0 /usr/lib/gcc/arm-none-eabi/4.7.0/../../../../arm-none-eabi/lib/libg.a(lib_a-closer.o)
 .bss           0x0000000040000b28        0x0 /usr/lib/gcc/arm-none-eabi/4.7.0/../../../../arm-none-eabi/lib/libg.a(lib_a-fclose.o)
 .bss           0x0000000040000b28        0x0 /usr/lib/gcc/arm-none-eabi/4.7.0/../../../../arm-none-eabi/lib/libg.a(lib_a-fflush.o)
 .bss           0x0000000040000b28        0x0 /usr/lib/gcc/arm-none-eabi/4.7.0/../../../../arm-none-eabi/lib/libg.a(lib_a-lseekr.o)
 .bss           0x0000000040000b28        0x0 /usr/lib/gcc/arm-none-eabi/4.7.0/../../../../arm-none-eabi/lib/libg.a(lib_a-readr.o)
 *(.bss.*)
 .bss.Reg       0x0000000040000b28        0x4 ./src/benchmark.o
                0x0000000040000b28                Reg
 .bss.UART0Count
                0x0000000040000b2c        0x4 ./src/uart.o
                0x0000000040000b2c                UART0Count
 *(.gnu.linkonce.b*)
 *(COMMON)
 COMMON         0x0000000040000b30     0x27ec ./src/benchmark.o
                0x0000000040000b30                Arr_2_Glob
                0x0000000040003240                Next_Ptr_Glob
                0x0000000040003244                Int_Glob
                0x0000000040003248                Ch_1_Glob
                0x0000000040003249                Ch_2_Glob
                0x000000004000324c                Ptr_Glob
                0x0000000040003250                Arr_1_Glob
                0x0000000040003318                Bool_Glob
 COMMON         0x000000004000331c       0x14 ./src/uart.o
                0x000000004000331c                UART0Buffer
                0x000000004000332c                UART0Status
 COMMON         0x0000000040003330        0x4 /usr/lib/gcc/arm-none-eabi/4.7.0/../../../../arm-none-eabi/lib/libg.a(lib_a-reent.o)
                0x0000000040003330                errno
                0x0000000040003334                . = ALIGN (0x4)
                0x0000000040003334                . = ALIGN (0x4)
                0x0000000040003334                __bss_end__ = .
                0x0000000040003334                PROVIDE (__bss_end, .)
                0x0000000040003334                end = .
                0x0000000040003334                _end = .
                0x0000000040003334                __end = .
                0x0000000040003334                __end__ = .

.heap           0x0000000040003334     0x2000 load address 0x0000000000008170
                0x0000000040003334                __heap_start__ = .
                0x0000000040003334                PROVIDE (__heap_start__, .)
                0x0000000040005334                . = (. + 0x2000)
 *fill*         0x0000000040003334     0x2000 00
                0x0000000040005334                __heap_end__ = .
                0x0000000040005334                PROVIDE (__heap_end__, .)
                0x0000000040005334                . = ALIGN (0x4)

.stack          0x0000000040005334      0x60c
 *(.stack)
 *fill*         0x0000000040005334        0xc 00
 .stack         0x0000000040005340      0x600 ./src/Startup.o
                0x0000000040005940                PROVIDE (_stack, .)
                0x0000000040005940                . = ALIGN (0x4)
                0x0000000040005940                stack_top = .

.stab
 *(.stab)

.stabstr
 *(.stabstr)

.stab.excl
 *(.stab.excl)

.stab.exclstr
 *(.stab.exclstr)

.stab.index
 *(.stab.index)

.stab.indexstr
 *(.stab.indexstr)

.comment        0x0000000000000000       0x22
 *(.comment)
 .comment       0x0000000000000000       0x11 ./src/benchmark.o
                                         0x12 (size before relaxing)
 .comment       0x0000000000000000       0x12 ./src/timer.o
 .comment       0x0000000000000000       0x12 ./src/uart.o
 .comment       0x0000000000000000       0x12 ./main.o
 .comment       0x0000000000000011       0x11 /usr/lib/gcc/arm-none-eabi/4.7.0/../../../../arm-none-eabi/lib/libg.a(lib_a-malloc.o)
                                         0x12 (size before relaxing)
 .comment       0x0000000000000000       0x12 /usr/lib/gcc/arm-none-eabi/4.7.0/../../../../arm-none-eabi/lib/libg.a(lib_a-mallocr.o)
 .comment       0x0000000000000000       0x12 /usr/lib/gcc/arm-none-eabi/4.7.0/../../../../arm-none-eabi/lib/libg.a(lib_a-mlock.o)
 .comment       0x0000000000000000       0x12 /usr/lib/gcc/arm-none-eabi/4.7.0/../../../../arm-none-eabi/lib/libg.a(lib_a-sbrkr.o)
 .comment       0x0000000000000000       0x12 /usr/lib/gcc/arm-none-eabi/4.7.0/../../../../arm-none-eabi/lib/libg.a(lib_a-strcmp.o)
 .comment       0x0000000000000000       0x12 /usr/lib/gcc/arm-none-eabi/4.7.0/../../../../arm-none-eabi/lib/libg.a(lib_a-strlen.o)
 .comment       0x0000000000000000       0x12 /usr/lib/gcc/arm-none-eabi/4.7.0/../../../../arm-none-eabi/lib/libg.a(lib_a-syscalls.o)
 .comment       0x0000000000000000       0x12 /usr/lib/gcc/arm-none-eabi/4.7.0/../../../../arm-none-eabi/lib/libg.a(lib_a-errno.o)
 .comment       0x0000000000000000       0x12 /usr/lib/gcc/arm-none-eabi/4.7.0/../../../../arm-none-eabi/lib/libg.a(lib_a-findfp.o)
 .comment       0x0000000000000000       0x12 /usr/lib/gcc/arm-none-eabi/4.7.0/../../../../arm-none-eabi/lib/libg.a(lib_a-freer.o)
 .comment       0x0000000000000000       0x12 /usr/lib/gcc/arm-none-eabi/4.7.0/../../../../arm-none-eabi/lib/libg.a(lib_a-fwalk.o)
 .comment       0x0000000000000000       0x12 /usr/lib/gcc/arm-none-eabi/4.7.0/../../../../arm-none-eabi/lib/libg.a(lib_a-impure.o)
 .comment       0x0000000000000000       0x12 /usr/lib/gcc/arm-none-eabi/4.7.0/../../../../arm-none-eabi/lib/libg.a(lib_a-memset.o)
 .comment       0x0000000000000000       0x12 /usr/lib/gcc/arm-none-eabi/4.7.0/../../../../arm-none-eabi/lib/libg.a(lib_a-reent.o)
 .comment       0x0000000000000000       0x12 /usr/lib/gcc/arm-none-eabi/4.7.0/../../../../arm-none-eabi/lib/libg.a(lib_a-stdio.o)
 .comment       0x0000000000000000       0x12 /usr/lib/gcc/arm-none-eabi/4.7.0/../../../../arm-none-eabi/lib/libg.a(lib_a-writer.o)
 .comment       0x0000000000000000       0x12 /usr/lib/gcc/arm-none-eabi/4.7.0/../../../../arm-none-eabi/lib/libg.a(lib_a-closer.o)
 .comment       0x0000000000000000       0x12 /usr/lib/gcc/arm-none-eabi/4.7.0/../../../../arm-none-eabi/lib/libg.a(lib_a-fclose.o)
 .comment       0x0000000000000000       0x12 /usr/lib/gcc/arm-none-eabi/4.7.0/../../../../arm-none-eabi/lib/libg.a(lib_a-fflush.o)
 .comment       0x0000000000000000       0x12 /usr/lib/gcc/arm-none-eabi/4.7.0/../../../../arm-none-eabi/lib/libg.a(lib_a-lseekr.o)
 .comment       0x0000000000000000       0x12 /usr/lib/gcc/arm-none-eabi/4.7.0/../../../../arm-none-eabi/lib/libg.a(lib_a-readr.o)

.ARM.attributes
                0x0000000000000000       0x30
 .ARM.attributes
                0x0000000000000000       0x24 ./src/Startup.o
 .ARM.attributes
                0x0000000000000024       0x34 ./src/benchmark.o
 .ARM.attributes
                0x0000000000000058       0x34 ./src/timer.o
 .ARM.attributes
                0x000000000000008c       0x34 ./src/uart.o
 .ARM.attributes
                0x00000000000000c0       0x34 ./main.o
 .ARM.attributes
                0x00000000000000f4       0x1a /usr/lib/gcc/arm-none-eabi/4.7.0/libgcc.a(_udivsi3.o)
 .ARM.attributes
                0x000000000000010e       0x18 /usr/lib/gcc/arm-none-eabi/4.7.0/libgcc.a(_dvmd_tls.o)
 .ARM.attributes
                0x0000000000000126       0x32 /usr/lib/gcc/arm-none-eabi/4.7.0/../../../../arm-none-eabi/lib/libg.a(lib_a-malloc.o)
 .ARM.attributes
                0x0000000000000158       0x32 /usr/lib/gcc/arm-none-eabi/4.7.0/../../../../arm-none-eabi/lib/libg.a(lib_a-mallocr.o)
 .ARM.attributes
                0x000000000000018a       0x32 /usr/lib/gcc/arm-none-eabi/4.7.0/../../../../arm-none-eabi/lib/libg.a(lib_a-mlock.o)
 .ARM.attributes
                0x00000000000001bc       0x32 /usr/lib/gcc/arm-none-eabi/4.7.0/../../../../arm-none-eabi/lib/libg.a(lib_a-sbrkr.o)
 .ARM.attributes
                0x00000000000001ee       0x32 /usr/lib/gcc/arm-none-eabi/4.7.0/../../../../arm-none-eabi/lib/libg.a(lib_a-strcmp.o)
 .ARM.attributes
                0x0000000000000220       0x32 /usr/lib/gcc/arm-none-eabi/4.7.0/../../../../arm-none-eabi/lib/libg.a(lib_a-strlen.o)
 .ARM.attributes
                0x0000000000000252       0x32 /usr/lib/gcc/arm-none-eabi/4.7.0/../../../../arm-none-eabi/lib/libg.a(lib_a-syscalls.o)
 .ARM.attributes
                0x0000000000000284       0x32 /usr/lib/gcc/arm-none-eabi/4.7.0/../../../../arm-none-eabi/lib/libg.a(lib_a-errno.o)
 .ARM.attributes
                0x00000000000002b6       0x32 /usr/lib/gcc/arm-none-eabi/4.7.0/../../../../arm-none-eabi/lib/libg.a(lib_a-findfp.o)
 .ARM.attributes
                0x00000000000002e8       0x32 /usr/lib/gcc/arm-none-eabi/4.7.0/../../../../arm-none-eabi/lib/libg.a(lib_a-freer.o)
 .ARM.attributes
                0x000000000000031a       0x32 /usr/lib/gcc/arm-none-eabi/4.7.0/../../../../arm-none-eabi/lib/libg.a(lib_a-fwalk.o)
 .ARM.attributes
                0x000000000000034c       0x32 /usr/lib/gcc/arm-none-eabi/4.7.0/../../../../arm-none-eabi/lib/libg.a(lib_a-impure.o)
 .ARM.attributes
                0x000000000000037e       0x32 /usr/lib/gcc/arm-none-eabi/4.7.0/../../../../arm-none-eabi/lib/libg.a(lib_a-memset.o)
 .ARM.attributes
                0x00000000000003b0       0x32 /usr/lib/gcc/arm-none-eabi/4.7.0/../../../../arm-none-eabi/lib/libg.a(lib_a-reent.o)
 .ARM.attributes
                0x00000000000003e2       0x32 /usr/lib/gcc/arm-none-eabi/4.7.0/../../../../arm-none-eabi/lib/libg.a(lib_a-stdio.o)
 .ARM.attributes
                0x0000000000000414       0x32 /usr/lib/gcc/arm-none-eabi/4.7.0/../../../../arm-none-eabi/lib/libg.a(lib_a-writer.o)
 .ARM.attributes
                0x0000000000000446       0x32 /usr/lib/gcc/arm-none-eabi/4.7.0/../../../../arm-none-eabi/lib/libg.a(lib_a-closer.o)
 .ARM.attributes
                0x0000000000000478       0x32 /usr/lib/gcc/arm-none-eabi/4.7.0/../../../../arm-none-eabi/lib/libg.a(lib_a-fclose.o)
 .ARM.attributes
                0x00000000000004aa       0x32 /usr/lib/gcc/arm-none-eabi/4.7.0/../../../../arm-none-eabi/lib/libg.a(lib_a-fflush.o)
 .ARM.attributes
                0x00000000000004dc       0x32 /usr/lib/gcc/arm-none-eabi/4.7.0/../../../../arm-none-eabi/lib/libg.a(lib_a-lseekr.o)
 .ARM.attributes
                0x000000000000050e       0x32 /usr/lib/gcc/arm-none-eabi/4.7.0/../../../../arm-none-eabi/lib/libg.a(lib_a-readr.o)

.debug
 *(.debug)

.line
 *(.line)

.debug_srcinfo
 *(.debug_srcinfo)

.debug_sfnames
 *(.debug_sfnames)

.debug_aranges  0x0000000000000000      0x348
 *(.debug_aranges)
 .debug_aranges
                0x0000000000000000       0x88 ./src/benchmark.o
 .debug_aranges
                0x0000000000000088       0x20 /usr/lib/gcc/arm-none-eabi/4.7.0/libgcc.a(_udivsi3.o)
 .debug_aranges
                0x00000000000000a8       0x20 /usr/lib/gcc/arm-none-eabi/4.7.0/libgcc.a(_dvmd_tls.o)
 .debug_aranges
                0x00000000000000c8       0x20 /usr/lib/gcc/arm-none-eabi/4.7.0/../../../../arm-none-eabi/lib/libg.a(lib_a-malloc.o)
 .debug_aranges
                0x00000000000000e8       0x20 /usr/lib/gcc/arm-none-eabi/4.7.0/../../../../arm-none-eabi/lib/libg.a(lib_a-mallocr.o)
 .debug_aranges
                0x0000000000000108       0x20 /usr/lib/gcc/arm-none-eabi/4.7.0/../../../../arm-none-eabi/lib/libg.a(lib_a-mlock.o)
 .debug_aranges
                0x0000000000000128       0x20 /usr/lib/gcc/arm-none-eabi/4.7.0/../../../../arm-none-eabi/lib/libg.a(lib_a-sbrkr.o)
 .debug_aranges
                0x0000000000000148       0x20 /usr/lib/gcc/arm-none-eabi/4.7.0/../../../../arm-none-eabi/lib/libg.a(lib_a-strcmp.o)
 .debug_aranges
                0x0000000000000168       0x20 /usr/lib/gcc/arm-none-eabi/4.7.0/../../../../arm-none-eabi/lib/libg.a(lib_a-strlen.o)
 .debug_aranges
                0x0000000000000188       0x20 /usr/lib/gcc/arm-none-eabi/4.7.0/../../../../arm-none-eabi/lib/libg.a(lib_a-syscalls.o)
 .debug_aranges
                0x00000000000001a8       0x20 /usr/lib/gcc/arm-none-eabi/4.7.0/../../../../arm-none-eabi/lib/libg.a(lib_a-errno.o)
 .debug_aranges
                0x00000000000001c8       0x20 /usr/lib/gcc/arm-none-eabi/4.7.0/../../../../arm-none-eabi/lib/libg.a(lib_a-findfp.o)
 .debug_aranges
                0x00000000000001e8       0x20 /usr/lib/gcc/arm-none-eabi/4.7.0/../../../../arm-none-eabi/lib/libg.a(lib_a-freer.o)
 .debug_aranges
                0x0000000000000208       0x20 /usr/lib/gcc/arm-none-eabi/4.7.0/../../../../arm-none-eabi/lib/libg.a(lib_a-fwalk.o)
 .debug_aranges
                0x0000000000000228       0x20 /usr/lib/gcc/arm-none-eabi/4.7.0/../../../../arm-none-eabi/lib/libg.a(lib_a-memset.o)
 .debug_aranges
                0x0000000000000248       0x20 /usr/lib/gcc/arm-none-eabi/4.7.0/../../../../arm-none-eabi/lib/libg.a(lib_a-reent.o)
 .debug_aranges
                0x0000000000000268       0x20 /usr/lib/gcc/arm-none-eabi/4.7.0/../../../../arm-none-eabi/lib/libg.a(lib_a-stdio.o)
 .debug_aranges
                0x0000000000000288       0x20 /usr/lib/gcc/arm-none-eabi/4.7.0/../../../../arm-none-eabi/lib/libg.a(lib_a-writer.o)
 .debug_aranges
                0x00000000000002a8       0x20 /usr/lib/gcc/arm-none-eabi/4.7.0/../../../../arm-none-eabi/lib/libg.a(lib_a-closer.o)
 .debug_aranges
                0x00000000000002c8       0x20 /usr/lib/gcc/arm-none-eabi/4.7.0/../../../../arm-none-eabi/lib/libg.a(lib_a-fclose.o)
 .debug_aranges
                0x00000000000002e8       0x20 /usr/lib/gcc/arm-none-eabi/4.7.0/../../../../arm-none-eabi/lib/libg.a(lib_a-fflush.o)
 .debug_aranges
                0x0000000000000308       0x20 /usr/lib/gcc/arm-none-eabi/4.7.0/../../../../arm-none-eabi/lib/libg.a(lib_a-lseekr.o)
 .debug_aranges
                0x0000000000000328       0x20 /usr/lib/gcc/arm-none-eabi/4.7.0/../../../../arm-none-eabi/lib/libg.a(lib_a-readr.o)

.debug_pubnames
 *(.debug_pubnames)

.debug_info     0x0000000000000000     0xf213
 *(.debug_info .gnu.linkonce.wi.*)
 .debug_info    0x0000000000000000     0x2448 ./src/benchmark.o
 .debug_info    0x0000000000002448       0x7d /usr/lib/gcc/arm-none-eabi/4.7.0/libgcc.a(_udivsi3.o)
 .debug_info    0x00000000000024c5       0x7d /usr/lib/gcc/arm-none-eabi/4.7.0/libgcc.a(_dvmd_tls.o)
 .debug_info    0x0000000000002542      0x999 /usr/lib/gcc/arm-none-eabi/4.7.0/../../../../arm-none-eabi/lib/libg.a(lib_a-malloc.o)
 .debug_info    0x0000000000002edb      0xd17 /usr/lib/gcc/arm-none-eabi/4.7.0/../../../../arm-none-eabi/lib/libg.a(lib_a-mallocr.o)
 .debug_info    0x0000000000003bf2      0x980 /usr/lib/gcc/arm-none-eabi/4.7.0/../../../../arm-none-eabi/lib/libg.a(lib_a-mlock.o)
 .debug_info    0x0000000000004572      0x99f /usr/lib/gcc/arm-none-eabi/4.7.0/../../../../arm-none-eabi/lib/libg.a(lib_a-sbrkr.o)
 .debug_info    0x0000000000004f11       0xe7 /usr/lib/gcc/arm-none-eabi/4.7.0/../../../../arm-none-eabi/lib/libg.a(lib_a-strcmp.o)
 .debug_info    0x0000000000004ff8       0xb1 /usr/lib/gcc/arm-none-eabi/4.7.0/../../../../arm-none-eabi/lib/libg.a(lib_a-strlen.o)
 .debug_info    0x00000000000050a9     0x1aea /usr/lib/gcc/arm-none-eabi/4.7.0/../../../../arm-none-eabi/lib/libg.a(lib_a-syscalls.o)
 .debug_info    0x0000000000006b93      0x956 /usr/lib/gcc/arm-none-eabi/4.7.0/../../../../arm-none-eabi/lib/libg.a(lib_a-errno.o)
 .debug_info    0x00000000000074e9      0xbe1 /usr/lib/gcc/arm-none-eabi/4.7.0/../../../../arm-none-eabi/lib/libg.a(lib_a-findfp.o)
 .debug_info    0x00000000000080ca      0xbfa /usr/lib/gcc/arm-none-eabi/4.7.0/../../../../arm-none-eabi/lib/libg.a(lib_a-freer.o)
 .debug_info    0x0000000000008cc4      0xa50 /usr/lib/gcc/arm-none-eabi/4.7.0/../../../../arm-none-eabi/lib/libg.a(lib_a-fwalk.o)
 .debug_info    0x0000000000009714      0x966 /usr/lib/gcc/arm-none-eabi/4.7.0/../../../../arm-none-eabi/lib/libg.a(lib_a-impure.o)
 .debug_info    0x000000000000a07a      0x114 /usr/lib/gcc/arm-none-eabi/4.7.0/../../../../arm-none-eabi/lib/libg.a(lib_a-memset.o)
 .debug_info    0x000000000000a18e      0xa56 /usr/lib/gcc/arm-none-eabi/4.7.0/../../../../arm-none-eabi/lib/libg.a(lib_a-reent.o)
 .debug_info    0x000000000000abe4      0xb38 /usr/lib/gcc/arm-none-eabi/4.7.0/../../../../arm-none-eabi/lib/libg.a(lib_a-stdio.o)
 .debug_info    0x000000000000b71c      0x9c9 /usr/lib/gcc/arm-none-eabi/4.7.0/../../../../arm-none-eabi/lib/libg.a(lib_a-writer.o)
 .debug_info    0x000000000000c0e5      0x98e /usr/lib/gcc/arm-none-eabi/4.7.0/../../../../arm-none-eabi/lib/libg.a(lib_a-closer.o)
 .debug_info    0x000000000000ca73      0x9bd /usr/lib/gcc/arm-none-eabi/4.7.0/../../../../arm-none-eabi/lib/libg.a(lib_a-fclose.o)
 .debug_info    0x000000000000d430      0xa6a /usr/lib/gcc/arm-none-eabi/4.7.0/../../../../arm-none-eabi/lib/libg.a(lib_a-fflush.o)
 .debug_info    0x000000000000de9a      0x9b7 /usr/lib/gcc/arm-none-eabi/4.7.0/../../../../arm-none-eabi/lib/libg.a(lib_a-lseekr.o)
 .debug_info    0x000000000000e851      0x9c2 /usr/lib/gcc/arm-none-eabi/4.7.0/../../../../arm-none-eabi/lib/libg.a(lib_a-readr.o)

.debug_abbrev   0x0000000000000000     0x2770
 *(.debug_abbrev)
 .debug_abbrev  0x0000000000000000      0x3b9 ./src/benchmark.o
 .debug_abbrev  0x00000000000003b9       0x14 /usr/lib/gcc/arm-none-eabi/4.7.0/libgcc.a(_udivsi3.o)
 .debug_abbrev  0x00000000000003cd       0x14 /usr/lib/gcc/arm-none-eabi/4.7.0/libgcc.a(_dvmd_tls.o)
 .debug_abbrev  0x00000000000003e1      0x196 /usr/lib/gcc/arm-none-eabi/4.7.0/../../../../arm-none-eabi/lib/libg.a(lib_a-malloc.o)
 .debug_abbrev  0x0000000000000577      0x222 /usr/lib/gcc/arm-none-eabi/4.7.0/../../../../arm-none-eabi/lib/libg.a(lib_a-mallocr.o)
 .debug_abbrev  0x0000000000000799      0x179 /usr/lib/gcc/arm-none-eabi/4.7.0/../../../../arm-none-eabi/lib/libg.a(lib_a-mlock.o)
 .debug_abbrev  0x0000000000000912      0x1b0 /usr/lib/gcc/arm-none-eabi/4.7.0/../../../../arm-none-eabi/lib/libg.a(lib_a-sbrkr.o)
 .debug_abbrev  0x0000000000000ac2       0x86 /usr/lib/gcc/arm-none-eabi/4.7.0/../../../../arm-none-eabi/lib/libg.a(lib_a-strcmp.o)
 .debug_abbrev  0x0000000000000b48       0x6d /usr/lib/gcc/arm-none-eabi/4.7.0/../../../../arm-none-eabi/lib/libg.a(lib_a-strlen.o)
 .debug_abbrev  0x0000000000000bb5      0x461 /usr/lib/gcc/arm-none-eabi/4.7.0/../../../../arm-none-eabi/lib/libg.a(lib_a-syscalls.o)
 .debug_abbrev  0x0000000000001016      0x16e /usr/lib/gcc/arm-none-eabi/4.7.0/../../../../arm-none-eabi/lib/libg.a(lib_a-errno.o)
 .debug_abbrev  0x0000000000001184      0x272 /usr/lib/gcc/arm-none-eabi/4.7.0/../../../../arm-none-eabi/lib/libg.a(lib_a-findfp.o)
 .debug_abbrev  0x00000000000013f6      0x1ea /usr/lib/gcc/arm-none-eabi/4.7.0/../../../../arm-none-eabi/lib/libg.a(lib_a-freer.o)
 .debug_abbrev  0x00000000000015e0      0x19b /usr/lib/gcc/arm-none-eabi/4.7.0/../../../../arm-none-eabi/lib/libg.a(lib_a-fwalk.o)
 .debug_abbrev  0x000000000000177b      0x166 /usr/lib/gcc/arm-none-eabi/4.7.0/../../../../arm-none-eabi/lib/libg.a(lib_a-impure.o)
 .debug_abbrev  0x00000000000018e1       0x9c /usr/lib/gcc/arm-none-eabi/4.7.0/../../../../arm-none-eabi/lib/libg.a(lib_a-memset.o)
 .debug_abbrev  0x000000000000197d      0x1e6 /usr/lib/gcc/arm-none-eabi/4.7.0/../../../../arm-none-eabi/lib/libg.a(lib_a-reent.o)
 .debug_abbrev  0x0000000000001b63      0x1e9 /usr/lib/gcc/arm-none-eabi/4.7.0/../../../../arm-none-eabi/lib/libg.a(lib_a-stdio.o)
 .debug_abbrev  0x0000000000001d4c      0x1a9 /usr/lib/gcc/arm-none-eabi/4.7.0/../../../../arm-none-eabi/lib/libg.a(lib_a-writer.o)
 .debug_abbrev  0x0000000000001ef5      0x1a4 /usr/lib/gcc/arm-none-eabi/4.7.0/../../../../arm-none-eabi/lib/libg.a(lib_a-closer.o)
 .debug_abbrev  0x0000000000002099      0x1b6 /usr/lib/gcc/arm-none-eabi/4.7.0/../../../../arm-none-eabi/lib/libg.a(lib_a-fclose.o)
 .debug_abbrev  0x000000000000224f      0x1ca /usr/lib/gcc/arm-none-eabi/4.7.0/../../../../arm-none-eabi/lib/libg.a(lib_a-fflush.o)
 .debug_abbrev  0x0000000000002419      0x1b3 /usr/lib/gcc/arm-none-eabi/4.7.0/../../../../arm-none-eabi/lib/libg.a(lib_a-lseekr.o)
 .debug_abbrev  0x00000000000025cc      0x1a4 /usr/lib/gcc/arm-none-eabi/4.7.0/../../../../arm-none-eabi/lib/libg.a(lib_a-readr.o)

.debug_line     0x0000000000000000     0x299c
 *(.debug_line)
 .debug_line    0x0000000000000000      0xa9d ./src/benchmark.o
 .debug_line    0x0000000000000a9d       0x80 /usr/lib/gcc/arm-none-eabi/4.7.0/libgcc.a(_udivsi3.o)
 .debug_line    0x0000000000000b1d       0x57 /usr/lib/gcc/arm-none-eabi/4.7.0/libgcc.a(_dvmd_tls.o)
 .debug_line    0x0000000000000b74      0x12e /usr/lib/gcc/arm-none-eabi/4.7.0/../../../../arm-none-eabi/lib/libg.a(lib_a-malloc.o)
 .debug_line    0x0000000000000ca2      0x29e /usr/lib/gcc/arm-none-eabi/4.7.0/../../../../arm-none-eabi/lib/libg.a(lib_a-mallocr.o)
 .debug_line    0x0000000000000f40       0xef /usr/lib/gcc/arm-none-eabi/4.7.0/../../../../arm-none-eabi/lib/libg.a(lib_a-mlock.o)
 .debug_line    0x000000000000102f      0x131 /usr/lib/gcc/arm-none-eabi/4.7.0/../../../../arm-none-eabi/lib/libg.a(lib_a-sbrkr.o)
 .debug_line    0x0000000000001160       0xb4 /usr/lib/gcc/arm-none-eabi/4.7.0/../../../../arm-none-eabi/lib/libg.a(lib_a-strcmp.o)
 .debug_line    0x0000000000001214       0xde /usr/lib/gcc/arm-none-eabi/4.7.0/../../../../arm-none-eabi/lib/libg.a(lib_a-strlen.o)
 .debug_line    0x00000000000012f2      0x3ae /usr/lib/gcc/arm-none-eabi/4.7.0/../../../../arm-none-eabi/lib/libg.a(lib_a-syscalls.o)
 .debug_line    0x00000000000016a0       0xf8 /usr/lib/gcc/arm-none-eabi/4.7.0/../../../../arm-none-eabi/lib/libg.a(lib_a-errno.o)
 .debug_line    0x0000000000001798      0x1f1 /usr/lib/gcc/arm-none-eabi/4.7.0/../../../../arm-none-eabi/lib/libg.a(lib_a-findfp.o)
 .debug_line    0x0000000000001989      0x1b5 /usr/lib/gcc/arm-none-eabi/4.7.0/../../../../arm-none-eabi/lib/libg.a(lib_a-freer.o)
 .debug_line    0x0000000000001b3e      0x16e /usr/lib/gcc/arm-none-eabi/4.7.0/../../../../arm-none-eabi/lib/libg.a(lib_a-fwalk.o)
 .debug_line    0x0000000000001cac       0xdd /usr/lib/gcc/arm-none-eabi/4.7.0/../../../../arm-none-eabi/lib/libg.a(lib_a-impure.o)
 .debug_line    0x0000000000001d89      0x14d /usr/lib/gcc/arm-none-eabi/4.7.0/../../../../arm-none-eabi/lib/libg.a(lib_a-memset.o)
 .debug_line    0x0000000000001ed6      0x135 /usr/lib/gcc/arm-none-eabi/4.7.0/../../../../arm-none-eabi/lib/libg.a(lib_a-reent.o)
 .debug_line    0x000000000000200b      0x14c /usr/lib/gcc/arm-none-eabi/4.7.0/../../../../arm-none-eabi/lib/libg.a(lib_a-stdio.o)
 .debug_line    0x0000000000002157      0x134 /usr/lib/gcc/arm-none-eabi/4.7.0/../../../../arm-none-eabi/lib/libg.a(lib_a-writer.o)
 .debug_line    0x000000000000228b      0x134 /usr/lib/gcc/arm-none-eabi/4.7.0/../../../../arm-none-eabi/lib/libg.a(lib_a-closer.o)
 .debug_line    0x00000000000023bf      0x16c /usr/lib/gcc/arm-none-eabi/4.7.0/../../../../arm-none-eabi/lib/libg.a(lib_a-fclose.o)
 .debug_line    0x000000000000252b      0x20a /usr/lib/gcc/arm-none-eabi/4.7.0/../../../../arm-none-eabi/lib/libg.a(lib_a-fflush.o)
 .debug_line    0x0000000000002735      0x134 /usr/lib/gcc/arm-none-eabi/4.7.0/../../../../arm-none-eabi/lib/libg.a(lib_a-lseekr.o)
 .debug_line    0x0000000000002869      0x133 /usr/lib/gcc/arm-none-eabi/4.7.0/../../../../arm-none-eabi/lib/libg.a(lib_a-readr.o)

.debug_frame    0x0000000000000000      0x9f0
 *(.debug_frame)
 .debug_frame   0x0000000000000000      0x158 ./src/benchmark.o
 .debug_frame   0x0000000000000158       0x20 /usr/lib/gcc/arm-none-eabi/4.7.0/libgcc.a(_udivsi3.o)
 .debug_frame   0x0000000000000178       0x40 /usr/lib/gcc/arm-none-eabi/4.7.0/../../../../arm-none-eabi/lib/libg.a(lib_a-malloc.o)
 .debug_frame   0x00000000000001b8       0x38 /usr/lib/gcc/arm-none-eabi/4.7.0/../../../../arm-none-eabi/lib/libg.a(lib_a-mallocr.o)
 .debug_frame   0x00000000000001f0       0x30 /usr/lib/gcc/arm-none-eabi/4.7.0/../../../../arm-none-eabi/lib/libg.a(lib_a-mlock.o)
 .debug_frame   0x0000000000000220       0x2c /usr/lib/gcc/arm-none-eabi/4.7.0/../../../../arm-none-eabi/lib/libg.a(lib_a-sbrkr.o)
 .debug_frame   0x000000000000024c       0x30 /usr/lib/gcc/arm-none-eabi/4.7.0/../../../../arm-none-eabi/lib/libg.a(lib_a-strcmp.o)
 .debug_frame   0x000000000000027c       0x20 /usr/lib/gcc/arm-none-eabi/4.7.0/../../../../arm-none-eabi/lib/libg.a(lib_a-strlen.o)
 .debug_frame   0x000000000000029c      0x2f4 /usr/lib/gcc/arm-none-eabi/4.7.0/../../../../arm-none-eabi/lib/libg.a(lib_a-syscalls.o)
 .debug_frame   0x0000000000000590       0x20 /usr/lib/gcc/arm-none-eabi/4.7.0/../../../../arm-none-eabi/lib/libg.a(lib_a-errno.o)
 .debug_frame   0x00000000000005b0      0x134 /usr/lib/gcc/arm-none-eabi/4.7.0/../../../../arm-none-eabi/lib/libg.a(lib_a-findfp.o)
 .debug_frame   0x00000000000006e4       0x50 /usr/lib/gcc/arm-none-eabi/4.7.0/../../../../arm-none-eabi/lib/libg.a(lib_a-freer.o)
 .debug_frame   0x0000000000000734       0x54 /usr/lib/gcc/arm-none-eabi/4.7.0/../../../../arm-none-eabi/lib/libg.a(lib_a-fwalk.o)
 .debug_frame   0x0000000000000788       0x28 /usr/lib/gcc/arm-none-eabi/4.7.0/../../../../arm-none-eabi/lib/libg.a(lib_a-memset.o)
 .debug_frame   0x00000000000007b0       0x68 /usr/lib/gcc/arm-none-eabi/4.7.0/../../../../arm-none-eabi/lib/libg.a(lib_a-reent.o)
 .debug_frame   0x0000000000000818       0x88 /usr/lib/gcc/arm-none-eabi/4.7.0/../../../../arm-none-eabi/lib/libg.a(lib_a-stdio.o)
 .debug_frame   0x00000000000008a0       0x2c /usr/lib/gcc/arm-none-eabi/4.7.0/../../../../arm-none-eabi/lib/libg.a(lib_a-writer.o)
 .debug_frame   0x00000000000008cc       0x2c /usr/lib/gcc/arm-none-eabi/4.7.0/../../../../arm-none-eabi/lib/libg.a(lib_a-closer.o)
 .debug_frame   0x00000000000008f8       0x3c /usr/lib/gcc/arm-none-eabi/4.7.0/../../../../arm-none-eabi/lib/libg.a(lib_a-fclose.o)
 .debug_frame   0x0000000000000934       0x64 /usr/lib/gcc/arm-none-eabi/4.7.0/../../../../arm-none-eabi/lib/libg.a(lib_a-fflush.o)
 .debug_frame   0x0000000000000998       0x2c /usr/lib/gcc/arm-none-eabi/4.7.0/../../../../arm-none-eabi/lib/libg.a(lib_a-lseekr.o)
 .debug_frame   0x00000000000009c4       0x2c /usr/lib/gcc/arm-none-eabi/4.7.0/../../../../arm-none-eabi/lib/libg.a(lib_a-readr.o)

.debug_str      0x0000000000000000     0x72fb
 *(.debug_str)
 .debug_str     0x0000000000000000     0x628d ./src/benchmark.o
                                       0x6391 (size before relaxing)
 .debug_str     0x000000000000628d      0x3dc /usr/lib/gcc/arm-none-eabi/4.7.0/../../../../arm-none-eabi/lib/libg.a(lib_a-malloc.o)
                                        0x4d8 (size before relaxing)
 .debug_str     0x0000000000006669      0x206 /usr/lib/gcc/arm-none-eabi/4.7.0/../../../../arm-none-eabi/lib/libg.a(lib_a-mallocr.o)
                                        0x6ad (size before relaxing)
 .debug_str     0x000000000000686f       0x6b /usr/lib/gcc/arm-none-eabi/4.7.0/../../../../arm-none-eabi/lib/libg.a(lib_a-mlock.o)
                                        0x4df (size before relaxing)
 .debug_str     0x00000000000068da       0x83 /usr/lib/gcc/arm-none-eabi/4.7.0/../../../../arm-none-eabi/lib/libg.a(lib_a-sbrkr.o)
                                        0x4cd (size before relaxing)
 .debug_str     0x000000000000695d       0x87 /usr/lib/gcc/arm-none-eabi/4.7.0/../../../../arm-none-eabi/lib/libg.a(lib_a-strcmp.o)
                                        0x123 (size before relaxing)
 .debug_str     0x00000000000069e4       0x48 /usr/lib/gcc/arm-none-eabi/4.7.0/../../../../arm-none-eabi/lib/libg.a(lib_a-strlen.o)
                                        0x119 (size before relaxing)
 .debug_str     0x0000000000006a2c      0x347 /usr/lib/gcc/arm-none-eabi/4.7.0/../../../../arm-none-eabi/lib/libg.a(lib_a-syscalls.o)
                                        0x7f7 (size before relaxing)
 .debug_str     0x0000000000006d73       0x6e /usr/lib/gcc/arm-none-eabi/4.7.0/../../../../arm-none-eabi/lib/libg.a(lib_a-errno.o)
                                        0x4be (size before relaxing)
 .debug_str     0x0000000000006de1      0x129 /usr/lib/gcc/arm-none-eabi/4.7.0/../../../../arm-none-eabi/lib/libg.a(lib_a-findfp.o)
                                        0x5b0 (size before relaxing)
 .debug_str     0x0000000000006f0a       0x3c /usr/lib/gcc/arm-none-eabi/4.7.0/../../../../arm-none-eabi/lib/libg.a(lib_a-freer.o)
                                        0x5ff (size before relaxing)
 .debug_str     0x0000000000006f46       0x5a /usr/lib/gcc/arm-none-eabi/4.7.0/../../../../arm-none-eabi/lib/libg.a(lib_a-fwalk.o)
                                        0x4db (size before relaxing)
 .debug_str     0x0000000000006fa0       0x44 /usr/lib/gcc/arm-none-eabi/4.7.0/../../../../arm-none-eabi/lib/libg.a(lib_a-impure.o)
                                        0x4d6 (size before relaxing)
 .debug_str     0x0000000000006fe4       0x7d /usr/lib/gcc/arm-none-eabi/4.7.0/../../../../arm-none-eabi/lib/libg.a(lib_a-memset.o)
                                        0x120 (size before relaxing)
 .debug_str     0x0000000000007061       0x71 /usr/lib/gcc/arm-none-eabi/4.7.0/../../../../arm-none-eabi/lib/libg.a(lib_a-reent.o)
                                        0x4fb (size before relaxing)
 .debug_str     0x00000000000070d2       0x6b /usr/lib/gcc/arm-none-eabi/4.7.0/../../../../arm-none-eabi/lib/libg.a(lib_a-stdio.o)
                                        0x4fd (size before relaxing)
 .debug_str     0x000000000000713d       0x4a /usr/lib/gcc/arm-none-eabi/4.7.0/../../../../arm-none-eabi/lib/libg.a(lib_a-writer.o)
                                        0x4ca (size before relaxing)
 .debug_str     0x0000000000007187       0x41 /usr/lib/gcc/arm-none-eabi/4.7.0/../../../../arm-none-eabi/lib/libg.a(lib_a-closer.o)
                                        0x4ba (size before relaxing)
 .debug_str     0x00000000000071c8       0x4e /usr/lib/gcc/arm-none-eabi/4.7.0/../../../../arm-none-eabi/lib/libg.a(lib_a-fclose.o)
                                        0x4d2 (size before relaxing)
 .debug_str     0x0000000000007216       0x65 /usr/lib/gcc/arm-none-eabi/4.7.0/../../../../arm-none-eabi/lib/libg.a(lib_a-fflush.o)
                                        0x503 (size before relaxing)
 .debug_str     0x000000000000727b       0x41 /usr/lib/gcc/arm-none-eabi/4.7.0/../../../../arm-none-eabi/lib/libg.a(lib_a-lseekr.o)
                                        0x4cf (size before relaxing)
 .debug_str     0x00000000000072bc       0x3f /usr/lib/gcc/arm-none-eabi/4.7.0/../../../../arm-none-eabi/lib/libg.a(lib_a-readr.o)
                                        0x4c8 (size before relaxing)

.debug_loc      0x0000000000000000     0x94a6
 *(.debug_loc)
 .debug_loc     0x0000000000000000     0x6bdd ./src/benchmark.o
 .debug_loc     0x0000000000006bdd       0x7c /usr/lib/gcc/arm-none-eabi/4.7.0/../../../../arm-none-eabi/lib/libg.a(lib_a-malloc.o)
 .debug_loc     0x0000000000006c59      0x8b3 /usr/lib/gcc/arm-none-eabi/4.7.0/../../../../arm-none-eabi/lib/libg.a(lib_a-mallocr.o)
 .debug_loc     0x000000000000750c       0x51 /usr/lib/gcc/arm-none-eabi/4.7.0/../../../../arm-none-eabi/lib/libg.a(lib_a-sbrkr.o)
 .debug_loc     0x000000000000755d       0x26 /usr/lib/gcc/arm-none-eabi/4.7.0/../../../../arm-none-eabi/lib/libg.a(lib_a-strcmp.o)
 .debug_loc     0x0000000000007583       0x13 /usr/lib/gcc/arm-none-eabi/4.7.0/../../../../arm-none-eabi/lib/libg.a(lib_a-strlen.o)
 .debug_loc     0x0000000000007596      0xcae /usr/lib/gcc/arm-none-eabi/4.7.0/../../../../arm-none-eabi/lib/libg.a(lib_a-syscalls.o)
 .debug_loc     0x0000000000008244      0x2c2 /usr/lib/gcc/arm-none-eabi/4.7.0/../../../../arm-none-eabi/lib/libg.a(lib_a-findfp.o)
 .debug_loc     0x0000000000008506      0x370 /usr/lib/gcc/arm-none-eabi/4.7.0/../../../../arm-none-eabi/lib/libg.a(lib_a-freer.o)
 .debug_loc     0x0000000000008876      0x190 /usr/lib/gcc/arm-none-eabi/4.7.0/../../../../arm-none-eabi/lib/libg.a(lib_a-fwalk.o)
 .debug_loc     0x0000000000008a06      0x1c7 /usr/lib/gcc/arm-none-eabi/4.7.0/../../../../arm-none-eabi/lib/libg.a(lib_a-memset.o)
 .debug_loc     0x0000000000008bcd      0x1dc /usr/lib/gcc/arm-none-eabi/4.7.0/../../../../arm-none-eabi/lib/libg.a(lib_a-reent.o)
 .debug_loc     0x0000000000008da9      0x223 /usr/lib/gcc/arm-none-eabi/4.7.0/../../../../arm-none-eabi/lib/libg.a(lib_a-stdio.o)
 .debug_loc     0x0000000000008fcc       0x98 /usr/lib/gcc/arm-none-eabi/4.7.0/../../../../arm-none-eabi/lib/libg.a(lib_a-writer.o)
 .debug_loc     0x0000000000009064       0x51 /usr/lib/gcc/arm-none-eabi/4.7.0/../../../../arm-none-eabi/lib/libg.a(lib_a-closer.o)
 .debug_loc     0x00000000000090b5       0xa3 /usr/lib/gcc/arm-none-eabi/4.7.0/../../../../arm-none-eabi/lib/libg.a(lib_a-fclose.o)
 .debug_loc     0x0000000000009158      0x21e /usr/lib/gcc/arm-none-eabi/4.7.0/../../../../arm-none-eabi/lib/libg.a(lib_a-fflush.o)
 .debug_loc     0x0000000000009376       0x98 /usr/lib/gcc/arm-none-eabi/4.7.0/../../../../arm-none-eabi/lib/libg.a(lib_a-lseekr.o)
 .debug_loc     0x000000000000940e       0x98 /usr/lib/gcc/arm-none-eabi/4.7.0/../../../../arm-none-eabi/lib/libg.a(lib_a-readr.o)

.debug_macinfo
 *(.debug_macinfo)

.debug_weaknames
 *(.debug_weaknames)

.debug_funcnames
 *(.debug_funcnames)

.debug_typenames
 *(.debug_typenames)

.debug_varnames
 *(.debug_varnames)
OUTPUT(dhrystone_gcc.elf elf32-littlearm)

.debug_ranges   0x0000000000000000     0x15b8
 .debug_ranges  0x0000000000000000     0x1320 ./src/benchmark.o
 .debug_ranges  0x0000000000001320       0x40 /usr/lib/gcc/arm-none-eabi/4.7.0/../../../../arm-none-eabi/lib/libg.a(lib_a-mallocr.o)
 .debug_ranges  0x0000000000001360      0x228 /usr/lib/gcc/arm-none-eabi/4.7.0/../../../../arm-none-eabi/lib/libg.a(lib_a-syscalls.o)
 .debug_ranges  0x0000000000001588       0x30 /usr/lib/gcc/arm-none-eabi/4.7.0/../../../../arm-none-eabi/lib/libg.a(lib_a-fflush.o)

.debug_macro    0x0000000000000000     0x189c
 .debug_macro   0x0000000000000000      0x97a ./src/benchmark.o
 .debug_macro   0x000000000000097a       0x2e ./src/benchmark.o
 .debug_macro   0x00000000000009a8       0x2e ./src/benchmark.o
 .debug_macro   0x00000000000009d6       0x94 ./src/benchmark.o
 .debug_macro   0x0000000000000a6a       0x10 ./src/benchmark.o
 .debug_macro   0x0000000000000a7a      0x100 ./src/benchmark.o
 .debug_macro   0x0000000000000b7a       0x3a ./src/benchmark.o
 .debug_macro   0x0000000000000bb4       0x52 ./src/benchmark.o
 .debug_macro   0x0000000000000c06       0x19 ./src/benchmark.o
 .debug_macro   0x0000000000000c1f      0x16d ./src/benchmark.o
 .debug_macro   0x0000000000000d8c       0x16 ./src/benchmark.o
 .debug_macro   0x0000000000000da2       0x29 ./src/benchmark.o
 .debug_macro   0x0000000000000dcb       0xac ./src/benchmark.o
 .debug_macro   0x0000000000000e77       0x12 ./src/benchmark.o
 .debug_macro   0x0000000000000e89       0x1c ./src/benchmark.o
 .debug_macro   0x0000000000000ea5       0x1c ./src/benchmark.o
 .debug_macro   0x0000000000000ec1      0x112 ./src/benchmark.o
 .debug_macro   0x0000000000000fd3      0x13c ./src/benchmark.o
 .debug_macro   0x000000000000110f       0x70 ./src/benchmark.o
 .debug_macro   0x000000000000117f       0x82 ./src/benchmark.o
 .debug_macro   0x0000000000001201      0x55b ./src/benchmark.o
 .debug_macro   0x000000000000175c       0xd6 ./src/benchmark.o
 .debug_macro   0x0000000000001832       0x6a ./src/benchmark.o
