ARM Linker, 4.1 [Build 894] [Evaluation]

==============================================================================

Section Cross References

    startup.o(STACK) refers (Special) to heapauxi.o(.text) for __use_two_region_memory
    startup.o(HEAP) refers (Special) to heapauxi.o(.text) for __use_two_region_memory
    startup.o(RESET) refers (Special) to heapauxi.o(.text) for __use_two_region_memory
    startup.o(RESET) refers to startup.o(STACK) for Stack_Top
    startup.o(RESET) refers to __main.o(!!!main) for __main
    startup.o(.text) refers (Special) to heapauxi.o(.text) for __use_two_region_memory
    startup.o(.text) refers to startup.o(HEAP) for Heap_Mem
    startup.o(.text) refers to startup.o(STACK) for Stack_Mem
    main.o(.text) refers to timer.o(.text) for init_counter_ms
    main.o(.text) refers to uart.o(.text) for UARTInit
    main.o(.text) refers to benchmark.o(.text) for start_benchmark
    uart.o(.text) refers to aeabi_sdivfast.o(.text_udiv) for __aeabi_uidivmod
    uart.o(.text) refers to strlen.o(.text) for strlen
    uart.o(.text) refers to uart.o(.bss) for .bss
    uart.o(.text) refers to uart.o(.data) for .data
    benchmark.o(.text) refers to strcmpfast.o(.text) for strcmp
    benchmark.o(.text) refers to h1_alloc.o(.text) for malloc
    benchmark.o(.text) refers to rt_memcpy_w.o(.text) for __aeabi_memcpy4
    benchmark.o(.text) refers to uart.o(.text) for puts_UART
    benchmark.o(.text) refers to timer.o(.text) for reset_counter
    benchmark.o(.text) refers to aeabi_sdivfast.o(.text) for __aeabi_idivmod
    benchmark.o(.text) refers to benchmark.o(.constdata) for .constdata
    benchmark.o(.text) refers to benchmark.o(.data) for .data
    benchmark.o(.text) refers to benchmark.o(.bss) for .bss
    malloc.o(.text) refers (Special) to hguard.o(.text) for __heap$guard
    malloc.o(.text) refers (Special) to init_alloc.o(.text) for _init_alloc
    malloc.o(.text) refers to rt_heap_descriptor_intlibspace.o(.text) for __rt_heap_descriptor
    malloc.o(.text) refers to heapstubs.o(.text) for __Heap_Alloc
    h1_alloc.o(.text) refers (Special) to h1_init.o(.text) for __Heap_Initialize
    h1_alloc.o(.text) refers to rt_heap_descriptor_intlibspace.o(.text) for __rt_heap_descriptor
    h1_alloc.o(.text) refers to init_alloc.o(.text) for __Heap_Full
    h1_alloc_mt.o(.text) refers (Special) to h1_init.o(.text) for __Heap_Initialize
    h1_alloc_mt.o(.text) refers to init_alloc.o(.text) for __Heap_Full
    h1_alloc_mt.o(.text) refers to rt_heap_descriptor_intlibspace.o(.text) for __rt_heap_descriptor
    heap2.o(i._FDIterate) refers to heap2.o(.constdata) for .constdata
    heap2.o(i.___Heap_ProvideMemory$realtime) refers to fdtree.o(i._FDTree_Delete) for _FDTree_Delete
    heap2.o(i.___Heap_ProvideMemory$realtime) refers to fdtree.o(i._FDTree_Insert) for _FDTree_Insert
    heap2.o(i.___Heap_Stats$realtime) refers to heap2.o(i._Heap2_StatsIterate) for _Heap2_StatsIterate
    heap2.o(i.___Heap_Stats$realtime) refers to aeabi_sdivfast.o(.text_udiv) for __aeabi_uidivmod
    heap2.o(i.___Heap_Valid$realtime) refers to heap2.o(i._FDIterate) for _FDIterate
    heap2.o(i.___Heap_Valid$realtime) refers to heap2.o(.constdata) for .constdata
    heap2.o(i._free$realtime) refers to rt_heap_descriptor_intlibspace.o(.text) for __rt_heap_descriptor
    heap2.o(i._free$realtime) refers to fdtree.o(i._FDTree_Delete) for _FDTree_Delete
    heap2.o(i._free$realtime) refers to fdtree.o(i._FDTree_Insert) for _FDTree_Insert
    heap2.o(i._malloc$realtime) refers to rt_heap_descriptor_intlibspace.o(.text) for __rt_heap_descriptor
    heap2.o(i._malloc$realtime) refers to fdtree.o(i._FDTree_FindFirst) for _FDTree_FindFirst
    heap2.o(i._malloc$realtime) refers to init_alloc.o(.text) for __Heap_Full
    heap2.o(i._malloc$realtime) refers to fdtree.o(i._FDTree_RemoveNode) for _FDTree_RemoveNode
    heap2.o(i._malloc$realtime) refers to fdtree.o(i._FDTree_Insert) for _FDTree_Insert
    heap2.o(i._posix_memalign$realtime) refers to rt_heap_descriptor_intlibspace.o(.text) for __rt_heap_descriptor
    heap2.o(i._posix_memalign$realtime) refers to fdtree.o(i._FDTree_FindFirst) for _FDTree_FindFirst
    heap2.o(i._posix_memalign$realtime) refers to init_alloc.o(.text) for __Heap_Full
    heap2.o(i._posix_memalign$realtime) refers to fdtree.o(i._FDTree_RemoveNode) for _FDTree_RemoveNode
    heap2.o(i._posix_memalign$realtime) refers to fdtree.o(i._FDTree_Insert) for _FDTree_Insert
    heap2.o(i._realloc$realtime) refers to rt_heap_descriptor_intlibspace.o(.text) for __rt_heap_descriptor
    heap2.o(i._realloc$realtime) refers to h1_free.o(.text) for free
    heap2.o(i._realloc$realtime) refers to h1_alloc.o(.text) for malloc
    heap2.o(i._realloc$realtime) refers to fdtree.o(i._FDTree_Delete) for _FDTree_Delete
    heap2.o(i._realloc$realtime) refers to fdtree.o(i._FDTree_Insert) for _FDTree_Insert
    heap2.o(i._realloc$realtime) refers to rt_memcpy_w.o(.text) for __aeabi_memcpy4
    heap2mt.o(i._FDIterate) refers to heap2mt.o(.constdata) for .constdata
    heap2mt.o(i.___Heap_Initialize$realtime$concurrent) refers to mutex_dummy.o(.text) for _mutex_initialize
    heap2mt.o(i.___Heap_ProvideMemory$realtime$concurrent) refers to fdtree.o(i._FDTree_Delete) for _FDTree_Delete
    heap2mt.o(i.___Heap_ProvideMemory$realtime$concurrent) refers to fdtree.o(i._FDTree_Insert) for _FDTree_Insert
    heap2mt.o(i.___Heap_Stats$realtime$concurrent) refers to heap2mt.o(i._Heap2_StatsIterate) for _Heap2_StatsIterate
    heap2mt.o(i.___Heap_Stats$realtime$concurrent) refers to aeabi_sdivfast.o(.text_udiv) for __aeabi_uidivmod
    heap2mt.o(i.___Heap_Valid$realtime$concurrent) refers to heap2mt.o(i._FDIterate) for _FDIterate
    heap2mt.o(i.___Heap_Valid$realtime$concurrent) refers to heap2mt.o(.constdata) for .constdata
    heap2mt.o(i._free$realtime$concurrent) refers to rt_heap_descriptor_intlibspace.o(.text) for __rt_heap_descriptor
    heap2mt.o(i._free$realtime$concurrent) refers to fdtree.o(i._FDTree_Delete) for _FDTree_Delete
    heap2mt.o(i._free$realtime$concurrent) refers to fdtree.o(i._FDTree_Insert) for _FDTree_Insert
    heap2mt.o(i._malloc$realtime$concurrent) refers to rt_heap_descriptor_intlibspace.o(.text) for __rt_heap_descriptor
    heap2mt.o(i._malloc$realtime$concurrent) refers to fdtree.o(i._FDTree_FindFirst) for _FDTree_FindFirst
    heap2mt.o(i._malloc$realtime$concurrent) refers to init_alloc.o(.text) for __Heap_Full
    heap2mt.o(i._malloc$realtime$concurrent) refers to fdtree.o(i._FDTree_RemoveNode) for _FDTree_RemoveNode
    heap2mt.o(i._malloc$realtime$concurrent) refers to fdtree.o(i._FDTree_Insert) for _FDTree_Insert
    heap2mt.o(i._posix_memalign$realtime$concurrent) refers to rt_heap_descriptor_intlibspace.o(.text) for __rt_heap_descriptor
    heap2mt.o(i._posix_memalign$realtime$concurrent) refers to fdtree.o(i._FDTree_FindFirst) for _FDTree_FindFirst
    heap2mt.o(i._posix_memalign$realtime$concurrent) refers to init_alloc.o(.text) for __Heap_Full
    heap2mt.o(i._posix_memalign$realtime$concurrent) refers to fdtree.o(i._FDTree_RemoveNode) for _FDTree_RemoveNode
    heap2mt.o(i._posix_memalign$realtime$concurrent) refers to fdtree.o(i._FDTree_Insert) for _FDTree_Insert
    heap2mt.o(i._realloc$realtime$concurrent) refers to rt_heap_descriptor_intlibspace.o(.text) for __rt_heap_descriptor
    heap2mt.o(i._realloc$realtime$concurrent) refers to h1_free.o(.text) for free
    heap2mt.o(i._realloc$realtime$concurrent) refers to h1_alloc.o(.text) for malloc
    heap2mt.o(i._realloc$realtime$concurrent) refers to fdtree.o(i._FDTree_Delete) for _FDTree_Delete
    heap2mt.o(i._realloc$realtime$concurrent) refers to fdtree.o(i._FDTree_Insert) for _FDTree_Insert
    heap2mt.o(i._realloc$realtime$concurrent) refers to rt_memcpy_w.o(.text) for __aeabi_memcpy4
    aeabi_sdivfast.o(.text_udiv) refers to aeabi_sdivfast.o(.text) for __arm_div2
    aeabi_sdivfast_div0.o(.text_udiv) refers to aeabi_sdivfast_div0.o(.text) for __arm_div2
    __main.o(!!!main) refers to rtentry.o(.ARM.Collect$$rtentry$$00000000) for __rt_entry
    rtentry.o(.ARM.Collect$$rtentry$$00000000) refers (Special) to rtentry2.o(.ARM.Collect$$rtentry$$0000000A) for __rt_entry_li
    rtentry.o(.ARM.Collect$$rtentry$$00000000) refers (Special) to rtentry2.o(.ARM.Collect$$rtentry$$0000000D) for __rt_entry_main
    rtentry.o(.ARM.Collect$$rtentry$$00000000) refers (Special) to rtentry2.o(.ARM.Collect$$rtentry$$0000000C) for __rt_entry_postli_1
    rtentry.o(.ARM.Collect$$rtentry$$00000000) refers (Special) to rtentry2.o(.ARM.Collect$$rtentry$$00000009) for __rt_entry_postsh_1
    rtentry.o(.ARM.Collect$$rtentry$$00000000) refers (Special) to rtentry2.o(.ARM.Collect$$rtentry$$00000002) for __rt_entry_presh_1
    rtentry.o(.ARM.Collect$$rtentry$$00000000) refers (Special) to rtentry4.o(.ARM.Collect$$rtentry$$00000004) for __rt_entry_sh
    aeabi_idiv0_sigfpe.o(.text) refers to rt_div0.o(.text) for __rt_div0
    rt_heap_descriptor.o(.text) refers to rt_heap_descriptor.o(.bss) for __rt_heap_descriptor_data
    rt_heap_descriptor_intlibspace.o(.text) refers to libspace.o(.bss) for __libspace_start
    init_alloc.o(.text) refers (Special) to hguard.o(.text) for __heap$guard
    init_alloc.o(.text) refers (Special) to libinit2.o(.ARM.Collect$$libinit$$00000001) for __rt_lib_init_heap_2
    init_alloc.o(.text) refers (Special) to maybetermalloc1.o(.emb_text) for _maybe_terminate_alloc
    init_alloc.o(.text) refers to h1_extend.o(.text) for __Heap_ProvideMemory
    init_alloc.o(.text) refers to defsig_rtmem_outer.o(.text) for __rt_SIGRTMEM
    init_alloc.o(.text) refers to rt_heap_descriptor_intlibspace.o(.text) for __rt_heap_descriptor
    init_alloc.o(.text) refers to h1_init.o(.text) for __Heap_Initialize
    free.o(.text) refers (Special) to hguard.o(.text) for __heap$guard
    free.o(.text) refers to rt_heap_descriptor_intlibspace.o(.text) for __rt_heap_descriptor
    free.o(.text) refers to heapstubs.o(.text) for __Heap_Free
    h1_free.o(.text) refers to rt_heap_descriptor_intlibspace.o(.text) for __rt_heap_descriptor
    h1_init_mt.o(.text) refers to mutex_dummy.o(.text) for _mutex_initialize
    h1_free_mt.o(.text) refers to rt_heap_descriptor_intlibspace.o(.text) for __rt_heap_descriptor
    _get_argv.o(.text) refers (Special) to hrguard.o(.text) for __heap_region$guard
    _get_argv.o(.text) refers to h1_alloc.o(.text) for malloc
    _get_argv.o(.text) refers to defsig_rtmem_outer.o(.text) for __rt_SIGRTMEM
    _get_argv.o(.text) refers to sys_command.o(.text) for _sys_command_string
    libinit2.o(.ARM.Collect$$libinit$$00000001) refers (Weak) to init_alloc.o(.text) for _init_alloc
    libinit2.o(.ARM.Collect$$libinit$$0000000C) refers to libinit2.o(.ARM.Collect$$libinit$$0000000B) for .ARM.Collect$$libinit$$0000000B
    libinit2.o(.ARM.Collect$$libinit$$0000000E) refers to libinit2.o(.ARM.Collect$$libinit$$0000000B) for .ARM.Collect$$libinit$$0000000B
    libinit2.o(.ARM.Collect$$libinit$$00000010) refers to libinit2.o(.ARM.Collect$$libinit$$0000000B) for .ARM.Collect$$libinit$$0000000B
    libinit2.o(.ARM.Collect$$libinit$$00000012) refers to libinit2.o(.ARM.Collect$$libinit$$0000000B) for .ARM.Collect$$libinit$$0000000B
    libinit2.o(.ARM.Collect$$libinit$$00000014) refers to libinit2.o(.ARM.Collect$$libinit$$0000000B) for .ARM.Collect$$libinit$$0000000B
    libinit2.o(.ARM.Collect$$libinit$$00000022) refers to argv_veneer.o(.emb_text) for __ARM_argv_veneer
    libinit2.o(.ARM.Collect$$libinit$$00000023) refers to argv_veneer.o(.emb_text) for __ARM_argv_veneer
    sys_command.o(.text) refers (Special) to use_no_semi.o(.text) for __I$use$semihosting
    sys_command.o(.text) refers (Special) to indicate_semi.o(.text) for __semihosting_library_function
    libspace.o(.text) refers to libspace.o(.bss) for __libspace_start
    rtentry2.o(.ARM.Collect$$rtentry$$00000008) refers to boardinit2.o(.text) for _platform_post_stackheap_init
    rtentry2.o(.ARM.Collect$$rtentry$$0000000A) refers to libinit.o(.ARM.Collect$$libinit$$00000000) for __rt_lib_init
    rtentry2.o(.ARM.Collect$$rtentry$$0000000B) refers to boardinit3.o(.text) for _platform_post_lib_init
    rtentry2.o(.ARM.Collect$$rtentry$$0000000D) refers to main.o(.text) for main
    rtentry2.o(.ARM.Collect$$rtentry$$0000000D) refers to exit.o(.text) for exit
    rtentry2.o(.ARM.exidx) refers to rtentry2.o(.ARM.Collect$$rtentry$$00000001) for .ARM.Collect$$rtentry$$00000001
    rtentry2.o(.ARM.exidx) refers to rtentry2.o(.ARM.Collect$$rtentry$$00000008) for .ARM.Collect$$rtentry$$00000008
    rtentry2.o(.ARM.exidx) refers to rtentry2.o(.ARM.Collect$$rtentry$$0000000A) for .ARM.Collect$$rtentry$$0000000A
    rtentry2.o(.ARM.exidx) refers to rtentry2.o(.ARM.Collect$$rtentry$$0000000B) for .ARM.Collect$$rtentry$$0000000B
    rtentry2.o(.ARM.exidx) refers to rtentry2.o(.ARM.Collect$$rtentry$$0000000D) for .ARM.Collect$$rtentry$$0000000D
    rtentry4.o(.ARM.Collect$$rtentry$$00000004) refers to sys_stackheap_outer.o(.text) for __user_setup_stackheap
    rtentry4.o(.ARM.exidx) refers to rtentry4.o(.ARM.Collect$$rtentry$$00000004) for .ARM.Collect$$rtentry$$00000004
    rt_div0.o(.text) refers to defsig_fpe_outer.o(.text) for __rt_SIGFPE
    maybetermalloc2.o(.emb_text) refers (Special) to term_alloc.o(.text) for _terminate_alloc
    h1_extend.o(.text) refers to h1_free.o(.text) for free
    h1_extend_mt.o(.text) refers to h1_free_mt.o(.text) for _free_internal
    defsig_rtmem_outer.o(.text) refers to defsig_rtmem_inner.o(.text) for __rt_SIGRTMEM_inner
    defsig_rtmem_outer.o(.text) refers to defsig_exit.o(.text) for __sig_exit
    defsig_rtmem_formal.o(.text) refers to rt_raise.o(.text) for __rt_raise
    heapauxa.o(.text) refers to heapauxa.o(.data) for .data
    argv_veneer.o(.emb_text) refers to no_argv.o(.text) for __ARM_get_argv
    sys_stackheap_outer.o(.text) refers to libspace.o(.text) for __user_perproc_libspace
    sys_stackheap_outer.o(.text) refers to startup.o(.text) for __user_initial_stackheap
    rt_raise.o(.text) refers to __raise.o(.text) for __raise
    rt_raise.o(.text) refers to sys_exit.o(.text) for _sys_exit
    term_alloc.o(.text) refers (Special) to libshutdown2.o(.ARM.Collect$$libshutdown$$0000000D) for __rt_lib_shutdown_heap_2
    term_alloc.o(.text) refers to rt_heap_descriptor_intlibspace.o(.text) for __rt_heap_descriptor
    term_alloc.o(.text) refers to h1_final.o(.text) for __Heap_Finalize
    exit.o(.text) refers to rtexit.o(.ARM.Collect$$rtexit$$00000000) for __rt_exit
    defsig_exit.o(.text) refers to sys_exit.o(.text) for _sys_exit
    defsig_fpe_outer.o(.text) refers to defsig_fpe_inner.o(.text) for __rt_SIGFPE_inner
    defsig_fpe_outer.o(.text) refers to defsig_exit.o(.text) for __sig_exit
    defsig_fpe_formal.o(.text) refers to rt_raise.o(.text) for __rt_raise
    defsig_rtmem_inner.o(.text) refers to defsig_general.o(.text) for __default_signal_display
    _get_argv_nomalloc.o(.text) refers (Special) to hrguard.o(.text) for __heap_region$guard
    _get_argv_nomalloc.o(.text) refers to defsig_rtmem_outer.o(.text) for __rt_SIGRTMEM
    _get_argv_nomalloc.o(.text) refers to sys_command.o(.text) for _sys_command_string
    libinit.o(.ARM.Collect$$libinit$$00000000) refers (Special) to libinit2.o(.ARM.Collect$$libinit$$0000002A) for __rt_lib_init_alloca_1
    libinit.o(.ARM.Collect$$libinit$$00000000) refers (Special) to libinit2.o(.ARM.Collect$$libinit$$00000028) for __rt_lib_init_argv_1
    libinit.o(.ARM.Collect$$libinit$$00000000) refers (Special) to libinit2.o(.ARM.Collect$$libinit$$00000017) for __rt_lib_init_atexit_1
    libinit.o(.ARM.Collect$$libinit$$00000000) refers (Special) to libinit2.o(.ARM.Collect$$libinit$$0000001D) for __rt_lib_init_clock_1
    libinit.o(.ARM.Collect$$libinit$$00000000) refers (Special) to libinit2.o(.ARM.Collect$$libinit$$0000002E) for __rt_lib_init_cpp_1
    libinit.o(.ARM.Collect$$libinit$$00000000) refers (Special) to libinit2.o(.ARM.Collect$$libinit$$0000002C) for __rt_lib_init_exceptions_1
    libinit.o(.ARM.Collect$$libinit$$00000000) refers (Special) to libinit2.o(.ARM.Collect$$libinit$$0000001B) for __rt_lib_init_fp_trap_1
    libinit.o(.ARM.Collect$$libinit$$00000000) refers (Special) to libinit2.o(.ARM.Collect$$libinit$$0000001F) for __rt_lib_init_getenv_1
    libinit.o(.ARM.Collect$$libinit$$00000000) refers (Special) to libinit2.o(.ARM.Collect$$libinit$$00000006) for __rt_lib_init_heap_1
    libinit.o(.ARM.Collect$$libinit$$00000000) refers (Special) to libinit2.o(.ARM.Collect$$libinit$$0000000D) for __rt_lib_init_lc_collate_1
    libinit.o(.ARM.Collect$$libinit$$00000000) refers (Special) to libinit2.o(.ARM.Collect$$libinit$$0000000F) for __rt_lib_init_lc_ctype_1
    libinit.o(.ARM.Collect$$libinit$$00000000) refers (Special) to libinit2.o(.ARM.Collect$$libinit$$00000011) for __rt_lib_init_lc_monetary_1
    libinit.o(.ARM.Collect$$libinit$$00000000) refers (Special) to libinit2.o(.ARM.Collect$$libinit$$00000013) for __rt_lib_init_lc_numeric_1
    libinit.o(.ARM.Collect$$libinit$$00000000) refers (Special) to libinit2.o(.ARM.Collect$$libinit$$00000015) for __rt_lib_init_lc_time_1
    libinit.o(.ARM.Collect$$libinit$$00000000) refers (Special) to libinit2.o(.ARM.Collect$$libinit$$0000000A) for __rt_lib_init_rand_1
    libinit.o(.ARM.Collect$$libinit$$00000000) refers (Special) to libinit2.o(.ARM.Collect$$libinit$$0000002F) for __rt_lib_init_return
    libinit.o(.ARM.Collect$$libinit$$00000000) refers (Special) to libinit2.o(.ARM.Collect$$libinit$$00000019) for __rt_lib_init_signal_1
    libinit.o(.ARM.Collect$$libinit$$00000000) refers (Special) to libinit2.o(.ARM.Collect$$libinit$$00000021) for __rt_lib_init_stdio_1
    libinit.o(.ARM.Collect$$libinit$$00000000) refers (Special) to libinit2.o(.ARM.Collect$$libinit$$00000008) for __rt_lib_init_user_alloc_1
    libinit.o(.ARM.Collect$$libinit$$00000000) refers to fpinit.o(x$fpl$fpinit) for _fp_init
    sys_exit.o(.text) refers (Special) to use_no_semi.o(.text) for __I$use$semihosting
    sys_exit.o(.text) refers (Special) to indicate_semi.o(.text) for __semihosting_library_function
    rtexit.o(.ARM.Collect$$rtexit$$00000000) refers (Special) to rtexit2.o(.ARM.Collect$$rtexit$$00000004) for __rt_exit_exit
    rtexit.o(.ARM.Collect$$rtexit$$00000000) refers (Special) to rtexit2.o(.ARM.Collect$$rtexit$$00000003) for __rt_exit_ls
    rtexit.o(.ARM.Collect$$rtexit$$00000000) refers (Special) to rtexit2.o(.ARM.Collect$$rtexit$$00000002) for __rt_exit_prels_1
    rtexit.o(.ARM.exidx) refers (Special) to rtexit2.o(.ARM.Collect$$rtexit$$00000004) for __rt_exit_exit
    rtexit.o(.ARM.exidx) refers (Special) to rtexit2.o(.ARM.Collect$$rtexit$$00000003) for __rt_exit_ls
    rtexit.o(.ARM.exidx) refers (Special) to rtexit2.o(.ARM.Collect$$rtexit$$00000002) for __rt_exit_prels_1
    rtexit.o(.ARM.exidx) refers to rtexit.o(.ARM.Collect$$rtexit$$00000000) for .ARM.Collect$$rtexit$$00000000
    __raise.o(.text) refers to defsig.o(CL$$defsig) for __default_signal_handler
    defsig_general.o(.text) refers to sys_wrch.o(.text) for _ttywrch
    defsig_fpe_inner.o(.text) refers to defsig_general.o(.text) for __default_signal_display
    libshutdown2.o(.ARM.Collect$$libshutdown$$0000000C) refers (Weak) to term_alloc.o(.text) for _terminate_alloc
    fpinit.o(x$fpl$fpinit) refers to rt_fp_status_addr_intlibspace.o(.text) for __rt_fp_status_addr
    sys_wrch.o(.text) refers (Special) to use_no_semi.o(.text) for __I$use$semihosting
    sys_wrch.o(.text) refers (Special) to indicate_semi.o(.text) for __semihosting_library_function
    rtexit2.o(.ARM.Collect$$rtexit$$00000003) refers to libshutdown.o(.ARM.Collect$$libshutdown$$00000000) for __rt_lib_shutdown
    rtexit2.o(.ARM.Collect$$rtexit$$00000004) refers to sys_exit.o(.text) for _sys_exit
    rtexit2.o(.ARM.exidx) refers to rtexit2.o(.ARM.Collect$$rtexit$$00000001) for .ARM.Collect$$rtexit$$00000001
    rtexit2.o(.ARM.exidx) refers to rtexit2.o(.ARM.Collect$$rtexit$$00000003) for .ARM.Collect$$rtexit$$00000003
    rtexit2.o(.ARM.exidx) refers to rtexit2.o(.ARM.Collect$$rtexit$$00000004) for .ARM.Collect$$rtexit$$00000004
    rt_fp_status_addr.o(.text) refers to rt_fp_status_addr.o(.bss) for __rt_fp_status_addr_data
    rt_fp_status_addr_intlibspace.o(.text) refers to libspace.o(.bss) for __libspace_start
    defsig.o(CL$$defsig) refers to defsig_fpe_inner.o(.text) for __rt_SIGFPE_inner
    defsig.o(CL$$defsig) refers to defsig_rtmem_inner.o(.text) for __rt_SIGRTMEM_inner
    defsig_abrt_inner.o(.text) refers to defsig_general.o(.text) for __default_signal_display
    defsig_rtred_inner.o(.text) refers to defsig_general.o(.text) for __default_signal_display
    defsig_stak_inner.o(.text) refers to defsig_general.o(.text) for __default_signal_display
    defsig_pvfn_inner.o(.text) refers to defsig_general.o(.text) for __default_signal_display
    defsig_cppl_inner.o(.text) refers to defsig_general.o(.text) for __default_signal_display
    defsig_segv_inner.o(.text) refers to defsig_general.o(.text) for __default_signal_display
    defsig_other.o(.text) refers to defsig_general.o(.text) for __default_signal_display
    libshutdown.o(.ARM.Collect$$libshutdown$$00000000) refers (Special) to libshutdown2.o(.ARM.Collect$$libshutdown$$00000006) for __rt_lib_shutdown_fp_trap_1
    libshutdown.o(.ARM.Collect$$libshutdown$$00000000) refers (Special) to libshutdown2.o(.ARM.Collect$$libshutdown$$0000000E) for __rt_lib_shutdown_heap_1
    libshutdown.o(.ARM.Collect$$libshutdown$$00000000) refers (Special) to libshutdown2.o(.ARM.Collect$$libshutdown$$0000000F) for __rt_lib_shutdown_return
    libshutdown.o(.ARM.Collect$$libshutdown$$00000000) refers (Special) to libshutdown2.o(.ARM.Collect$$libshutdown$$00000009) for __rt_lib_shutdown_signal_1
    libshutdown.o(.ARM.Collect$$libshutdown$$00000000) refers (Special) to libshutdown2.o(.ARM.Collect$$libshutdown$$00000003) for __rt_lib_shutdown_stdio_1
    libshutdown.o(.ARM.Collect$$libshutdown$$00000000) refers (Special) to libshutdown2.o(.ARM.Collect$$libshutdown$$0000000B) for __rt_lib_shutdown_user_alloc_1


==============================================================================

Removing Unused input sections from the image.

    Removing lcd.o(.text), (988 bytes).
    Removing benchmark.o(.data), (4 bytes).

2 unused section(s) (total 992 bytes) removed from the image.

==============================================================================

Image Symbol Table

    Local Symbols

    Symbol Name                              Value     Ov Type        Size  Object(Section)

    RESET                                    0x00000000   Section      272  startup.o(RESET)
    ../../angel/boardlib.s                   0x00000000   Number         0  boardinit1.o ABSOLUTE
    ../../angel/boardlib.s                   0x00000000   Number         0  boardshut.o ABSOLUTE
    ../../angel/boardlib.s                   0x00000000   Number         0  boardinit2.o ABSOLUTE
    ../../angel/boardlib.s                   0x00000000   Number         0  boardinit3.o ABSOLUTE
    ../../angel/handlers.s                   0x00000000   Number         0  __scatter_copy.o ABSOLUTE
    ../../angel/handlers.s                   0x00000000   Number         0  __scatter_zi.o ABSOLUTE
    ../../angel/kernel.s                     0x00000000   Number         0  rtentry4.o ABSOLUTE
    ../../angel/kernel.s                     0x00000000   Number         0  rtentry2.o ABSOLUTE
    ../../angel/kernel.s                     0x00000000   Number         0  rtexit.o ABSOLUTE
    ../../angel/kernel.s                     0x00000000   Number         0  rtexit2.o ABSOLUTE
    ../../angel/kernel.s                     0x00000000   Number         0  rtentry.o ABSOLUTE
    ../../angel/rt.s                         0x00000000   Number         0  rt_raise.o ABSOLUTE
    ../../angel/rt.s                         0x00000000   Number         0  aeabi_idiv0.o ABSOLUTE
    ../../angel/rt.s                         0x00000000   Number         0  aeabi_idiv0_sigfpe.o ABSOLUTE
    ../../angel/rt.s                         0x00000000   Number         0  rt_heap_descriptor.o ABSOLUTE
    ../../angel/rt.s                         0x00000000   Number         0  rt_heap_descriptor_intlibspace.o ABSOLUTE
    ../../angel/rt.s                         0x00000000   Number         0  rt_div0.o ABSOLUTE
    ../../angel/rt.s                         0x00000000   Number         0  rt_fp_status_addr_intlibspace.o ABSOLUTE
    ../../angel/rt.s                         0x00000000   Number         0  rt_fp_status_addr.o ABSOLUTE
    ../../angel/scatter.s                    0x00000000   Number         0  __scatter.o ABSOLUTE
    ../../angel/startup.s                    0x00000000   Number         0  __main.o ABSOLUTE
    ../../angel/sys.s                        0x00000000   Number         0  sys_stackheap_outer.o ABSOLUTE
    ../../angel/sys.s                        0x00000000   Number         0  indicate_semi.o ABSOLUTE
    ../../angel/sys.s                        0x00000000   Number         0  use_no_semi.o ABSOLUTE
    ../../angel/sys.s                        0x00000000   Number         0  mutex_dummy.o ABSOLUTE
    ../../angel/sys.s                        0x00000000   Number         0  libspace.o ABSOLUTE
    ../../angel/sysapp.c                     0x00000000   Number         0  sys_exit.o ABSOLUTE
    ../../angel/sysapp.c                     0x00000000   Number         0  sys_wrch.o ABSOLUTE
    ../../angel/sysapp.c                     0x00000000   Number         0  sys_command.o ABSOLUTE
    ../../armsys.c                           0x00000000   Number         0  argv_veneer.o ABSOLUTE
    ../../armsys.c                           0x00000000   Number         0  argv_veneer.o ABSOLUTE
    ../../armsys.c                           0x00000000   Number         0  no_argv.o ABSOLUTE
    ../../armsys.c                           0x00000000   Number         0  _get_argv_nomalloc.o ABSOLUTE
    ../../armsys.c                           0x00000000   Number         0  _get_argv.o ABSOLUTE
    ../../division.s                         0x00000000   Number         0  aeabi_sdivfast.o ABSOLUTE
    ../../division.s                         0x00000000   Number         0  aeabi_sdivfast_div0.o ABSOLUTE
    ../../divrt.s                            0x00000000   Number         0  divrt_7tdmi.o ABSOLUTE
    ../../divrt.s                            0x00000000   Number         0  divrt_7tdmi_div0.o ABSOLUTE
    ../../fpinit.s                           0x00000000   Number         0  fpinit.o ABSOLUTE
    ../../heap1.c                            0x00000000   Number         0  h1_extend.o ABSOLUTE
    ../../heap1.c                            0x00000000   Number         0  h1_init.o ABSOLUTE
    ../../heap1.c                            0x00000000   Number         0  h1_free.o ABSOLUTE
    ../../heap1.c                            0x00000000   Number         0  h1_init_mt.o ABSOLUTE
    ../../heap1.c                            0x00000000   Number         0  h1_free_mt.o ABSOLUTE
    ../../heap1.c                            0x00000000   Number         0  h1_final.o ABSOLUTE
    ../../heap1.c                            0x00000000   Number         0  h1_alloc.o ABSOLUTE
    ../../heap1.c                            0x00000000   Number         0  h1_final_mt.o ABSOLUTE
    ../../heap1.c                            0x00000000   Number         0  h1_alloc_mt.o ABSOLUTE
    ../../heap1.c                            0x00000000   Number         0  h1_extend_mt.o ABSOLUTE
    ../../heap2.c                            0x00000000   Number         0  heap2.o ABSOLUTE
    ../../heap2.c                            0x00000000   Number         0  heap2mt.o ABSOLUTE
    ../../heap2.c                            0x00000000   Number         0  fdtree.o ABSOLUTE
    ../../heapalloc.c                        0x00000000   Number         0  hguard.o ABSOLUTE
    ../../heapalloc.c                        0x00000000   Number         0  malloc.o ABSOLUTE
    ../../heapalloc.c                        0x00000000   Number         0  maybetermalloc1.o ABSOLUTE
    ../../heapalloc.c                        0x00000000   Number         0  term_alloc.o ABSOLUTE
    ../../heapalloc.c                        0x00000000   Number         0  hrguard.o ABSOLUTE
    ../../heapalloc.c                        0x00000000   Number         0  heapstubs.o ABSOLUTE
    ../../heapalloc.c                        0x00000000   Number         0  free.o ABSOLUTE
    ../../heapalloc.c                        0x00000000   Number         0  init_alloc.o ABSOLUTE
    ../../heapalloc.c                        0x00000000   Number         0  maybetermalloc2.o ABSOLUTE
    ../../heapalloc.c                        0x00000000   Number         0  maybetermalloc2.o ABSOLUTE
    ../../heapalloc.c                        0x00000000   Number         0  maybetermalloc1.o ABSOLUTE
    ../../heapaux.c                          0x00000000   Number         0  heapauxi.o ABSOLUTE
    ../../heapaux.c                          0x00000000   Number         0  heapauxa.o ABSOLUTE
    ../../libinit.s                          0x00000000   Number         0  libinit2.o ABSOLUTE
    ../../libinit.s                          0x00000000   Number         0  libshutdown.o ABSOLUTE
    ../../libinit.s                          0x00000000   Number         0  libshutdown2.o ABSOLUTE
    ../../libinit.s                          0x00000000   Number         0  libinit.o ABSOLUTE
    ../../memcpset.s                         0x00000000   Number         0  strcmpfast.o ABSOLUTE
    ../../memcpset.s                         0x00000000   Number         0  rt_memcpy_w.o ABSOLUTE
    ../../signal.c                           0x00000000   Number         0  defsig_abrt_inner.o ABSOLUTE
    ../../signal.c                           0x00000000   Number         0  defsig_pvfn_inner.o ABSOLUTE
    ../../signal.c                           0x00000000   Number         0  defsig_cppl_inner.o ABSOLUTE
    ../../signal.c                           0x00000000   Number         0  defsig_segv_inner.o ABSOLUTE
    ../../signal.c                           0x00000000   Number         0  defsig_other.o ABSOLUTE
    ../../signal.c                           0x00000000   Number         0  __raise.o ABSOLUTE
    ../../signal.c                           0x00000000   Number         0  defsig_fpe_inner.o ABSOLUTE
    ../../signal.c                           0x00000000   Number         0  defsig_general.o ABSOLUTE
    ../../signal.c                           0x00000000   Number         0  defsig_rtmem_formal.o ABSOLUTE
    ../../signal.c                           0x00000000   Number         0  defsig_rtmem_outer.o ABSOLUTE
    ../../signal.c                           0x00000000   Number         0  defsig_rtred_inner.o ABSOLUTE
    ../../signal.c                           0x00000000   Number         0  defsig_rtmem_inner.o ABSOLUTE
    ../../signal.c                           0x00000000   Number         0  defsig_fpe_formal.o ABSOLUTE
    ../../signal.c                           0x00000000   Number         0  defsig_fpe_outer.o ABSOLUTE
    ../../signal.c                           0x00000000   Number         0  defsig_exit.o ABSOLUTE
    ../../signal.c                           0x00000000   Number         0  defsig_stak_inner.o ABSOLUTE
    ../../signal.s                           0x00000000   Number         0  defsig.o ABSOLUTE
    ../../stdlib.c                           0x00000000   Number         0  exit.o ABSOLUTE
    ../../string.c                           0x00000000   Number         0  strlen.o ABSOLUTE
    Startup.s                                0x00000000   Number         0  startup.o ABSOLUTE
    benchmark.c                              0x00000000   Number         0  benchmark.o ABSOLUTE
    dc.s                                     0x00000000   Number         0  dc.o ABSOLUTE
    lcd.c                                    0x00000000   Number         0  lcd.o ABSOLUTE
    main.c                                   0x00000000   Number         0  main.o ABSOLUTE
    timer.c                                  0x00000000   Number         0  timer.o ABSOLUTE
    uart.c                                   0x00000000   Number         0  uart.o ABSOLUTE
    Undef_Handler                            0x00000040   ARM Code       4  startup.o(RESET)
    SWI_Handler                              0x00000044   ARM Code       4  startup.o(RESET)
    PAbt_Handler                             0x00000048   ARM Code       4  startup.o(RESET)
    DAbt_Handler                             0x0000004c   ARM Code       4  startup.o(RESET)
    IRQ_Handler                              0x00000050   ARM Code       4  startup.o(RESET)
    FIQ_Handler                              0x00000054   ARM Code       4  startup.o(RESET)
    !!!main                                  0x00000110   Section        8  __main.o(!!!main)
    !!!scatter                               0x00000118   Section       60  __scatter.o(!!!scatter)
    !!handler_copy                           0x00000154   Section       40  __scatter_copy.o(!!handler_copy)
    !!handler_zi                             0x0000017c   Section       44  __scatter_zi.o(!!handler_zi)
    .ARM.Collect$$libinit$$00000000          0x000001a8   Section        8  libinit.o(.ARM.Collect$$libinit$$00000000)
    .ARM.Collect$$libinit$$00000001          0x000001b0   Section        8  libinit2.o(.ARM.Collect$$libinit$$00000001)
    .ARM.Collect$$libinit$$00000006          0x000001b8   Section        0  libinit2.o(.ARM.Collect$$libinit$$00000006)
    .ARM.Collect$$libinit$$00000008          0x000001b8   Section        0  libinit2.o(.ARM.Collect$$libinit$$00000008)
    .ARM.Collect$$libinit$$0000000A          0x000001b8   Section        0  libinit2.o(.ARM.Collect$$libinit$$0000000A)
    .ARM.Collect$$libinit$$0000000D          0x000001b8   Section        0  libinit2.o(.ARM.Collect$$libinit$$0000000D)
    .ARM.Collect$$libinit$$0000000F          0x000001b8   Section        0  libinit2.o(.ARM.Collect$$libinit$$0000000F)
    .ARM.Collect$$libinit$$00000011          0x000001b8   Section        0  libinit2.o(.ARM.Collect$$libinit$$00000011)
    .ARM.Collect$$libinit$$00000013          0x000001b8   Section        0  libinit2.o(.ARM.Collect$$libinit$$00000013)
    .ARM.Collect$$libinit$$00000015          0x000001b8   Section        0  libinit2.o(.ARM.Collect$$libinit$$00000015)
    .ARM.Collect$$libinit$$00000017          0x000001b8   Section        0  libinit2.o(.ARM.Collect$$libinit$$00000017)
    .ARM.Collect$$libinit$$00000019          0x000001b8   Section        0  libinit2.o(.ARM.Collect$$libinit$$00000019)
    .ARM.Collect$$libinit$$0000001B          0x000001b8   Section        0  libinit2.o(.ARM.Collect$$libinit$$0000001B)
    .ARM.Collect$$libinit$$0000001D          0x000001b8   Section        0  libinit2.o(.ARM.Collect$$libinit$$0000001D)
    .ARM.Collect$$libinit$$0000001F          0x000001b8   Section        0  libinit2.o(.ARM.Collect$$libinit$$0000001F)
    .ARM.Collect$$libinit$$00000021          0x000001b8   Section        0  libinit2.o(.ARM.Collect$$libinit$$00000021)
    .ARM.Collect$$libinit$$00000028          0x000001b8   Section        0  libinit2.o(.ARM.Collect$$libinit$$00000028)
    .ARM.Collect$$libinit$$0000002A          0x000001b8   Section        0  libinit2.o(.ARM.Collect$$libinit$$0000002A)
    .ARM.Collect$$libinit$$0000002C          0x000001b8   Section        0  libinit2.o(.ARM.Collect$$libinit$$0000002C)
    .ARM.Collect$$libinit$$0000002E          0x000001b8   Section        0  libinit2.o(.ARM.Collect$$libinit$$0000002E)
    .ARM.Collect$$libinit$$0000002F          0x000001b8   Section        4  libinit2.o(.ARM.Collect$$libinit$$0000002F)
    .ARM.Collect$$libshutdown$$00000000      0x000001bc   Section        4  libshutdown.o(.ARM.Collect$$libshutdown$$00000000)
    .ARM.Collect$$libshutdown$$00000003      0x000001c0   Section        0  libshutdown2.o(.ARM.Collect$$libshutdown$$00000003)
    .ARM.Collect$$libshutdown$$00000006      0x000001c0   Section        0  libshutdown2.o(.ARM.Collect$$libshutdown$$00000006)
    .ARM.Collect$$libshutdown$$00000009      0x000001c0   Section        0  libshutdown2.o(.ARM.Collect$$libshutdown$$00000009)
    .ARM.Collect$$libshutdown$$0000000B      0x000001c0   Section        0  libshutdown2.o(.ARM.Collect$$libshutdown$$0000000B)
    .ARM.Collect$$libshutdown$$0000000E      0x000001c0   Section        0  libshutdown2.o(.ARM.Collect$$libshutdown$$0000000E)
    .ARM.Collect$$libshutdown$$0000000F      0x000001c0   Section        4  libshutdown2.o(.ARM.Collect$$libshutdown$$0000000F)
    .ARM.Collect$$rtentry$$00000000          0x000001c4   Section        0  rtentry.o(.ARM.Collect$$rtentry$$00000000)
    .ARM.Collect$$rtentry$$00000002          0x000001c4   Section        0  rtentry2.o(.ARM.Collect$$rtentry$$00000002)
    .ARM.Collect$$rtentry$$00000004          0x000001c4   Section        8  rtentry4.o(.ARM.Collect$$rtentry$$00000004)
    .ARM.Collect$$rtentry$$00000009          0x000001cc   Section        0  rtentry2.o(.ARM.Collect$$rtentry$$00000009)
    .ARM.Collect$$rtentry$$0000000A          0x000001cc   Section        4  rtentry2.o(.ARM.Collect$$rtentry$$0000000A)
    .ARM.Collect$$rtentry$$0000000C          0x000001d0   Section        0  rtentry2.o(.ARM.Collect$$rtentry$$0000000C)
    .ARM.Collect$$rtentry$$0000000D          0x000001d0   Section        8  rtentry2.o(.ARM.Collect$$rtentry$$0000000D)
    .ARM.Collect$$rtexit$$00000000           0x000001d8   Section        4  rtexit.o(.ARM.Collect$$rtexit$$00000000)
    .ARM.Collect$$rtexit$$00000002           0x000001dc   Section        0  rtexit2.o(.ARM.Collect$$rtexit$$00000002)
    .ARM.Collect$$rtexit$$00000003           0x000001dc   Section        4  rtexit2.o(.ARM.Collect$$rtexit$$00000003)
    .ARM.Collect$$rtexit$$00000004           0x000001e0   Section        8  rtexit2.o(.ARM.Collect$$rtexit$$00000004)
    .emb_text                                0x000001e8   Section        0  maybetermalloc1.o(.emb_text)
    .text                                    0x000001e8   Section       36  startup.o(.text)
    .text                                    0x0000020c   Section        0  main.o(.text)
    .text                                    0x00000348   Section        0  timer.o(.text)
    .text                                    0x00000394   Section        0  uart.o(.text)
    .text                                    0x000005ec   Section        0  benchmark.o(.text)
    __switch$$                               0x00000734   ARM Code       0  benchmark.o(.text)
    __switch$$                               0x000008c8   ARM Code       0  benchmark.o(.text)
    __switch$$                               0x000016c4   ARM Code       0  benchmark.o(.text)
    .text                                    0x00001810   Section        0  h1_alloc.o(.text)
    .text                                    0x000018b4   Section        0  strlen.o(.text)
    .text                                    0x00001918   Section      100  rt_memcpy_w.o(.text)
    .text                                    0x0000197c   Section      188  strcmpfast.o(.text)
    .text                                    0x00001a38   Section      552  aeabi_sdivfast.o(.text)
    __arm_div_large_positive                 0x00001a6c   ARM Code       0  aeabi_sdivfast.o(.text)
    __arm_div16                              0x00001a94   ARM Code       0  aeabi_sdivfast.o(.text)
    __arm_div12                              0x00001ac4   ARM Code       0  aeabi_sdivfast.o(.text)
    __arm_div8                               0x00001af8   ARM Code       0  aeabi_sdivfast.o(.text)
    __arm_div5                               0x00001b1c   ARM Code       0  aeabi_sdivfast.o(.text)
    __arm_div2                               0x00001b40   ARM Code       0  aeabi_sdivfast.o(.text)
    .text                                    0x00001c60   Section        0  heapauxi.o(.text)
    .text                                    0x00001c6c   Section       12  rt_heap_descriptor_intlibspace.o(.text)
    .text                                    0x00001c78   Section        0  hguard.o(.text)
    .text                                    0x00001c80   Section        0  init_alloc.o(.text)
    .text                                    0x00001d60   Section        0  h1_init.o(.text)
    .text                                    0x00001d7c   Section        0  h1_free.o(.text)
    .text                                    0x00001e00   Section       12  libspace.o(.text)
    .text                                    0x00001e0c   Section        0  h1_extend.o(.text)
    .text                                    0x00001e60   Section        0  defsig_rtmem_outer.o(.text)
    .text                                    0x00001e70   Section        4  use_no_semi.o(.text)
    .text                                    0x00001e74   Section        0  indicate_semi.o(.text)
    .text                                    0x00001e74   Section       96  sys_stackheap_outer.o(.text)
    .text                                    0x00001ed4   Section        0  exit.o(.text)
    .text                                    0x00001ee4   Section        0  defsig_exit.o(.text)
    .text                                    0x00001ef0   Section        0  defsig_rtmem_inner.o(.text)
    .text                                    0x00001f48   Section        0  sys_exit.o(.text)
    .text                                    0x00001f5c   Section        0  defsig_general.o(.text)
    .text                                    0x00001fac   Section        0  sys_wrch.o(.text)
    .text                                    0x00001fc4   Section       12  rt_fp_status_addr_intlibspace.o(.text)
    .text_udiv                               0x00001fd0   Section       48  aeabi_sdivfast.o(.text_udiv)
    x$fpl$fpinit                             0x00002000   Section       20  fpinit.o(x$fpl$fpinit)
    .constdata                               0x00002014   Section       40  benchmark.o(.constdata)
    .data                                    0x40000000   Section       12  uart.o(.data)
    .data                                    0x4000000c   Section       20  benchmark.o(.data)
    .bss                                     0x40000020   Section       16  uart.o(.bss)
    .bss                                     0x40000030   Section    10200  benchmark.o(.bss)
    .bss                                     0x40002808   Section       96  libspace.o(.bss)
    HEAP                                     0x40002868   Section     8192  startup.o(HEAP)
    Heap_Mem                                 0x40002868   Data        8192  startup.o(HEAP)
    STACK                                    0x40004868   Section    12424  startup.o(STACK)
    Stack_Mem                                0x40004868   Data       12288  startup.o(STACK)
    Stack_Top                                0x400078f0   Data           0  startup.o(STACK)

    Global Symbols

    Symbol Name                              Value     Ov Type        Size  Object(Section)

    BuildAttributes$$ARM_ISAv4$S$PE$A:L22$X:L11$S22$IEEE1$~IW$USESV6$~STKCKD$USESV7$~SHL$OTIME$ROPI$EBA8$UX$STANDARDLIB$REQ8$PRES8$EABIv2 0x00000000   Number         0  anon$$obj.o ABSOLUTE
    __ARM_use_no_argv                        0x00000000   Number         0  main.o ABSOLUTE
    __ARM_exceptions_init                     - Undefined Weak Reference
    __alloca_initialize                       - Undefined Weak Reference
    __cpp_initialize__aeabi_                  - Undefined Weak Reference
    __cxa_finalize                            - Undefined Weak Reference
    __rt_locale                               - Undefined Weak Reference
    __sigvec_lookup                           - Undefined Weak Reference
    __user_heap_extent                        - Undefined Weak Reference
    _atexit_init                              - Undefined Weak Reference
    _call_atexit_fns                          - Undefined Weak Reference
    _clock_init                               - Undefined Weak Reference
    _fp_trap_init                             - Undefined Weak Reference
    _fp_trap_shutdown                         - Undefined Weak Reference
    _get_lc_collate                           - Undefined Weak Reference
    _get_lc_ctype                             - Undefined Weak Reference
    _get_lc_monetary                          - Undefined Weak Reference
    _get_lc_numeric                           - Undefined Weak Reference
    _get_lc_time                              - Undefined Weak Reference
    _getenv_init                              - Undefined Weak Reference
    _handle_redirection                       - Undefined Weak Reference
    _initio                                   - Undefined Weak Reference
    _mutex_acquire                            - Undefined Weak Reference
    _mutex_free                               - Undefined Weak Reference
    _mutex_release                            - Undefined Weak Reference
    _rand_init                                - Undefined Weak Reference
    _signal_finish                            - Undefined Weak Reference
    _signal_init                              - Undefined Weak Reference
    _terminateio                              - Undefined Weak Reference
    Reset_Handler                            0x00000058   ARM Code       0  startup.o(RESET)
    __main                                   0x00000110   ARM Code       8  __main.o(!!!main)
    __scatterload                            0x00000118   ARM Code       0  __scatter.o(!!!scatter)
    __scatterload_rt2                        0x00000118   ARM Code      52  __scatter.o(!!!scatter)
    __scatterload_null                       0x0000012c   ARM Code       0  __scatter.o(!!!scatter)
    __scatterload_copy                       0x00000154   ARM Code      40  __scatter_copy.o(!!handler_copy)
    __scatterload_zeroinit                   0x0000017c   ARM Code      44  __scatter_zi.o(!!handler_zi)
    __rt_lib_init                            0x000001a8   ARM Code       0  libinit.o(.ARM.Collect$$libinit$$00000000)
    __rt_lib_init_heap_2                     0x000001b0   ARM Code       0  libinit2.o(.ARM.Collect$$libinit$$00000001)
    __rt_lib_init_alloca_1                   0x000001b8   ARM Code       0  libinit2.o(.ARM.Collect$$libinit$$0000002A)
    __rt_lib_init_argv_1                     0x000001b8   ARM Code       0  libinit2.o(.ARM.Collect$$libinit$$00000028)
    __rt_lib_init_atexit_1                   0x000001b8   ARM Code       0  libinit2.o(.ARM.Collect$$libinit$$00000017)
    __rt_lib_init_clock_1                    0x000001b8   ARM Code       0  libinit2.o(.ARM.Collect$$libinit$$0000001D)
    __rt_lib_init_cpp_1                      0x000001b8   ARM Code       0  libinit2.o(.ARM.Collect$$libinit$$0000002E)
    __rt_lib_init_exceptions_1               0x000001b8   ARM Code       0  libinit2.o(.ARM.Collect$$libinit$$0000002C)
    __rt_lib_init_fp_trap_1                  0x000001b8   ARM Code       0  libinit2.o(.ARM.Collect$$libinit$$0000001B)
    __rt_lib_init_getenv_1                   0x000001b8   ARM Code       0  libinit2.o(.ARM.Collect$$libinit$$0000001F)
    __rt_lib_init_heap_1                     0x000001b8   ARM Code       0  libinit2.o(.ARM.Collect$$libinit$$00000006)
    __rt_lib_init_lc_collate_1               0x000001b8   ARM Code       0  libinit2.o(.ARM.Collect$$libinit$$0000000D)
    __rt_lib_init_lc_ctype_1                 0x000001b8   ARM Code       0  libinit2.o(.ARM.Collect$$libinit$$0000000F)
    __rt_lib_init_lc_monetary_1              0x000001b8   ARM Code       0  libinit2.o(.ARM.Collect$$libinit$$00000011)
    __rt_lib_init_lc_numeric_1               0x000001b8   ARM Code       0  libinit2.o(.ARM.Collect$$libinit$$00000013)
    __rt_lib_init_lc_time_1                  0x000001b8   ARM Code       0  libinit2.o(.ARM.Collect$$libinit$$00000015)
    __rt_lib_init_rand_1                     0x000001b8   ARM Code       0  libinit2.o(.ARM.Collect$$libinit$$0000000A)
    __rt_lib_init_return                     0x000001b8   ARM Code       0  libinit2.o(.ARM.Collect$$libinit$$0000002F)
    __rt_lib_init_signal_1                   0x000001b8   ARM Code       0  libinit2.o(.ARM.Collect$$libinit$$00000019)
    __rt_lib_init_stdio_1                    0x000001b8   ARM Code       0  libinit2.o(.ARM.Collect$$libinit$$00000021)
    __rt_lib_init_user_alloc_1               0x000001b8   ARM Code       0  libinit2.o(.ARM.Collect$$libinit$$00000008)
    __rt_lib_shutdown                        0x000001bc   ARM Code       0  libshutdown.o(.ARM.Collect$$libshutdown$$00000000)
    __rt_lib_shutdown_fp_trap_1              0x000001c0   ARM Code       0  libshutdown2.o(.ARM.Collect$$libshutdown$$00000006)
    __rt_lib_shutdown_heap_1                 0x000001c0   ARM Code       0  libshutdown2.o(.ARM.Collect$$libshutdown$$0000000E)
    __rt_lib_shutdown_return                 0x000001c0   ARM Code       0  libshutdown2.o(.ARM.Collect$$libshutdown$$0000000F)
    __rt_lib_shutdown_signal_1               0x000001c0   ARM Code       0  libshutdown2.o(.ARM.Collect$$libshutdown$$00000009)
    __rt_lib_shutdown_stdio_1                0x000001c0   ARM Code       0  libshutdown2.o(.ARM.Collect$$libshutdown$$00000003)
    __rt_lib_shutdown_user_alloc_1           0x000001c0   ARM Code       0  libshutdown2.o(.ARM.Collect$$libshutdown$$0000000B)
    __rt_entry                               0x000001c4   ARM Code       0  rtentry.o(.ARM.Collect$$rtentry$$00000000)
    __rt_entry_presh_1                       0x000001c4   ARM Code       0  rtentry2.o(.ARM.Collect$$rtentry$$00000002)
    __rt_entry_sh                            0x000001c4   ARM Code       0  rtentry4.o(.ARM.Collect$$rtentry$$00000004)
    __rt_entry_li                            0x000001cc   ARM Code       0  rtentry2.o(.ARM.Collect$$rtentry$$0000000A)
    __rt_entry_postsh_1                      0x000001cc   ARM Code       0  rtentry2.o(.ARM.Collect$$rtentry$$00000009)
    __rt_entry_main                          0x000001d0   ARM Code       0  rtentry2.o(.ARM.Collect$$rtentry$$0000000D)
    __rt_entry_postli_1                      0x000001d0   ARM Code       0  rtentry2.o(.ARM.Collect$$rtentry$$0000000C)
    __rt_exit                                0x000001d8   ARM Code       0  rtexit.o(.ARM.Collect$$rtexit$$00000000)
    __rt_exit_ls                             0x000001dc   ARM Code       0  rtexit2.o(.ARM.Collect$$rtexit$$00000003)
    __rt_exit_prels_1                        0x000001dc   ARM Code       0  rtexit2.o(.ARM.Collect$$rtexit$$00000002)
    __rt_exit_exit                           0x000001e0   ARM Code       0  rtexit2.o(.ARM.Collect$$rtexit$$00000004)
    __user_initial_stackheap                 0x000001e8   ARM Code       0  startup.o(.text)
    _maybe_terminate_alloc                   0x000001e8   ARM Code       0  maybetermalloc1.o(.emb_text)
    feed                                     0x0000020c   ARM Code      28  main.o(.text)
    init_chip                                0x00000228   ARM Code     104  main.o(.text)
    main                                     0x00000290   ARM Code     184  main.o(.text)
    init_counter_ms                          0x00000348   ARM Code      32  timer.o(.text)
    reset_counter                            0x00000368   ARM Code      28  timer.o(.text)
    read_counter                             0x00000384   ARM Code      16  timer.o(.text)
    UART0Handler                             0x00000394   ARM Code     252  uart.o(.text)
    UARTInit                                 0x00000490   ARM Code     184  uart.o(.text)
    UARTSend                                 0x00000548   ARM Code      80  uart.o(.text)
    puts_UART                                0x00000598   ARM Code      72  uart.o(.text)
    int_to_a                                 0x000005ec   ARM Code     224  benchmark.o(.text)
    Proc_2                                   0x000006cc   ARM Code      56  benchmark.o(.text)
    Func_3                                   0x00000704   ARM Code      16  benchmark.o(.text)
    Proc_6                                   0x00000714   ARM Code     108  benchmark.o(.text)
    Func_1                                   0x00000780   ARM Code      24  benchmark.o(.text)
    Proc_7                                   0x00000798   ARM Code      16  benchmark.o(.text)
    Proc_3                                   0x000007a8   ARM Code      40  benchmark.o(.text)
    Proc_1                                   0x000007d0   ARM Code     340  benchmark.o(.text)
    Proc_8                                   0x00000924   ARM Code      80  benchmark.o(.text)
    Func_2                                   0x00000974   ARM Code     100  benchmark.o(.text)
    Proc_4                                   0x000009d8   ARM Code      44  benchmark.o(.text)
    Proc_5                                   0x00000a04   ARM Code      24  benchmark.o(.text)
    dhrystone                                0x00000a1c   ARM Code    3568  benchmark.o(.text)
    start_benchmark                          0x0000180c   ARM Code       4  benchmark.o(.text)
    malloc                                   0x00001810   ARM Code     164  h1_alloc.o(.text)
    strlen                                   0x000018b4   ARM Code      96  strlen.o(.text)
    __aeabi_memcpy4                          0x00001918   ARM Code       0  rt_memcpy_w.o(.text)
    __aeabi_memcpy8                          0x00001918   ARM Code       0  rt_memcpy_w.o(.text)
    __rt_memcpy_w                            0x00001918   ARM Code     100  rt_memcpy_w.o(.text)
    _memcpy_lastbytes_aligned                0x00001964   ARM Code       0  rt_memcpy_w.o(.text)
    strcmp                                   0x0000197c   ARM Code     184  strcmpfast.o(.text)
    __aeabi_idiv                             0x00001a38   ARM Code       0  aeabi_sdivfast.o(.text)
    __aeabi_idivmod                          0x00001a38   ARM Code     552  aeabi_sdivfast.o(.text)
    __use_two_region_memory                  0x00001c60   ARM Code       4  heapauxi.o(.text)
    __rt_heap_escrow                         0x00001c64   ARM Code       4  heapauxi.o(.text)
    __rt_heap_expand                         0x00001c68   ARM Code       4  heapauxi.o(.text)
    __rt_heap_descriptor                     0x00001c6c   ARM Code      12  rt_heap_descriptor_intlibspace.o(.text)
    __use_no_heap                            0x00001c78   ARM Code       4  hguard.o(.text)
    __heap$guard                             0x00001c7c   ARM Code       4  hguard.o(.text)
    _terminate_user_alloc                    0x00001c80   ARM Code       4  init_alloc.o(.text)
    _init_user_alloc                         0x00001c84   ARM Code       4  init_alloc.o(.text)
    __Heap_Full                              0x00001c88   ARM Code      56  init_alloc.o(.text)
    __Heap_Broken                            0x00001cc0   ARM Code       8  init_alloc.o(.text)
    _init_alloc                              0x00001cc8   ARM Code     152  init_alloc.o(.text)
    __Heap_Initialize                        0x00001d60   ARM Code      20  h1_init.o(.text)
    __Heap_DescSize                          0x00001d74   ARM Code       8  h1_init.o(.text)
    free                                     0x00001d7c   ARM Code     132  h1_free.o(.text)
    __user_libspace                          0x00001e00   ARM Code      12  libspace.o(.text)
    __user_perproc_libspace                  0x00001e00   ARM Code       0  libspace.o(.text)
    __user_perthread_libspace                0x00001e00   ARM Code       0  libspace.o(.text)
    __Heap_ProvideMemory                     0x00001e0c   ARM Code      84  h1_extend.o(.text)
    __rt_SIGRTMEM                            0x00001e60   ARM Code      16  defsig_rtmem_outer.o(.text)
    __I$use$semihosting                      0x00001e70   ARM Code       0  use_no_semi.o(.text)
    __use_no_semihosting_swi                 0x00001e70   ARM Code       4  use_no_semi.o(.text)
    __semihosting_library_function           0x00001e74   ARM Code       0  indicate_semi.o(.text)
    __user_setup_stackheap                   0x00001e74   ARM Code      96  sys_stackheap_outer.o(.text)
    exit                                     0x00001ed4   ARM Code      16  exit.o(.text)
    __sig_exit                               0x00001ee4   ARM Code      12  defsig_exit.o(.text)
    __rt_SIGRTMEM_inner                      0x00001ef0   ARM Code      32  defsig_rtmem_inner.o(.text)
    _sys_exit                                0x00001f48   ARM Code      16  sys_exit.o(.text)
    __default_signal_display                 0x00001f5c   ARM Code      80  defsig_general.o(.text)
    _ttywrch                                 0x00001fac   ARM Code      24  sys_wrch.o(.text)
    __rt_fp_status_addr                      0x00001fc4   ARM Code      12  rt_fp_status_addr_intlibspace.o(.text)
    __aeabi_uidiv                            0x00001fd0   ARM Code       0  aeabi_sdivfast.o(.text_udiv)
    __aeabi_uidivmod                         0x00001fd0   ARM Code      48  aeabi_sdivfast.o(.text_udiv)
    _fp_init                                 0x00002000   ARM Code      20  fpinit.o(x$fpl$fpinit)
    __fplib_config_pureend_doubles           0x00002010   ARM Code       0  fpinit.o(x$fpl$fpinit)
    Region$$Table$$Base                      0x0000203c   Number         0  anon$$obj.o(Region$$Table)
    Region$$Table$$Limit                     0x0000205c   Number         0  anon$$obj.o(Region$$Table)
    UART0TxEmpty                             0x40000000   Data           1  uart.o(.data)
    UART0Count                               0x40000004   Data           4  uart.o(.data)
    UART0Status                              0x40000008   Data           4  uart.o(.data)
    Ch_1_Glob                                0x4000000c   Data           1  benchmark.o(.data)
    Ch_2_Glob                                0x4000000d   Data           1  benchmark.o(.data)
    Ptr_Glob                                 0x40000010   Data           4  benchmark.o(.data)
    Next_Ptr_Glob                            0x40000014   Data           4  benchmark.o(.data)
    Int_Glob                                 0x40000018   Data           4  benchmark.o(.data)
    Bool_Glob                                0x4000001c   Data           4  benchmark.o(.data)
    UART0Buffer                              0x40000020   Data          16  uart.o(.bss)
    Arr_1_Glob                               0x40000030   Data         200  benchmark.o(.bss)
    Arr_2_Glob                               0x400000f8   Data       10000  benchmark.o(.bss)
    __libspace_start                         0x40002808   Data          96  libspace.o(.bss)
    __temporary_stack_top$libspace           0x40002868   Data           0  libspace.o(.bss)



==============================================================================

Memory Map of the image

  Image Entry point : 0x00000110

  Load Region LR_IROM1 (Base: 0x00000000, Size: 0x0000207c, Max: 0x00080000, ABSOLUTE)

    Execution Region ER_IROM1 (Base: 0x00000000, Size: 0x0000205c, Max: 0x00080000, ABSOLUTE)

    Base Addr    Size         Type   Attr      Idx    E Section Name        Object

    0x00000000   0x00000110   Code   RO            3    RESET               startup.o
    0x00000110   0x00000008   Code   RO          202  * !!!main             c_4.l(__main.o)
    0x00000118   0x0000003c   Code   RO          419    !!!scatter          c_4.l(__scatter.o)
    0x00000154   0x00000028   Code   RO          421    !!handler_copy      c_4.l(__scatter_copy.o)
    0x0000017c   0x0000002c   Code   RO          423    !!handler_zi        c_4.l(__scatter_zi.o)
    0x000001a8   0x00000008   Code   RO          352    .ARM.Collect$$libinit$$00000000  c_4.l(libinit.o)
    0x000001b0   0x00000008   Code   RO          244    .ARM.Collect$$libinit$$00000001  c_4.l(libinit2.o)
    0x000001b8   0x00000000   Code   RO          246    .ARM.Collect$$libinit$$00000006  c_4.l(libinit2.o)
    0x000001b8   0x00000000   Code   RO          248    .ARM.Collect$$libinit$$00000008  c_4.l(libinit2.o)
    0x000001b8   0x00000000   Code   RO          250    .ARM.Collect$$libinit$$0000000A  c_4.l(libinit2.o)
    0x000001b8   0x00000000   Code   RO          253    .ARM.Collect$$libinit$$0000000D  c_4.l(libinit2.o)
    0x000001b8   0x00000000   Code   RO          255    .ARM.Collect$$libinit$$0000000F  c_4.l(libinit2.o)
    0x000001b8   0x00000000   Code   RO          257    .ARM.Collect$$libinit$$00000011  c_4.l(libinit2.o)
    0x000001b8   0x00000000   Code   RO          259    .ARM.Collect$$libinit$$00000013  c_4.l(libinit2.o)
    0x000001b8   0x00000000   Code   RO          261    .ARM.Collect$$libinit$$00000015  c_4.l(libinit2.o)
    0x000001b8   0x00000000   Code   RO          263    .ARM.Collect$$libinit$$00000017  c_4.l(libinit2.o)
    0x000001b8   0x00000000   Code   RO          265    .ARM.Collect$$libinit$$00000019  c_4.l(libinit2.o)
    0x000001b8   0x00000000   Code   RO          267    .ARM.Collect$$libinit$$0000001B  c_4.l(libinit2.o)
    0x000001b8   0x00000000   Code   RO          269    .ARM.Collect$$libinit$$0000001D  c_4.l(libinit2.o)
    0x000001b8   0x00000000   Code   RO          271    .ARM.Collect$$libinit$$0000001F  c_4.l(libinit2.o)
    0x000001b8   0x00000000   Code   RO          273    .ARM.Collect$$libinit$$00000021  c_4.l(libinit2.o)
    0x000001b8   0x00000000   Code   RO          277    .ARM.Collect$$libinit$$00000028  c_4.l(libinit2.o)
    0x000001b8   0x00000000   Code   RO          279    .ARM.Collect$$libinit$$0000002A  c_4.l(libinit2.o)
    0x000001b8   0x00000000   Code   RO          281    .ARM.Collect$$libinit$$0000002C  c_4.l(libinit2.o)
    0x000001b8   0x00000000   Code   RO          283    .ARM.Collect$$libinit$$0000002E  c_4.l(libinit2.o)
    0x000001b8   0x00000004   Code   RO          284    .ARM.Collect$$libinit$$0000002F  c_4.l(libinit2.o)
    0x000001bc   0x00000004   Code   RO          416    .ARM.Collect$$libshutdown$$00000000  c_4.l(libshutdown.o)
    0x000001c0   0x00000000   Code   RO          369    .ARM.Collect$$libshutdown$$00000003  c_4.l(libshutdown2.o)
    0x000001c0   0x00000000   Code   RO          372    .ARM.Collect$$libshutdown$$00000006  c_4.l(libshutdown2.o)
    0x000001c0   0x00000000   Code   RO          375    .ARM.Collect$$libshutdown$$00000009  c_4.l(libshutdown2.o)
    0x000001c0   0x00000000   Code   RO          377    .ARM.Collect$$libshutdown$$0000000B  c_4.l(libshutdown2.o)
    0x000001c0   0x00000000   Code   RO          380    .ARM.Collect$$libshutdown$$0000000E  c_4.l(libshutdown2.o)
    0x000001c0   0x00000004   Code   RO          381    .ARM.Collect$$libshutdown$$0000000F  c_4.l(libshutdown2.o)
    0x000001c4   0x00000000   Code   RO          206    .ARM.Collect$$rtentry$$00000000  c_4.l(rtentry.o)
    0x000001c4   0x00000000   Code   RO          291    .ARM.Collect$$rtentry$$00000002  c_4.l(rtentry2.o)
    0x000001c4   0x00000008   Code   RO          303    .ARM.Collect$$rtentry$$00000004  c_4.l(rtentry4.o)
    0x000001cc   0x00000000   Code   RO          293    .ARM.Collect$$rtentry$$00000009  c_4.l(rtentry2.o)
    0x000001cc   0x00000004   Code   RO          294    .ARM.Collect$$rtentry$$0000000A  c_4.l(rtentry2.o)
    0x000001d0   0x00000000   Code   RO          296    .ARM.Collect$$rtentry$$0000000C  c_4.l(rtentry2.o)
    0x000001d0   0x00000008   Code   RO          297    .ARM.Collect$$rtentry$$0000000D  c_4.l(rtentry2.o)
    0x000001d8   0x00000004   Code   RO          355    .ARM.Collect$$rtexit$$00000000  c_4.l(rtexit.o)
    0x000001dc   0x00000000   Code   RO          387    .ARM.Collect$$rtexit$$00000002  c_4.l(rtexit2.o)
    0x000001dc   0x00000004   Code   RO          388    .ARM.Collect$$rtexit$$00000003  c_4.l(rtexit2.o)
    0x000001e0   0x00000008   Code   RO          389    .ARM.Collect$$rtexit$$00000004  c_4.l(rtexit2.o)
    0x000001e8   0x00000000   Code   RO          309    .emb_text           c_4.l(maybetermalloc1.o)
    0x000001e8   0x00000024   Code   RO            4    .text               startup.o
    0x0000020c   0x0000013c   Code   RO           11    .text               main.o
    0x00000348   0x0000004c   Code   RO           47    .text               timer.o
    0x00000394   0x00000258   Code   RO           59    .text               uart.o
    0x000005ec   0x00001224   Code   RO           98    .text               benchmark.o
    0x00001810   0x000000a4   Code   RO          124    .text               c_4.l(h1_alloc.o)
    0x000018b4   0x00000064   Code   RO          178    .text               c_4.l(strlen.o)
    0x00001918   0x00000064   Code   RO          180    .text               c_4.l(rt_memcpy_w.o)
    0x0000197c   0x000000bc   Code   RO          182    .text               c_4.l(strcmpfast.o)
    0x00001a38   0x00000228   Code   RO          184    .text               c_4.l(aeabi_sdivfast.o)
    0x00001c60   0x0000000c   Code   RO          200    .text               c_4.l(heapauxi.o)
    0x00001c6c   0x0000000c   Code   RO          214    .text               c_4.l(rt_heap_descriptor_intlibspace.o)
    0x00001c78   0x00000008   Code   RO          216    .text               c_4.l(hguard.o)
    0x00001c80   0x000000e0   Code   RO          218    .text               c_4.l(init_alloc.o)
    0x00001d60   0x0000001c   Code   RO          224    .text               c_4.l(h1_init.o)
    0x00001d7c   0x00000084   Code   RO          226    .text               c_4.l(h1_free.o)
    0x00001e00   0x0000000c   Code   RO          287    .text               c_4.l(libspace.o)
    0x00001e0c   0x00000054   Code   RO          311    .text               c_4.l(h1_extend.o)
    0x00001e60   0x00000010   Code   RO          315    .text               c_4.l(defsig_rtmem_outer.o)
    0x00001e70   0x00000004   Code   RO          324    .text               c_4.l(use_no_semi.o)
    0x00001e74   0x00000000   Code   RO          326    .text               c_4.l(indicate_semi.o)
    0x00001e74   0x00000060   Code   RO          327    .text               c_4.l(sys_stackheap_outer.o)
    0x00001ed4   0x00000010   Code   RO          333    .text               c_4.l(exit.o)
    0x00001ee4   0x0000000c   Code   RO          335    .text               c_4.l(defsig_exit.o)
    0x00001ef0   0x00000058   Code   RO          341    .text               c_4.l(defsig_rtmem_inner.o)
    0x00001f48   0x00000014   Code   RO          353    .text               c_4.l(sys_exit.o)
    0x00001f5c   0x00000050   Code   RO          363    .text               c_4.l(defsig_general.o)
    0x00001fac   0x00000018   Code   RO          384    .text               c_4.l(sys_wrch.o)
    0x00001fc4   0x0000000c   Code   RO          396    .text               c_4.l(rt_fp_status_addr_intlibspace.o)
    0x00001fd0   0x00000030   Code   RO          185    .text_udiv          c_4.l(aeabi_sdivfast.o)
    0x00002000   0x00000014   Code   RO          382    x$fpl$fpinit        fz_4s.l(fpinit.o)
    0x00002014   0x00000028   Data   RO          100    .constdata          benchmark.o
    0x0000203c   0x00000020   Data   RO          417    Region$$Table       anon$$obj.o


    Execution Region RW_IRAM1 (Base: 0x40000000, Size: 0x000078f0, Max: 0x00008000, ABSOLUTE)

    Base Addr    Size         Type   Attr      Idx    E Section Name        Object

    0x40000000   0x0000000c   Data   RW           61    .data               uart.o
    0x4000000c   0x00000014   Data   RW          102    .data               benchmark.o
    0x40000020   0x00000010   Zero   RW           60    .bss                uart.o
    0x40000030   0x000027d8   Zero   RW           99    .bss                benchmark.o
    0x40002808   0x00000060   Zero   RW          288    .bss                c_4.l(libspace.o)
    0x40002868   0x00002000   Zero   RW            2    HEAP                startup.o
    0x40004868   0x00003088   Zero   RW            1    STACK               startup.o


==============================================================================

Image component sizes


      Code (inc. data)   RO Data    RW Data    ZI Data      Debug   Object Name

      4644       1332         40         20      10200       8562   benchmark.o
       316         48          0          0          0       2488   main.o
       308         64          0          0      20616        468   startup.o
        76          0          0          0          0        637   timer.o
       600         12          0         12         16       2131   uart.o

    ----------------------------------------------------------------------
      5944       1456         72         32      30832      14286   Object Totals
         0          0         32          0          0          0   (incl. Generated)
         0          0          0          0          0          0   (incl. Padding)

    ----------------------------------------------------------------------

      Code (inc. data)   RO Data    RW Data    ZI Data      Debug   Library Member Name

         8          0          0          0          0         68   __main.o
        60          8          0          0          0          0   __scatter.o
        40          0          0          0          0          0   __scatter_copy.o
        44          0          0          0          0          0   __scatter_zi.o
       600          0          0          0          0        144   aeabi_sdivfast.o
        12          0          0          0          0         68   defsig_exit.o
        80          0          0          0          0         88   defsig_general.o
        88         56          0          0          0         76   defsig_rtmem_inner.o
        16          0          0          0          0         80   defsig_rtmem_outer.o
        16          0          0          0          0         72   exit.o
       164          0          0          0          0         80   h1_alloc.o
        84          0          0          0          0         68   h1_extend.o
       132          0          0          0          0         80   h1_free.o
        28          0          0          0          0         84   h1_init.o
        12          0          0          0          0        152   heapauxi.o
         8          0          0          0          0        136   hguard.o
         0          0          0          0          0          0   indicate_semi.o
       224          0          0          0          0        184   init_alloc.o
         8          0          0          0          0          0   libinit.o
        12          0          0          0          0          0   libinit2.o
         4          0          0          0          0          0   libshutdown.o
         4          0          0          0          0          0   libshutdown2.o
        12          4          0          0         96         68   libspace.o
         0          0          0          0          0          0   maybetermalloc1.o
        12          4          0          0          0         68   rt_fp_status_addr_intlibspace.o
        12          4          0          0          0         68   rt_heap_descriptor_intlibspace.o
       100          0          0          0          0         80   rt_memcpy_w.o
         0          0          0          0          0          0   rtentry.o
        12          0          0          0          0          0   rtentry2.o
         8          0          0          0          0          0   rtentry4.o
         4          0          0          0          0          0   rtexit.o
        12          0          0          0          0          0   rtexit2.o
       188          4          0          0          0         80   strcmpfast.o
       100          4          0          0          0         68   strlen.o
        20          4          0          0          0         68   sys_exit.o
        96          0          0          0          0         80   sys_stackheap_outer.o
        24          0          0          0          0         76   sys_wrch.o
         4          0          0          0          0         68   use_no_semi.o
        20          0          0          0          0         76   fpinit.o

    ----------------------------------------------------------------------
      2268         88          0          0         96       2180   Library Totals
         0          0          0          0          0          0   (incl. Padding)

    ----------------------------------------------------------------------

      Code (inc. data)   RO Data    RW Data    ZI Data      Debug   Library Name

      2248         88          0          0         96       2104   c_4.l
        20          0          0          0          0         76   fz_4s.l

    ----------------------------------------------------------------------
      2268         88          0          0         96       2180   Library Totals

    ----------------------------------------------------------------------

==============================================================================


      Code (inc. data)   RO Data    RW Data    ZI Data      Debug   

      8212       1544         72         32      30928      14802   Grand Totals
      8212       1544         72         32      30928      14802   ELF Image Totals
      8212       1544         72         32          0          0   ROM Totals

==============================================================================

    Total RO  Size (Code + RO Data)                 8284 (   8.09kB)
    Total RW  Size (RW Data + ZI Data)             30960 (  30.23kB)
    Total ROM Size (Code + RO Data + RW Data)       8316 (   8.12kB)

==============================================================================

