Archive member included because of file (symbol)

/usr/lib/gcc/arm-none-eabi/4.7.0/../../../../arm-none-eabi/lib/thumb/libc.a(lib_a-malloc.o)
                              ./src/benchmark.o (malloc)
/usr/lib/gcc/arm-none-eabi/4.7.0/../../../../arm-none-eabi/lib/thumb/libc.a(lib_a-mallocr.o)
                              /usr/lib/gcc/arm-none-eabi/4.7.0/../../../../arm-none-eabi/lib/thumb/libc.a(lib_a-malloc.o) (_malloc_r)
/usr/lib/gcc/arm-none-eabi/4.7.0/../../../../arm-none-eabi/lib/thumb/libc.a(lib_a-mlock.o)
                              /usr/lib/gcc/arm-none-eabi/4.7.0/../../../../arm-none-eabi/lib/thumb/libc.a(lib_a-mallocr.o) (__malloc_lock)
/usr/lib/gcc/arm-none-eabi/4.7.0/../../../../arm-none-eabi/lib/thumb/libc.a(lib_a-sbrkr.o)
                              /usr/lib/gcc/arm-none-eabi/4.7.0/../../../../arm-none-eabi/lib/thumb/libc.a(lib_a-mallocr.o) (_sbrk_r)
/usr/lib/gcc/arm-none-eabi/4.7.0/../../../../arm-none-eabi/lib/thumb/libc.a(lib_a-strcmp.o)
                              ./src/benchmark.o (strcmp)
/usr/lib/gcc/arm-none-eabi/4.7.0/../../../../arm-none-eabi/lib/thumb/libc.a(lib_a-syscalls.o)
                              /usr/lib/gcc/arm-none-eabi/4.7.0/../../../../arm-none-eabi/lib/thumb/libc.a(lib_a-sbrkr.o) (_sbrk)
/usr/lib/gcc/arm-none-eabi/4.7.0/../../../../arm-none-eabi/lib/thumb/libc.a(lib_a-errno.o)
                              /usr/lib/gcc/arm-none-eabi/4.7.0/../../../../arm-none-eabi/lib/thumb/libc.a(lib_a-syscalls.o) (__errno)
/usr/lib/gcc/arm-none-eabi/4.7.0/../../../../arm-none-eabi/lib/thumb/libc.a(lib_a-findfp.o)
                              /usr/lib/gcc/arm-none-eabi/4.7.0/../../../../arm-none-eabi/lib/thumb/libc.a(lib_a-syscalls.o) (__sinit)
/usr/lib/gcc/arm-none-eabi/4.7.0/../../../../arm-none-eabi/lib/thumb/libc.a(lib_a-freer.o)
                              /usr/lib/gcc/arm-none-eabi/4.7.0/../../../../arm-none-eabi/lib/thumb/libc.a(lib_a-malloc.o) (_free_r)
/usr/lib/gcc/arm-none-eabi/4.7.0/../../../../arm-none-eabi/lib/thumb/libc.a(lib_a-fwalk.o)
                              /usr/lib/gcc/arm-none-eabi/4.7.0/../../../../arm-none-eabi/lib/thumb/libc.a(lib_a-findfp.o) (_fwalk)
/usr/lib/gcc/arm-none-eabi/4.7.0/../../../../arm-none-eabi/lib/thumb/libc.a(lib_a-impure.o)
                              /usr/lib/gcc/arm-none-eabi/4.7.0/../../../../arm-none-eabi/lib/thumb/libc.a(lib_a-findfp.o) (_global_impure_ptr)
/usr/lib/gcc/arm-none-eabi/4.7.0/../../../../arm-none-eabi/lib/thumb/libc.a(lib_a-memset.o)
                              /usr/lib/gcc/arm-none-eabi/4.7.0/../../../../arm-none-eabi/lib/thumb/libc.a(lib_a-syscalls.o) (memset)
/usr/lib/gcc/arm-none-eabi/4.7.0/../../../../arm-none-eabi/lib/thumb/libc.a(lib_a-reent.o)
                              /usr/lib/gcc/arm-none-eabi/4.7.0/../../../../arm-none-eabi/lib/thumb/libc.a(lib_a-sbrkr.o) (errno)
/usr/lib/gcc/arm-none-eabi/4.7.0/../../../../arm-none-eabi/lib/thumb/libc.a(lib_a-stdio.o)
                              /usr/lib/gcc/arm-none-eabi/4.7.0/../../../../arm-none-eabi/lib/thumb/libc.a(lib_a-findfp.o) (__sread)
/usr/lib/gcc/arm-none-eabi/4.7.0/../../../../arm-none-eabi/lib/thumb/libc.a(lib_a-strlen.o)
                              /usr/lib/gcc/arm-none-eabi/4.7.0/../../../../arm-none-eabi/lib/thumb/libc.a(lib_a-syscalls.o) (strlen)
/usr/lib/gcc/arm-none-eabi/4.7.0/../../../../arm-none-eabi/lib/thumb/libc.a(lib_a-writer.o)
                              /usr/lib/gcc/arm-none-eabi/4.7.0/../../../../arm-none-eabi/lib/thumb/libc.a(lib_a-stdio.o) (_write_r)
/usr/lib/gcc/arm-none-eabi/4.7.0/../../../../arm-none-eabi/lib/thumb/libc.a(lib_a-closer.o)
                              /usr/lib/gcc/arm-none-eabi/4.7.0/../../../../arm-none-eabi/lib/thumb/libc.a(lib_a-stdio.o) (_close_r)
/usr/lib/gcc/arm-none-eabi/4.7.0/../../../../arm-none-eabi/lib/thumb/libc.a(lib_a-fclose.o)
                              /usr/lib/gcc/arm-none-eabi/4.7.0/../../../../arm-none-eabi/lib/thumb/libc.a(lib_a-findfp.o) (fclose)
/usr/lib/gcc/arm-none-eabi/4.7.0/../../../../arm-none-eabi/lib/thumb/libc.a(lib_a-fflush.o)
                              /usr/lib/gcc/arm-none-eabi/4.7.0/../../../../arm-none-eabi/lib/thumb/libc.a(lib_a-fclose.o) (_fflush_r)
/usr/lib/gcc/arm-none-eabi/4.7.0/../../../../arm-none-eabi/lib/thumb/libc.a(lib_a-lseekr.o)
                              /usr/lib/gcc/arm-none-eabi/4.7.0/../../../../arm-none-eabi/lib/thumb/libc.a(lib_a-stdio.o) (_lseek_r)
/usr/lib/gcc/arm-none-eabi/4.7.0/../../../../arm-none-eabi/lib/thumb/libc.a(lib_a-readr.o)
                              /usr/lib/gcc/arm-none-eabi/4.7.0/../../../../arm-none-eabi/lib/thumb/libc.a(lib_a-stdio.o) (_read_r)

Allocating common symbols
Common symbol       size              file

errno               0x4               /usr/lib/gcc/arm-none-eabi/4.7.0/../../../../arm-none-eabi/lib/thumb/libc.a(lib_a-reent.o)
u1rx                0x83              ./src/usart.o
Arr_2_Glob          0x2710            ./src/benchmark.o
Next_Ptr_Glob       0x4               ./src/benchmark.o
[...]
Memory Configuration

Name             Origin             Length             Attributes
FLASH            0x0000000008000000 0x0000000000020000 xr
RAM              0x0000000020000000 0x0000000000005000 xrw
*default*        0x0000000000000000 0xffffffffffffffff

Linker script and memory map

LOAD ./src/benchmark.o
LOAD ./src/rbuffer.o
LOAD ./src/startup_stm32f10x_md.o
LOAD ./src/stm32f10x_it.o
LOAD ./src/timer.o
LOAD ./src/usart.o
LOAD ./STM32F10x_StdPeriph_Driver/src/misc.o
LOAD ./STM32F10x_StdPeriph_Driver/src/stm32f10x_adc.o
LOAD ./STM32F10x_StdPeriph_Driver/src/stm32f10x_bkp.o
LOAD ./STM32F10x_StdPeriph_Driver/src/stm32f10x_can.o
LOAD ./STM32F10x_StdPeriph_Driver/src/stm32f10x_cec.o
LOAD ./STM32F10x_StdPeriph_Driver/src/stm32f10x_crc.o
LOAD ./STM32F10x_StdPeriph_Driver/src/stm32f10x_dac.o
LOAD ./STM32F10x_StdPeriph_Driver/src/stm32f10x_dbgmcu.o
LOAD ./STM32F10x_StdPeriph_Driver/src/stm32f10x_dma.o
LOAD ./STM32F10x_StdPeriph_Driver/src/stm32f10x_exti.o
LOAD ./STM32F10x_StdPeriph_Driver/src/stm32f10x_flash.o
LOAD ./STM32F10x_StdPeriph_Driver/src/stm32f10x_fsmc.o
LOAD ./STM32F10x_StdPeriph_Driver/src/stm32f10x_gpio.o
LOAD ./STM32F10x_StdPeriph_Driver/src/stm32f10x_i2c.o
LOAD ./STM32F10x_StdPeriph_Driver/src/stm32f10x_iwdg.o
LOAD ./STM32F10x_StdPeriph_Driver/src/stm32f10x_pwr.o
LOAD ./STM32F10x_StdPeriph_Driver/src/stm32f10x_rcc.o
LOAD ./STM32F10x_StdPeriph_Driver/src/stm32f10x_rtc.o
LOAD ./STM32F10x_StdPeriph_Driver/src/stm32f10x_sdio.o
LOAD ./STM32F10x_StdPeriph_Driver/src/stm32f10x_spi.o
LOAD ./STM32F10x_StdPeriph_Driver/src/stm32f10x_tim.o
LOAD ./STM32F10x_StdPeriph_Driver/src/stm32f10x_usart.o
LOAD ./STM32F10x_StdPeriph_Driver/src/stm32f10x_wwdg.o
LOAD ./CMSIS/CM3/DeviceSupport/ST/STM32F10x/system_stm32f10x.o
LOAD ./CMSIS/CM3/CoreSupport/core_cm3.o
LOAD ./main.o
START GROUP
LOAD /usr/lib/gcc/arm-none-eabi/4.7.0/thumb/libgcc.a
LOAD /usr/lib/gcc/arm-none-eabi/4.7.0/../../../../arm-none-eabi/lib/thumb/libc.a
END GROUP

.text           0x0000000008000000     0x2a78
                0x0000000008000000                _stext = .
 CREATE_OBJECT_SYMBOLS
 *(.isr_vector)
 .isr_vector    0x0000000008000000      0x10c ./src/startup_stm32f10x_md.o
                0x0000000008000000                g_pfnVectors
 *(.vectors)
 *(.text)
 .text          0x000000000800010c       0x30 /usr/lib/gcc/arm-none-eabi/4.7.0/../../../../arm-none-eabi/lib/thumb/libc.a(lib_a-malloc.o)
                0x000000000800010c                malloc
                0x0000000008000124                free
 .text          0x000000000800013c      0x514 /usr/lib/gcc/arm-none-eabi/4.7.0/../../../../arm-none-eabi/lib/thumb/libc.a(lib_a-mallocr.o)
                0x000000000800013c                _malloc_r
 .text          0x0000000008000650        0x8 /usr/lib/gcc/arm-none-eabi/4.7.0/../../../../arm-none-eabi/lib/thumb/libc.a(lib_a-mlock.o)
                0x0000000008000650                __malloc_lock
                0x0000000008000654                __malloc_unlock
 .text          0x0000000008000658       0x28 /usr/lib/gcc/arm-none-eabi/4.7.0/../../../../arm-none-eabi/lib/thumb/libc.a(lib_a-sbrkr.o)
                0x0000000008000658                _sbrk_r
 .text          0x0000000008000680       0x14 /usr/lib/gcc/arm-none-eabi/4.7.0/../../../../arm-none-eabi/lib/thumb/libc.a(lib_a-strcmp.o)
                0x0000000008000680                strcmp
 .text          0x0000000008000694      0x5c8 /usr/lib/gcc/arm-none-eabi/4.7.0/../../../../arm-none-eabi/lib/thumb/libc.a(lib_a-syscalls.o)
                0x00000000080006fc                initialise_monitor_handles
                0x0000000008000774                _swiread
                0x000000000800079c                _read
                0x00000000080007f8                _swilseek
                0x0000000008000888                _lseek
                0x00000000080008a0                _swiwrite
                0x00000000080008c8                _write
                0x0000000008000928                _swiopen
                0x00000000080009ac                _open
                0x00000000080009c8                _swiclose
                0x0000000008000a10                _close
                0x0000000008000a28                _kill
                0x0000000008000a58                _exit
                0x0000000008000a70                _getpid
                0x0000000008000a74                _sbrk
                0x0000000008000aac                _fstat
                0x0000000008000ad0                _stat
                0x0000000008000b08                _link
                0x0000000008000b10                _unlink
                0x0000000008000b44                _raise
                0x0000000008000b48                _gettimeofday
                0x0000000008000b74                _times
                0x0000000008000b98                _isatty
                0x0000000008000bc8                _system
                0x0000000008000c1c                _rename
 .text          0x0000000008000c5c        0xc /usr/lib/gcc/arm-none-eabi/4.7.0/../../../../arm-none-eabi/lib/thumb/libc.a(lib_a-errno.o)
                0x0000000008000c5c                __errno
 .text          0x0000000008000c68      0x1ec /usr/lib/gcc/arm-none-eabi/4.7.0/../../../../arm-none-eabi/lib/thumb/libc.a(lib_a-findfp.o)
                0x0000000008000c70                _cleanup_r
                0x0000000008000cd0                __sfmoreglue
                0x0000000008000d00                _cleanup
                0x0000000008000d14                __sinit
                0x0000000008000d68                __sfp
                0x0000000008000e0c                __sfp_lock_acquire
                0x0000000008000e10                __sfp_lock_release
                0x0000000008000e14                __sinit_lock_acquire
                0x0000000008000e18                __sinit_lock_release
                0x0000000008000e1c                __fp_lock_all
                0x0000000008000e38                __fp_unlock_all
 .text          0x0000000008000e54      0x248 /usr/lib/gcc/arm-none-eabi/4.7.0/../../../../arm-none-eabi/lib/thumb/libc.a(lib_a-freer.o)
                0x0000000008000e54                _malloc_trim_r
                0x0000000008000f00                _free_r
 .text          0x000000000800109c       0xb4 /usr/lib/gcc/arm-none-eabi/4.7.0/../../../../arm-none-eabi/lib/thumb/libc.a(lib_a-fwalk.o)
                0x000000000800109c                _fwalk
                0x00000000080010f0                _fwalk_reent
 .text          0x0000000008001150       0x98 /usr/lib/gcc/arm-none-eabi/4.7.0/../../../../arm-none-eabi/lib/thumb/libc.a(lib_a-memset.o)
                0x0000000008001150                memset
 .text          0x00000000080011e8       0xac /usr/lib/gcc/arm-none-eabi/4.7.0/../../../../arm-none-eabi/lib/thumb/libc.a(lib_a-stdio.o)
                0x00000000080011e8                __sread
                0x0000000008001214                __seofread
                0x0000000008001218                __swrite
                0x0000000008001254                __sseek
                0x0000000008001284                __sclose
 .text          0x0000000008001294       0x10 /usr/lib/gcc/arm-none-eabi/4.7.0/../../../../arm-none-eabi/lib/thumb/libc.a(lib_a-strlen.o)
                0x0000000008001294                strlen
 .text          0x00000000080012a4       0x2c /usr/lib/gcc/arm-none-eabi/4.7.0/../../../../arm-none-eabi/lib/thumb/libc.a(lib_a-writer.o)
                0x00000000080012a4                _write_r
 .text          0x00000000080012d0       0x28 /usr/lib/gcc/arm-none-eabi/4.7.0/../../../../arm-none-eabi/lib/thumb/libc.a(lib_a-closer.o)
                0x00000000080012d0                _close_r
 .text          0x00000000080012f8       0xb4 /usr/lib/gcc/arm-none-eabi/4.7.0/../../../../arm-none-eabi/lib/thumb/libc.a(lib_a-fclose.o)
                0x00000000080012f8                _fclose_r
                0x0000000008001390                fclose
 .text          0x00000000080013ac      0x1a4 /usr/lib/gcc/arm-none-eabi/4.7.0/../../../../arm-none-eabi/lib/thumb/libc.a(lib_a-fflush.o)
                0x00000000080013ac                __sflush_r
                0x00000000080014f0                _fflush_r
                0x0000000008001520                fflush
 .text          0x0000000008001550       0x2c /usr/lib/gcc/arm-none-eabi/4.7.0/../../../../arm-none-eabi/lib/thumb/libc.a(lib_a-lseekr.o)
                0x0000000008001550                _lseek_r
 .text          0x000000000800157c       0x2c /usr/lib/gcc/arm-none-eabi/4.7.0/../../../../arm-none-eabi/lib/thumb/libc.a(lib_a-readr.o)
                0x000000000800157c                _read_r
 *(.text.*)
 .text.int_to_a
                0x00000000080015a8       0x80 ./src/benchmark.o
                0x00000000080015a8                int_to_a
 .text.Proc_1   0x0000000008001628       0xa8 ./src/benchmark.o
                0x0000000008001628                Proc_1
 .text.dhrystone
                0x00000000080016d0      0x368 ./src/benchmark.o
                0x00000000080016d0                dhrystone
 .text.start_benchmark
                0x0000000008001a38        0x4 ./src/benchmark.o
                0x0000000008001a38                start_benchmark
 .text.buffer_init
                0x0000000008001a3c        0xc ./src/rbuffer.o
                0x0000000008001a3c                buffer_init
 .text.buffer_put
                0x0000000008001a48       0x28 ./src/rbuffer.o
                0x0000000008001a48                buffer_put
 .text.buffer_get
                0x0000000008001a70       0x30 ./src/rbuffer.o
                0x0000000008001a70                buffer_get
 .text.Reset_Handler
                0x0000000008001aa0       0x44 ./src/startup_stm32f10x_md.o
                0x0000000008001aa0                Reset_Handler
 .text.Default_Handler
                0x0000000008001ae4        0x2 ./src/startup_stm32f10x_md.o
                0x0000000008001ae4                EXTI2_IRQHandler
                0x0000000008001ae4                TIM1_CC_IRQHandler
                0x0000000008001ae4                PVD_IRQHandler
                0x0000000008001ae4                EXTI3_IRQHandler
                0x0000000008001ae4                I2C2_EV_IRQHandler
                0x0000000008001ae4                ADC1_2_IRQHandler
                0x0000000008001ae4                SPI1_IRQHandler
                0x0000000008001ae4                TAMPER_IRQHandler
                0x0000000008001ae4                DMA1_Channel4_IRQHandler
                0x0000000008001ae4                USART3_IRQHandler
                0x0000000008001ae4                RTC_IRQHandler
                0x0000000008001ae4                DMA1_Channel7_IRQHandler
                0x0000000008001ae4                CAN1_RX1_IRQHandler
                0x0000000008001ae4                TIM4_IRQHandler
                0x0000000008001ae4                I2C1_EV_IRQHandler
                0x0000000008001ae4                DMA1_Channel6_IRQHandler
                0x0000000008001ae4                TIM3_IRQHandler
                0x0000000008001ae4                RCC_IRQHandler
                0x0000000008001ae4                TIM1_TRG_COM_IRQHandler
                0x0000000008001ae4                DMA1_Channel1_IRQHandler
                0x0000000008001ae4                Default_Handler
                0x0000000008001ae4                EXTI15_10_IRQHandler
                0x0000000008001ae4                EXTI9_5_IRQHandler
                0x0000000008001ae4                SPI2_IRQHandler
                0x0000000008001ae4                DMA1_Channel5_IRQHandler
                0x0000000008001ae4                EXTI4_IRQHandler
                0x0000000008001ae4                USB_LP_CAN1_RX0_IRQHandler
                0x0000000008001ae4                USB_HP_CAN1_TX_IRQHandler
                0x0000000008001ae4                DMA1_Channel3_IRQHandler
                0x0000000008001ae4                TIM1_UP_IRQHandler
                0x0000000008001ae4                WWDG_IRQHandler
                0x0000000008001ae4                TIM2_IRQHandler
                0x0000000008001ae4                TIM1_BRK_IRQHandler
                0x0000000008001ae4                EXTI1_IRQHandler
                0x0000000008001ae4                RTCAlarm_IRQHandler
                0x0000000008001ae4                USART2_IRQHandler
                0x0000000008001ae4                I2C2_ER_IRQHandler
                0x0000000008001ae4                DMA1_Channel2_IRQHandler
                0x0000000008001ae4                CAN1_SCE_IRQHandler
                0x0000000008001ae4                FLASH_IRQHandler
                0x0000000008001ae4                I2C1_ER_IRQHandler
                0x0000000008001ae4                USBWakeUp_IRQHandler
 *fill*         0x0000000008001ae6        0x2 00000000
 .text.NMI_Handler
                0x0000000008001ae8        0x4 ./src/stm32f10x_it.o
                0x0000000008001ae8                NMI_Handler
 .text.HardFault_Handler
                0x0000000008001aec        0x4 ./src/stm32f10x_it.o
                0x0000000008001aec                HardFault_Handler
 .text.MemManage_Handler
                0x0000000008001af0        0x4 ./src/stm32f10x_it.o
                0x0000000008001af0                MemManage_Handler
 .text.BusFault_Handler
                0x0000000008001af4        0x4 ./src/stm32f10x_it.o
                0x0000000008001af4                BusFault_Handler
 .text.UsageFault_Handler
                0x0000000008001af8        0x4 ./src/stm32f10x_it.o
                0x0000000008001af8                UsageFault_Handler
 .text.SVC_Handler
                0x0000000008001afc        0x4 ./src/stm32f10x_it.o
                0x0000000008001afc                SVC_Handler
 .text.DebugMon_Handler
                0x0000000008001b00        0x4 ./src/stm32f10x_it.o
                0x0000000008001b00                DebugMon_Handler
 .text.PendSV_Handler
                0x0000000008001b04        0x4 ./src/stm32f10x_it.o
                0x0000000008001b04                PendSV_Handler
 .text.SysTick_Handler
                0x0000000008001b08       0x38 ./src/stm32f10x_it.o
                0x0000000008001b08                SysTick_Handler
 .text.EXTI0_IRQHandler
                0x0000000008001b40       0x44 ./src/stm32f10x_it.o
                0x0000000008001b40                EXTI0_IRQHandler
 .text.init_counter_ms
                0x0000000008001b84       0x64 ./src/timer.o
                0x0000000008001b84                init_counter_ms
 .text.reset_counter
                0x0000000008001be8        0x4 ./src/timer.o
                0x0000000008001be8                reset_counter
 .text.read_counter
                0x0000000008001bec       0x10 ./src/timer.o
                0x0000000008001bec                read_counter
 .text.usart_init
                0x0000000008001bfc       0xe0 ./src/usart.o
                0x0000000008001bfc                usart_init
 .text.USART1_IRQHandler
                0x0000000008001cdc       0x7c ./src/usart.o
                0x0000000008001cdc                USART1_IRQHandler
 .text.usart_puts
                0x0000000008001d58       0x30 ./src/usart.o
                0x0000000008001d58                usart_puts
 .text.NVIC_Init
                0x0000000008001d88       0x7c ./STM32F10x_StdPeriph_Driver/src/misc.o
                0x0000000008001d88                NVIC_Init
 .text.EXTI_GetITStatus
                0x0000000008001e04       0x20 ./STM32F10x_StdPeriph_Driver/src/stm32f10x_exti.o
                0x0000000008001e04                EXTI_GetITStatus
 .text.EXTI_ClearITPendingBit
                0x0000000008001e24        0xc ./STM32F10x_StdPeriph_Driver/src/stm32f10x_exti.o
                0x0000000008001e24                EXTI_ClearITPendingBit
 .text.FLASH_SetLatency
                0x0000000008001e30       0x14 ./STM32F10x_StdPeriph_Driver/src/stm32f10x_flash.o
                0x0000000008001e30                FLASH_SetLatency
 .text.FLASH_PrefetchBufferCmd
                0x0000000008001e44       0x18 ./STM32F10x_StdPeriph_Driver/src/stm32f10x_flash.o
                0x0000000008001e44                FLASH_PrefetchBufferCmd
 .text.GPIO_Init
                0x0000000008001e5c      0x3d4 ./STM32F10x_StdPeriph_Driver/src/stm32f10x_gpio.o
                0x0000000008001e5c                GPIO_Init
 .text.GPIO_ReadOutputDataBit
                0x0000000008002230        0xc ./STM32F10x_StdPeriph_Driver/src/stm32f10x_gpio.o
                0x0000000008002230                GPIO_ReadOutputDataBit
 .text.GPIO_SetBits
                0x000000000800223c        0x4 ./STM32F10x_StdPeriph_Driver/src/stm32f10x_gpio.o
                0x000000000800223c                GPIO_SetBits
 .text.GPIO_ResetBits
                0x0000000008002240        0x4 ./STM32F10x_StdPeriph_Driver/src/stm32f10x_gpio.o
                0x0000000008002240                GPIO_ResetBits
 .text.RCC_DeInit
                0x0000000008002244       0x40 ./STM32F10x_StdPeriph_Driver/src/stm32f10x_rcc.o
                0x0000000008002244                RCC_DeInit
 .text.RCC_HSEConfig
                0x0000000008002284       0x38 ./STM32F10x_StdPeriph_Driver/src/stm32f10x_rcc.o
                0x0000000008002284                RCC_HSEConfig
 .text.RCC_WaitForHSEStartUp
                0x00000000080022bc       0x40 ./STM32F10x_StdPeriph_Driver/src/stm32f10x_rcc.o
                0x00000000080022bc                RCC_WaitForHSEStartUp
 .text.RCC_PLLConfig
                0x00000000080022fc       0x18 ./STM32F10x_StdPeriph_Driver/src/stm32f10x_rcc.o
                0x00000000080022fc                RCC_PLLConfig
 .text.RCC_PLLCmd
                0x0000000008002314        0xc ./STM32F10x_StdPeriph_Driver/src/stm32f10x_rcc.o
                0x0000000008002314                RCC_PLLCmd
 .text.RCC_SYSCLKConfig
                0x0000000008002320       0x14 ./STM32F10x_StdPeriph_Driver/src/stm32f10x_rcc.o
                0x0000000008002320                RCC_SYSCLKConfig
 .text.RCC_GetSYSCLKSource
                0x0000000008002334       0x10 ./STM32F10x_StdPeriph_Driver/src/stm32f10x_rcc.o
                0x0000000008002334                RCC_GetSYSCLKSource
 .text.RCC_HCLKConfig
                0x0000000008002344       0x14 ./STM32F10x_StdPeriph_Driver/src/stm32f10x_rcc.o
                0x0000000008002344                RCC_HCLKConfig
 .text.RCC_PCLK1Config
                0x0000000008002358       0x14 ./STM32F10x_StdPeriph_Driver/src/stm32f10x_rcc.o
                0x0000000008002358                RCC_PCLK1Config
 .text.RCC_PCLK2Config
                0x000000000800236c       0x18 ./STM32F10x_StdPeriph_Driver/src/stm32f10x_rcc.o
                0x000000000800236c                RCC_PCLK2Config
 .text.RCC_GetClocksFreq
                0x0000000008002384       0xa8 ./STM32F10x_StdPeriph_Driver/src/stm32f10x_rcc.o
                0x0000000008002384                RCC_GetClocksFreq
 .text.RCC_APB2PeriphClockCmd
                0x000000000800242c       0x1c ./STM32F10x_StdPeriph_Driver/src/stm32f10x_rcc.o
                0x000000000800242c                RCC_APB2PeriphClockCmd
 .text.RCC_APB1PeriphClockCmd
                0x0000000008002448       0x1c ./STM32F10x_StdPeriph_Driver/src/stm32f10x_rcc.o
                0x0000000008002448                RCC_APB1PeriphClockCmd
 .text.RCC_GetFlagStatus
                0x0000000008002464       0x30 ./STM32F10x_StdPeriph_Driver/src/stm32f10x_rcc.o
                0x0000000008002464                RCC_GetFlagStatus
 .text.TIM_TimeBaseInit
                0x0000000008002494       0xc0 ./STM32F10x_StdPeriph_Driver/src/stm32f10x_tim.o
                0x0000000008002494                TIM_TimeBaseInit
 .text.TIM_Cmd  0x0000000008002554       0x1c ./STM32F10x_StdPeriph_Driver/src/stm32f10x_tim.o
                0x0000000008002554                TIM_Cmd
 .text.TIM_PrescalerConfig
                0x0000000008002570        0x8 ./STM32F10x_StdPeriph_Driver/src/stm32f10x_tim.o
                0x0000000008002570                TIM_PrescalerConfig
 .text.TIM_GetCounter
                0x0000000008002578        0x8 ./STM32F10x_StdPeriph_Driver/src/stm32f10x_tim.o
                0x0000000008002578                TIM_GetCounter
 .text.USART_Init
                0x0000000008002580       0xcc ./STM32F10x_StdPeriph_Driver/src/stm32f10x_usart.o
                0x0000000008002580                USART_Init
 .text.USART_ClockInit
                0x000000000800264c       0x24 ./STM32F10x_StdPeriph_Driver/src/stm32f10x_usart.o
                0x000000000800264c                USART_ClockInit
 .text.USART_ClockStructInit
                0x0000000008002670        0xc ./STM32F10x_StdPeriph_Driver/src/stm32f10x_usart.o
                0x0000000008002670                USART_ClockStructInit
 .text.USART_Cmd
                0x000000000800267c       0x1c ./STM32F10x_StdPeriph_Driver/src/stm32f10x_usart.o
                0x000000000800267c                USART_Cmd
 .text.USART_ITConfig
                0x0000000008002698       0x38 ./STM32F10x_StdPeriph_Driver/src/stm32f10x_usart.o
                0x0000000008002698                USART_ITConfig
 .text.USART_SendData
                0x00000000080026d0        0x8 ./STM32F10x_StdPeriph_Driver/src/stm32f10x_usart.o
                0x00000000080026d0                USART_SendData
 .text.USART_ReceiveData
                0x00000000080026d8        0x8 ./STM32F10x_StdPeriph_Driver/src/stm32f10x_usart.o
                0x00000000080026d8                USART_ReceiveData
 .text.USART_GetITStatus
                0x00000000080026e0       0x4c ./STM32F10x_StdPeriph_Driver/src/stm32f10x_usart.o
                0x00000000080026e0                USART_GetITStatus
 .text.SystemInit
                0x000000000800272c      0x11c ./CMSIS/CM3/DeviceSupport/ST/STM32F10x/system_stm32f10x.o
                0x000000000800272c                SystemInit
 .text.RCC_Configuration
                0x0000000008002848       0x68 ./main.o
                0x0000000008002848                RCC_Configuration
 .text.startup.main
                0x00000000080028b0       0x88 ./main.o
                0x00000000080028b0                main
                0x0000000008002938                . = ALIGN (0x4)
 *(.rodata)
 .rodata        0x0000000008002938       0x28 ./src/benchmark.o
 .rodata        0x0000000008002960        0x4 /usr/lib/gcc/arm-none-eabi/4.7.0/../../../../arm-none-eabi/lib/thumb/libc.a(lib_a-impure.o)
                0x0000000008002960                _global_impure_ptr
 *(.rodata.*)
 .rodata.str1.4
                0x0000000008002964      0x10c ./src/benchmark.o
                                        0x110 (size before relaxing)
 .rodata.str1.4
                0x0000000008002a70        0x4 /usr/lib/gcc/arm-none-eabi/4.7.0/../../../../arm-none-eabi/lib/thumb/libc.a(lib_a-syscalls.o)
 .rodata.str1.4
                0x0000000008002a74        0x4 /usr/lib/gcc/arm-none-eabi/4.7.0/../../../../arm-none-eabi/lib/thumb/libc.a(lib_a-impure.o)
                0x0000000008002a78                . = ALIGN (0x4)
                0x0000000008002a78                _etext = .
                0x0000000008002a78                _sidata = _etext

.glue_7         0x0000000008002a78        0x0
 .glue_7        0x0000000000000000        0x0 linker stubs

.glue_7t        0x0000000008002a78        0x0
 .glue_7t       0x0000000000000000        0x0 linker stubs

.vfp11_veneer   0x0000000008002a78        0x0
 .vfp11_veneer  0x0000000000000000        0x0 linker stubs

.v4_bx          0x0000000008002a78        0x0
 .v4_bx         0x0000000000000000        0x0 linker stubs

.data           0x0000000020000000      0x854 load address 0x0000000008002a78
                0x0000000020000000                . = ALIGN (0x4)
                0x0000000020000000                _sdata = .
 *(.data)
 .data          0x0000000020000000      0x410 /usr/lib/gcc/arm-none-eabi/4.7.0/../../../../arm-none-eabi/lib/thumb/libc.a(lib_a-mallocr.o)
                0x0000000020000000                __malloc_av_
                0x0000000020000408                __malloc_sbrk_base
                0x000000002000040c                __malloc_trim_threshold
 .data          0x0000000020000410      0x430 /usr/lib/gcc/arm-none-eabi/4.7.0/../../../../arm-none-eabi/lib/thumb/libc.a(lib_a-impure.o)
                0x0000000020000410                _impure_ptr
 *(.data.*)
 .data.ADCPrescTable
                0x0000000020000840        0x4 ./STM32F10x_StdPeriph_Driver/src/stm32f10x_rcc.o
 .data.APBAHBPrescTable
                0x0000000020000844       0x10 ./STM32F10x_StdPeriph_Driver/src/stm32f10x_rcc.o
                0x0000000020000854                . = ALIGN (0x4)
 *(.fastrun)
 *(.fastrun.*)
                0x0000000020000854                . = ALIGN (0x4)
                0x0000000020000854                _edata = .

.bss            0x0000000020000854     0x29dc load address 0x00000000080032cc
                0x0000000020000854                __bss_start__ = .
                0x0000000020000854                . = ALIGN (0x4)
                0x0000000020000854                _sbss = .
 *(.bss)
 .bss           0x0000000020000854       0x34 /usr/lib/gcc/arm-none-eabi/4.7.0/../../../../arm-none-eabi/lib/thumb/libc.a(lib_a-mallocr.o)
                0x0000000020000854                __malloc_top_pad
                0x0000000020000858                __malloc_current_mallinfo
                0x0000000020000880                __malloc_max_sbrked_mem
                0x0000000020000884                __malloc_max_total_mem
 .bss           0x0000000020000888       0xb0 /usr/lib/gcc/arm-none-eabi/4.7.0/../../../../arm-none-eabi/lib/thumb/libc.a(lib_a-syscalls.o)
 *(.bss.*)
                0x0000000020000938                . = ALIGN (0x4)
                0x0000000020000938                __bss_end__ = .
 COMMON         0x0000000020000938     0x27ec ./src/benchmark.o
                0x0000000020000938                Arr_2_Glob
                0x0000000020003048                Next_Ptr_Glob
                0x000000002000304c                Int_Glob
                0x0000000020003050                Ch_1_Glob
                0x0000000020003051                Ch_2_Glob
                0x0000000020003054                Ptr_Glob
                0x0000000020003058                Arr_1_Glob
                0x0000000020003120                Bool_Glob
 COMMON         0x0000000020003124      0x107 ./src/usart.o
                0x0000000020003124                u1rx
                0x00000000200031a8                u1tx
 *fill*         0x000000002000322b        0x1 00
 COMMON         0x000000002000322c        0x4 /usr/lib/gcc/arm-none-eabi/4.7.0/../../../../arm-none-eabi/lib/thumb/libc.a(lib_a-reent.o)
                0x000000002000322c                errno
                0x0000000020003230                _ebss = .
                0x0000000020003230                end = .
                0x0000000020003230                __end__ = .
                0x0000000020005000                _estack = (ORIGIN (RAM) + 0x5000)
OUTPUT(chinaboard_model.elf elf32-littlearm)

.comment        0x0000000000000000       0x22
 .comment       0x0000000000000000       0x11 ./src/benchmark.o
                                         0x12 (size before relaxing)
 .comment       0x0000000000000000       0x12 ./src/rbuffer.o
 .comment       0x0000000000000000       0x12 ./src/stm32f10x_it.o
 .comment       0x0000000000000000       0x12 ./src/timer.o
 .comment       0x0000000000000000       0x12 ./src/usart.o
 .comment       0x0000000000000000       0x12 ./STM32F10x_StdPeriph_Driver/src/misc.o
 .comment       0x0000000000000000       0x12 ./STM32F10x_StdPeriph_Driver/src/stm32f10x_adc.o
 .comment       0x0000000000000000       0x12 ./STM32F10x_StdPeriph_Driver/src/stm32f10x_bkp.o
 .comment       0x0000000000000000       0x12 ./STM32F10x_StdPeriph_Driver/src/stm32f10x_can.o
 .comment       0x0000000000000000       0x12 ./STM32F10x_StdPeriph_Driver/src/stm32f10x_cec.o
 .comment       0x0000000000000000       0x12 ./STM32F10x_StdPeriph_Driver/src/stm32f10x_crc.o
 .comment       0x0000000000000000       0x12 ./STM32F10x_StdPeriph_Driver/src/stm32f10x_dac.o
 .comment       0x0000000000000000       0x12 ./STM32F10x_StdPeriph_Driver/src/stm32f10x_dbgmcu.o
 .comment       0x0000000000000000       0x12 ./STM32F10x_StdPeriph_Driver/src/stm32f10x_dma.o
 .comment       0x0000000000000000       0x12 ./STM32F10x_StdPeriph_Driver/src/stm32f10x_exti.o
 .comment       0x0000000000000000       0x12 ./STM32F10x_StdPeriph_Driver/src/stm32f10x_flash.o
 .comment       0x0000000000000000       0x12 ./STM32F10x_StdPeriph_Driver/src/stm32f10x_fsmc.o
 .comment       0x0000000000000000       0x12 ./STM32F10x_StdPeriph_Driver/src/stm32f10x_gpio.o
 .comment       0x0000000000000000       0x12 ./STM32F10x_StdPeriph_Driver/src/stm32f10x_i2c.o
 .comment       0x0000000000000000       0x12 ./STM32F10x_StdPeriph_Driver/src/stm32f10x_iwdg.o
 .comment       0x0000000000000000       0x12 ./STM32F10x_StdPeriph_Driver/src/stm32f10x_pwr.o
 .comment       0x0000000000000000       0x12 ./STM32F10x_StdPeriph_Driver/src/stm32f10x_rcc.o
 .comment       0x0000000000000000       0x12 ./STM32F10x_StdPeriph_Driver/src/stm32f10x_rtc.o
 .comment       0x0000000000000000       0x12 ./STM32F10x_StdPeriph_Driver/src/stm32f10x_sdio.o
 .comment       0x0000000000000000       0x12 ./STM32F10x_StdPeriph_Driver/src/stm32f10x_spi.o
 .comment       0x0000000000000000       0x12 ./STM32F10x_StdPeriph_Driver/src/stm32f10x_tim.o
 .comment       0x0000000000000000       0x12 ./STM32F10x_StdPeriph_Driver/src/stm32f10x_usart.o
 .comment       0x0000000000000000       0x12 ./STM32F10x_StdPeriph_Driver/src/stm32f10x_wwdg.o
 .comment       0x0000000000000000       0x12 ./CMSIS/CM3/DeviceSupport/ST/STM32F10x/system_stm32f10x.o
 .comment       0x0000000000000000       0x12 ./CMSIS/CM3/CoreSupport/core_cm3.o
 .comment       0x0000000000000000       0x12 ./main.o
 .comment       0x0000000000000011       0x11 /usr/lib/gcc/arm-none-eabi/4.7.0/../../../../arm-none-eabi/lib/thumb/libc.a(lib_a-malloc.o)
                                         0x12 (size before relaxing)
 .comment       0x0000000000000000       0x12 /usr/lib/gcc/arm-none-eabi/4.7.0/../../../../arm-none-eabi/lib/thumb/libc.a(lib_a-mallocr.o)
 .comment       0x0000000000000000       0x12 /usr/lib/gcc/arm-none-eabi/4.7.0/../../../../arm-none-eabi/lib/thumb/libc.a(lib_a-mlock.o)
 .comment       0x0000000000000000       0x12 /usr/lib/gcc/arm-none-eabi/4.7.0/../../../../arm-none-eabi/lib/thumb/libc.a(lib_a-sbrkr.o)
 .comment       0x0000000000000000       0x12 /usr/lib/gcc/arm-none-eabi/4.7.0/../../../../arm-none-eabi/lib/thumb/libc.a(lib_a-strcmp.o)
 .comment       0x0000000000000000       0x12 /usr/lib/gcc/arm-none-eabi/4.7.0/../../../../arm-none-eabi/lib/thumb/libc.a(lib_a-syscalls.o)
 .comment       0x0000000000000000       0x12 /usr/lib/gcc/arm-none-eabi/4.7.0/../../../../arm-none-eabi/lib/thumb/libc.a(lib_a-errno.o)
 .comment       0x0000000000000000       0x12 /usr/lib/gcc/arm-none-eabi/4.7.0/../../../../arm-none-eabi/lib/thumb/libc.a(lib_a-findfp.o)
 .comment       0x0000000000000000       0x12 /usr/lib/gcc/arm-none-eabi/4.7.0/../../../../arm-none-eabi/lib/thumb/libc.a(lib_a-freer.o)
 .comment       0x0000000000000000       0x12 /usr/lib/gcc/arm-none-eabi/4.7.0/../../../../arm-none-eabi/lib/thumb/libc.a(lib_a-fwalk.o)
 .comment       0x0000000000000000       0x12 /usr/lib/gcc/arm-none-eabi/4.7.0/../../../../arm-none-eabi/lib/thumb/libc.a(lib_a-impure.o)
 .comment       0x0000000000000000       0x12 /usr/lib/gcc/arm-none-eabi/4.7.0/../../../../arm-none-eabi/lib/thumb/libc.a(lib_a-memset.o)
 .comment       0x0000000000000000       0x12 /usr/lib/gcc/arm-none-eabi/4.7.0/../../../../arm-none-eabi/lib/thumb/libc.a(lib_a-reent.o)
 .comment       0x0000000000000000       0x12 /usr/lib/gcc/arm-none-eabi/4.7.0/../../../../arm-none-eabi/lib/thumb/libc.a(lib_a-stdio.o)
 .comment       0x0000000000000000       0x12 /usr/lib/gcc/arm-none-eabi/4.7.0/../../../../arm-none-eabi/lib/thumb/libc.a(lib_a-strlen.o)
 .comment       0x0000000000000000       0x12 /usr/lib/gcc/arm-none-eabi/4.7.0/../../../../arm-none-eabi/lib/thumb/libc.a(lib_a-writer.o)
 .comment       0x0000000000000000       0x12 /usr/lib/gcc/arm-none-eabi/4.7.0/../../../../arm-none-eabi/lib/thumb/libc.a(lib_a-closer.o)
 .comment       0x0000000000000000       0x12 /usr/lib/gcc/arm-none-eabi/4.7.0/../../../../arm-none-eabi/lib/thumb/libc.a(lib_a-fclose.o)
 .comment       0x0000000000000000       0x12 /usr/lib/gcc/arm-none-eabi/4.7.0/../../../../arm-none-eabi/lib/thumb/libc.a(lib_a-fflush.o)
 .comment       0x0000000000000000       0x12 /usr/lib/gcc/arm-none-eabi/4.7.0/../../../../arm-none-eabi/lib/thumb/libc.a(lib_a-lseekr.o)
 .comment       0x0000000000000000       0x12 /usr/lib/gcc/arm-none-eabi/4.7.0/../../../../arm-none-eabi/lib/thumb/libc.a(lib_a-readr.o)

.ARM.attributes
                0x0000000000000000       0x33
 .ARM.attributes
                0x0000000000000000       0x33 ./src/benchmark.o
 .ARM.attributes
                0x0000000000000033       0x33 ./src/rbuffer.o
 .ARM.attributes
                0x0000000000000066       0x21 ./src/startup_stm32f10x_md.o
 .ARM.attributes
                0x0000000000000087       0x33 ./src/stm32f10x_it.o
 .ARM.attributes
                0x00000000000000ba       0x33 ./src/timer.o
 .ARM.attributes
                0x00000000000000ed       0x33 ./src/usart.o
 .ARM.attributes
                0x0000000000000120       0x33 ./STM32F10x_StdPeriph_Driver/src/misc.o
 .ARM.attributes
                0x0000000000000153       0x33 ./STM32F10x_StdPeriph_Driver/src/stm32f10x_adc.o
 .ARM.attributes
                0x0000000000000186       0x33 ./STM32F10x_StdPeriph_Driver/src/stm32f10x_bkp.o
 .ARM.attributes
                0x00000000000001b9       0x33 ./STM32F10x_StdPeriph_Driver/src/stm32f10x_can.o
 .ARM.attributes
                0x00000000000001ec       0x33 ./STM32F10x_StdPeriph_Driver/src/stm32f10x_cec.o
 .ARM.attributes
                0x000000000000021f       0x33 ./STM32F10x_StdPeriph_Driver/src/stm32f10x_crc.o
 .ARM.attributes
                0x0000000000000252       0x33 ./STM32F10x_StdPeriph_Driver/src/stm32f10x_dac.o
 .ARM.attributes
                0x0000000000000285       0x33 ./STM32F10x_StdPeriph_Driver/src/stm32f10x_dbgmcu.o
 .ARM.attributes
                0x00000000000002b8       0x33 ./STM32F10x_StdPeriph_Driver/src/stm32f10x_dma.o
 .ARM.attributes
                0x00000000000002eb       0x33 ./STM32F10x_StdPeriph_Driver/src/stm32f10x_exti.o
 .ARM.attributes
                0x000000000000031e       0x33 ./STM32F10x_StdPeriph_Driver/src/stm32f10x_flash.o
 .ARM.attributes
                0x0000000000000351       0x33 ./STM32F10x_StdPeriph_Driver/src/stm32f10x_fsmc.o
 .ARM.attributes
                0x0000000000000384       0x33 ./STM32F10x_StdPeriph_Driver/src/stm32f10x_gpio.o
 .ARM.attributes
                0x00000000000003b7       0x33 ./STM32F10x_StdPeriph_Driver/src/stm32f10x_i2c.o
 .ARM.attributes
                0x00000000000003ea       0x33 ./STM32F10x_StdPeriph_Driver/src/stm32f10x_iwdg.o
 .ARM.attributes
                0x000000000000041d       0x33 ./STM32F10x_StdPeriph_Driver/src/stm32f10x_pwr.o
 .ARM.attributes
                0x0000000000000450       0x33 ./STM32F10x_StdPeriph_Driver/src/stm32f10x_rcc.o
 .ARM.attributes
                0x0000000000000483       0x33 ./STM32F10x_StdPeriph_Driver/src/stm32f10x_rtc.o
 .ARM.attributes
                0x00000000000004b6       0x33 ./STM32F10x_StdPeriph_Driver/src/stm32f10x_sdio.o
 .ARM.attributes
                0x00000000000004e9       0x33 ./STM32F10x_StdPeriph_Driver/src/stm32f10x_spi.o
 .ARM.attributes
                0x000000000000051c       0x33 ./STM32F10x_StdPeriph_Driver/src/stm32f10x_tim.o
 .ARM.attributes
                0x000000000000054f       0x33 ./STM32F10x_StdPeriph_Driver/src/stm32f10x_usart.o
 .ARM.attributes
                0x0000000000000582       0x33 ./STM32F10x_StdPeriph_Driver/src/stm32f10x_wwdg.o
 .ARM.attributes
                0x00000000000005b5       0x33 ./CMSIS/CM3/DeviceSupport/ST/STM32F10x/system_stm32f10x.o
 .ARM.attributes
                0x00000000000005e8       0x33 ./CMSIS/CM3/CoreSupport/core_cm3.o
 .ARM.attributes
                0x000000000000061b       0x33 ./main.o
 .ARM.attributes
                0x000000000000064e       0x32 /usr/lib/gcc/arm-none-eabi/4.7.0/../../../../arm-none-eabi/lib/thumb/libc.a(lib_a-malloc.o)
 .ARM.attributes
                0x0000000000000680       0x32 /usr/lib/gcc/arm-none-eabi/4.7.0/../../../../arm-none-eabi/lib/thumb/libc.a(lib_a-mallocr.o)
 .ARM.attributes
                0x00000000000006b2       0x32 /usr/lib/gcc/arm-none-eabi/4.7.0/../../../../arm-none-eabi/lib/thumb/libc.a(lib_a-mlock.o)
 .ARM.attributes
                0x00000000000006e4       0x32 /usr/lib/gcc/arm-none-eabi/4.7.0/../../../../arm-none-eabi/lib/thumb/libc.a(lib_a-sbrkr.o)
 .ARM.attributes
                0x0000000000000716       0x32 /usr/lib/gcc/arm-none-eabi/4.7.0/../../../../arm-none-eabi/lib/thumb/libc.a(lib_a-strcmp.o)
 .ARM.attributes
                0x0000000000000748       0x32 /usr/lib/gcc/arm-none-eabi/4.7.0/../../../../arm-none-eabi/lib/thumb/libc.a(lib_a-syscalls.o)
 .ARM.attributes
                0x000000000000077a       0x32 /usr/lib/gcc/arm-none-eabi/4.7.0/../../../../arm-none-eabi/lib/thumb/libc.a(lib_a-errno.o)
 .ARM.attributes
                0x00000000000007ac       0x32 /usr/lib/gcc/arm-none-eabi/4.7.0/../../../../arm-none-eabi/lib/thumb/libc.a(lib_a-findfp.o)
 .ARM.attributes
                0x00000000000007de       0x32 /usr/lib/gcc/arm-none-eabi/4.7.0/../../../../arm-none-eabi/lib/thumb/libc.a(lib_a-freer.o)
 .ARM.attributes
                0x0000000000000810       0x32 /usr/lib/gcc/arm-none-eabi/4.7.0/../../../../arm-none-eabi/lib/thumb/libc.a(lib_a-fwalk.o)
 .ARM.attributes
                0x0000000000000842       0x32 /usr/lib/gcc/arm-none-eabi/4.7.0/../../../../arm-none-eabi/lib/thumb/libc.a(lib_a-impure.o)
 .ARM.attributes
                0x0000000000000874       0x32 /usr/lib/gcc/arm-none-eabi/4.7.0/../../../../arm-none-eabi/lib/thumb/libc.a(lib_a-memset.o)
 .ARM.attributes
                0x00000000000008a6       0x32 /usr/lib/gcc/arm-none-eabi/4.7.0/../../../../arm-none-eabi/lib/thumb/libc.a(lib_a-reent.o)
 .ARM.attributes
                0x00000000000008d8       0x32 /usr/lib/gcc/arm-none-eabi/4.7.0/../../../../arm-none-eabi/lib/thumb/libc.a(lib_a-stdio.o)
 .ARM.attributes
                0x000000000000090a       0x32 /usr/lib/gcc/arm-none-eabi/4.7.0/../../../../arm-none-eabi/lib/thumb/libc.a(lib_a-strlen.o)
 .ARM.attributes
                0x000000000000093c       0x32 /usr/lib/gcc/arm-none-eabi/4.7.0/../../../../arm-none-eabi/lib/thumb/libc.a(lib_a-writer.o)
 .ARM.attributes
                0x000000000000096e       0x32 /usr/lib/gcc/arm-none-eabi/4.7.0/../../../../arm-none-eabi/lib/thumb/libc.a(lib_a-closer.o)
 .ARM.attributes
                0x00000000000009a0       0x32 /usr/lib/gcc/arm-none-eabi/4.7.0/../../../../arm-none-eabi/lib/thumb/libc.a(lib_a-fclose.o)
 .ARM.attributes
                0x00000000000009d2       0x32 /usr/lib/gcc/arm-none-eabi/4.7.0/../../../../arm-none-eabi/lib/thumb/libc.a(lib_a-fflush.o)
 .ARM.attributes
                0x0000000000000a04       0x32 /usr/lib/gcc/arm-none-eabi/4.7.0/../../../../arm-none-eabi/lib/thumb/libc.a(lib_a-lseekr.o)
 .ARM.attributes
                0x0000000000000a36       0x32 /usr/lib/gcc/arm-none-eabi/4.7.0/../../../../arm-none-eabi/lib/thumb/libc.a(lib_a-readr.o)

.debug_info     0x0000000000000000     0xcccb
 .debug_info    0x0000000000000000      0x999 /usr/lib/gcc/arm-none-eabi/4.7.0/../../../../arm-none-eabi/lib/thumb/libc.a(lib_a-malloc.o)
 .debug_info    0x0000000000000999      0xd17 /usr/lib/gcc/arm-none-eabi/4.7.0/../../../../arm-none-eabi/lib/thumb/libc.a(lib_a-mallocr.o)
 .debug_info    0x00000000000016b0      0x980 /usr/lib/gcc/arm-none-eabi/4.7.0/../../../../arm-none-eabi/lib/thumb/libc.a(lib_a-mlock.o)
 .debug_info    0x0000000000002030      0x99f /usr/lib/gcc/arm-none-eabi/4.7.0/../../../../arm-none-eabi/lib/thumb/libc.a(lib_a-sbrkr.o)
 .debug_info    0x00000000000029cf       0xb1 /usr/lib/gcc/arm-none-eabi/4.7.0/../../../../arm-none-eabi/lib/thumb/libc.a(lib_a-strcmp.o)
 .debug_info    0x0000000000002a80     0x1b00 /usr/lib/gcc/arm-none-eabi/4.7.0/../../../../arm-none-eabi/lib/thumb/libc.a(lib_a-syscalls.o)
 .debug_info    0x0000000000004580      0x956 /usr/lib/gcc/arm-none-eabi/4.7.0/../../../../arm-none-eabi/lib/thumb/libc.a(lib_a-errno.o)
 .debug_info    0x0000000000004ed6      0xbe0 /usr/lib/gcc/arm-none-eabi/4.7.0/../../../../arm-none-eabi/lib/thumb/libc.a(lib_a-findfp.o)
 .debug_info    0x0000000000005ab6      0xbfa /usr/lib/gcc/arm-none-eabi/4.7.0/../../../../arm-none-eabi/lib/thumb/libc.a(lib_a-freer.o)
 .debug_info    0x00000000000066b0      0xa52 /usr/lib/gcc/arm-none-eabi/4.7.0/../../../../arm-none-eabi/lib/thumb/libc.a(lib_a-fwalk.o)
 .debug_info    0x0000000000007102      0x966 /usr/lib/gcc/arm-none-eabi/4.7.0/../../../../arm-none-eabi/lib/thumb/libc.a(lib_a-impure.o)
 .debug_info    0x0000000000007a68      0x114 /usr/lib/gcc/arm-none-eabi/4.7.0/../../../../arm-none-eabi/lib/thumb/libc.a(lib_a-memset.o)
 .debug_info    0x0000000000007b7c      0xa56 /usr/lib/gcc/arm-none-eabi/4.7.0/../../../../arm-none-eabi/lib/thumb/libc.a(lib_a-reent.o)
 .debug_info    0x00000000000085d2      0xb38 /usr/lib/gcc/arm-none-eabi/4.7.0/../../../../arm-none-eabi/lib/thumb/libc.a(lib_a-stdio.o)
 .debug_info    0x000000000000910a       0xc9 /usr/lib/gcc/arm-none-eabi/4.7.0/../../../../arm-none-eabi/lib/thumb/libc.a(lib_a-strlen.o)
 .debug_info    0x00000000000091d3      0x9c9 /usr/lib/gcc/arm-none-eabi/4.7.0/../../../../arm-none-eabi/lib/thumb/libc.a(lib_a-writer.o)
 .debug_info    0x0000000000009b9c      0x98e /usr/lib/gcc/arm-none-eabi/4.7.0/../../../../arm-none-eabi/lib/thumb/libc.a(lib_a-closer.o)
 .debug_info    0x000000000000a52a      0x9be /usr/lib/gcc/arm-none-eabi/4.7.0/../../../../arm-none-eabi/lib/thumb/libc.a(lib_a-fclose.o)
 .debug_info    0x000000000000aee8      0xa6a /usr/lib/gcc/arm-none-eabi/4.7.0/../../../../arm-none-eabi/lib/thumb/libc.a(lib_a-fflush.o)
 .debug_info    0x000000000000b952      0x9b7 /usr/lib/gcc/arm-none-eabi/4.7.0/../../../../arm-none-eabi/lib/thumb/libc.a(lib_a-lseekr.o)
 .debug_info    0x000000000000c309      0x9c2 /usr/lib/gcc/arm-none-eabi/4.7.0/../../../../arm-none-eabi/lib/thumb/libc.a(lib_a-readr.o)

.debug_abbrev   0x0000000000000000     0x2383
 .debug_abbrev  0x0000000000000000      0x196 /usr/lib/gcc/arm-none-eabi/4.7.0/../../../../arm-none-eabi/lib/thumb/libc.a(lib_a-malloc.o)
 .debug_abbrev  0x0000000000000196      0x222 /usr/lib/gcc/arm-none-eabi/4.7.0/../../../../arm-none-eabi/lib/thumb/libc.a(lib_a-mallocr.o)
 .debug_abbrev  0x00000000000003b8      0x179 /usr/lib/gcc/arm-none-eabi/4.7.0/../../../../arm-none-eabi/lib/thumb/libc.a(lib_a-mlock.o)
 .debug_abbrev  0x0000000000000531      0x1b0 /usr/lib/gcc/arm-none-eabi/4.7.0/../../../../arm-none-eabi/lib/thumb/libc.a(lib_a-sbrkr.o)
 .debug_abbrev  0x00000000000006e1       0x6f /usr/lib/gcc/arm-none-eabi/4.7.0/../../../../arm-none-eabi/lib/thumb/libc.a(lib_a-strcmp.o)
 .debug_abbrev  0x0000000000000750      0x450 /usr/lib/gcc/arm-none-eabi/4.7.0/../../../../arm-none-eabi/lib/thumb/libc.a(lib_a-syscalls.o)
 .debug_abbrev  0x0000000000000ba0      0x16e /usr/lib/gcc/arm-none-eabi/4.7.0/../../../../arm-none-eabi/lib/thumb/libc.a(lib_a-errno.o)
 .debug_abbrev  0x0000000000000d0e      0x281 /usr/lib/gcc/arm-none-eabi/4.7.0/../../../../arm-none-eabi/lib/thumb/libc.a(lib_a-findfp.o)
 .debug_abbrev  0x0000000000000f8f      0x1ea /usr/lib/gcc/arm-none-eabi/4.7.0/../../../../arm-none-eabi/lib/thumb/libc.a(lib_a-freer.o)
 .debug_abbrev  0x0000000000001179      0x18c /usr/lib/gcc/arm-none-eabi/4.7.0/../../../../arm-none-eabi/lib/thumb/libc.a(lib_a-fwalk.o)
 .debug_abbrev  0x0000000000001305      0x166 /usr/lib/gcc/arm-none-eabi/4.7.0/../../../../arm-none-eabi/lib/thumb/libc.a(lib_a-impure.o)
 .debug_abbrev  0x000000000000146b       0x9c /usr/lib/gcc/arm-none-eabi/4.7.0/../../../../arm-none-eabi/lib/thumb/libc.a(lib_a-memset.o)
 .debug_abbrev  0x0000000000001507      0x1e6 /usr/lib/gcc/arm-none-eabi/4.7.0/../../../../arm-none-eabi/lib/thumb/libc.a(lib_a-reent.o)
 .debug_abbrev  0x00000000000016ed      0x1e9 /usr/lib/gcc/arm-none-eabi/4.7.0/../../../../arm-none-eabi/lib/thumb/libc.a(lib_a-stdio.o)
 .debug_abbrev  0x00000000000018d6       0x89 /usr/lib/gcc/arm-none-eabi/4.7.0/../../../../arm-none-eabi/lib/thumb/libc.a(lib_a-strlen.o)
 .debug_abbrev  0x000000000000195f      0x1a9 /usr/lib/gcc/arm-none-eabi/4.7.0/../../../../arm-none-eabi/lib/thumb/libc.a(lib_a-writer.o)
 .debug_abbrev  0x0000000000001b08      0x1a4 /usr/lib/gcc/arm-none-eabi/4.7.0/../../../../arm-none-eabi/lib/thumb/libc.a(lib_a-closer.o)
 .debug_abbrev  0x0000000000001cac      0x1b6 /usr/lib/gcc/arm-none-eabi/4.7.0/../../../../arm-none-eabi/lib/thumb/libc.a(lib_a-fclose.o)
 .debug_abbrev  0x0000000000001e62      0x1ca /usr/lib/gcc/arm-none-eabi/4.7.0/../../../../arm-none-eabi/lib/thumb/libc.a(lib_a-fflush.o)
 .debug_abbrev  0x000000000000202c      0x1b3 /usr/lib/gcc/arm-none-eabi/4.7.0/../../../../arm-none-eabi/lib/thumb/libc.a(lib_a-lseekr.o)
 .debug_abbrev  0x00000000000021df      0x1a4 /usr/lib/gcc/arm-none-eabi/4.7.0/../../../../arm-none-eabi/lib/thumb/libc.a(lib_a-readr.o)

.debug_loc      0x0000000000000000     0x2e53
 .debug_loc     0x0000000000000000       0x7c /usr/lib/gcc/arm-none-eabi/4.7.0/../../../../arm-none-eabi/lib/thumb/libc.a(lib_a-malloc.o)
 .debug_loc     0x000000000000007c      0xa9c /usr/lib/gcc/arm-none-eabi/4.7.0/../../../../arm-none-eabi/lib/thumb/libc.a(lib_a-mallocr.o)
 .debug_loc     0x0000000000000b18       0x5c /usr/lib/gcc/arm-none-eabi/4.7.0/../../../../arm-none-eabi/lib/thumb/libc.a(lib_a-sbrkr.o)
 .debug_loc     0x0000000000000b74       0x13 /usr/lib/gcc/arm-none-eabi/4.7.0/../../../../arm-none-eabi/lib/thumb/libc.a(lib_a-strcmp.o)
 .debug_loc     0x0000000000000b87      0xee8 /usr/lib/gcc/arm-none-eabi/4.7.0/../../../../arm-none-eabi/lib/thumb/libc.a(lib_a-syscalls.o)
 .debug_loc     0x0000000000001a6f      0x2d3 /usr/lib/gcc/arm-none-eabi/4.7.0/../../../../arm-none-eabi/lib/thumb/libc.a(lib_a-findfp.o)
 .debug_loc     0x0000000000001d42      0x3b8 /usr/lib/gcc/arm-none-eabi/4.7.0/../../../../arm-none-eabi/lib/thumb/libc.a(lib_a-freer.o)
 .debug_loc     0x00000000000020fa      0x1dd /usr/lib/gcc/arm-none-eabi/4.7.0/../../../../arm-none-eabi/lib/thumb/libc.a(lib_a-fwalk.o)
 .debug_loc     0x00000000000022d7      0x1de /usr/lib/gcc/arm-none-eabi/4.7.0/../../../../arm-none-eabi/lib/thumb/libc.a(lib_a-memset.o)
 .debug_loc     0x00000000000024b5      0x1fe /usr/lib/gcc/arm-none-eabi/4.7.0/../../../../arm-none-eabi/lib/thumb/libc.a(lib_a-reent.o)
 .debug_loc     0x00000000000026b3      0x21e /usr/lib/gcc/arm-none-eabi/4.7.0/../../../../arm-none-eabi/lib/thumb/libc.a(lib_a-stdio.o)
 .debug_loc     0x00000000000028d1       0x13 /usr/lib/gcc/arm-none-eabi/4.7.0/../../../../arm-none-eabi/lib/thumb/libc.a(lib_a-strlen.o)
 .debug_loc     0x00000000000028e4       0x98 /usr/lib/gcc/arm-none-eabi/4.7.0/../../../../arm-none-eabi/lib/thumb/libc.a(lib_a-writer.o)
 .debug_loc     0x000000000000297c       0x5c /usr/lib/gcc/arm-none-eabi/4.7.0/../../../../arm-none-eabi/lib/thumb/libc.a(lib_a-closer.o)
 .debug_loc     0x00000000000029d8       0xe4 /usr/lib/gcc/arm-none-eabi/4.7.0/../../../../arm-none-eabi/lib/thumb/libc.a(lib_a-fclose.o)
 .debug_loc     0x0000000000002abc      0x267 /usr/lib/gcc/arm-none-eabi/4.7.0/../../../../arm-none-eabi/lib/thumb/libc.a(lib_a-fflush.o)
 .debug_loc     0x0000000000002d23       0x98 /usr/lib/gcc/arm-none-eabi/4.7.0/../../../../arm-none-eabi/lib/thumb/libc.a(lib_a-lseekr.o)
 .debug_loc     0x0000000000002dbb       0x98 /usr/lib/gcc/arm-none-eabi/4.7.0/../../../../arm-none-eabi/lib/thumb/libc.a(lib_a-readr.o)

.debug_aranges  0x0000000000000000      0x280
 .debug_aranges
                0x0000000000000000       0x20 /usr/lib/gcc/arm-none-eabi/4.7.0/../../../../arm-none-eabi/lib/thumb/libc.a(lib_a-malloc.o)
 .debug_aranges
                0x0000000000000020       0x20 /usr/lib/gcc/arm-none-eabi/4.7.0/../../../../arm-none-eabi/lib/thumb/libc.a(lib_a-mallocr.o)
 .debug_aranges
                0x0000000000000040       0x20 /usr/lib/gcc/arm-none-eabi/4.7.0/../../../../arm-none-eabi/lib/thumb/libc.a(lib_a-mlock.o)
 .debug_aranges
                0x0000000000000060       0x20 /usr/lib/gcc/arm-none-eabi/4.7.0/../../../../arm-none-eabi/lib/thumb/libc.a(lib_a-sbrkr.o)
 .debug_aranges
                0x0000000000000080       0x20 /usr/lib/gcc/arm-none-eabi/4.7.0/../../../../arm-none-eabi/lib/thumb/libc.a(lib_a-strcmp.o)
 .debug_aranges
                0x00000000000000a0       0x20 /usr/lib/gcc/arm-none-eabi/4.7.0/../../../../arm-none-eabi/lib/thumb/libc.a(lib_a-syscalls.o)
 .debug_aranges
                0x00000000000000c0       0x20 /usr/lib/gcc/arm-none-eabi/4.7.0/../../../../arm-none-eabi/lib/thumb/libc.a(lib_a-errno.o)
 .debug_aranges
                0x00000000000000e0       0x20 /usr/lib/gcc/arm-none-eabi/4.7.0/../../../../arm-none-eabi/lib/thumb/libc.a(lib_a-findfp.o)
 .debug_aranges
                0x0000000000000100       0x20 /usr/lib/gcc/arm-none-eabi/4.7.0/../../../../arm-none-eabi/lib/thumb/libc.a(lib_a-freer.o)
 .debug_aranges
                0x0000000000000120       0x20 /usr/lib/gcc/arm-none-eabi/4.7.0/../../../../arm-none-eabi/lib/thumb/libc.a(lib_a-fwalk.o)
 .debug_aranges
                0x0000000000000140       0x20 /usr/lib/gcc/arm-none-eabi/4.7.0/../../../../arm-none-eabi/lib/thumb/libc.a(lib_a-memset.o)
 .debug_aranges
                0x0000000000000160       0x20 /usr/lib/gcc/arm-none-eabi/4.7.0/../../../../arm-none-eabi/lib/thumb/libc.a(lib_a-reent.o)
 .debug_aranges
                0x0000000000000180       0x20 /usr/lib/gcc/arm-none-eabi/4.7.0/../../../../arm-none-eabi/lib/thumb/libc.a(lib_a-stdio.o)
 .debug_aranges
                0x00000000000001a0       0x20 /usr/lib/gcc/arm-none-eabi/4.7.0/../../../../arm-none-eabi/lib/thumb/libc.a(lib_a-strlen.o)
 .debug_aranges
                0x00000000000001c0       0x20 /usr/lib/gcc/arm-none-eabi/4.7.0/../../../../arm-none-eabi/lib/thumb/libc.a(lib_a-writer.o)
 .debug_aranges
                0x00000000000001e0       0x20 /usr/lib/gcc/arm-none-eabi/4.7.0/../../../../arm-none-eabi/lib/thumb/libc.a(lib_a-closer.o)
 .debug_aranges
                0x0000000000000200       0x20 /usr/lib/gcc/arm-none-eabi/4.7.0/../../../../arm-none-eabi/lib/thumb/libc.a(lib_a-fclose.o)
 .debug_aranges
                0x0000000000000220       0x20 /usr/lib/gcc/arm-none-eabi/4.7.0/../../../../arm-none-eabi/lib/thumb/libc.a(lib_a-fflush.o)
 .debug_aranges
                0x0000000000000240       0x20 /usr/lib/gcc/arm-none-eabi/4.7.0/../../../../arm-none-eabi/lib/thumb/libc.a(lib_a-lseekr.o)
 .debug_aranges
                0x0000000000000260       0x20 /usr/lib/gcc/arm-none-eabi/4.7.0/../../../../arm-none-eabi/lib/thumb/libc.a(lib_a-readr.o)

.debug_line     0x0000000000000000     0x1e86
 .debug_line    0x0000000000000000      0x131 /usr/lib/gcc/arm-none-eabi/4.7.0/../../../../arm-none-eabi/lib/thumb/libc.a(lib_a-malloc.o)
 .debug_line    0x0000000000000131      0x321 /usr/lib/gcc/arm-none-eabi/4.7.0/../../../../arm-none-eabi/lib/thumb/libc.a(lib_a-mallocr.o)
 .debug_line    0x0000000000000452       0xf2 /usr/lib/gcc/arm-none-eabi/4.7.0/../../../../arm-none-eabi/lib/thumb/libc.a(lib_a-mlock.o)
 .debug_line    0x0000000000000544      0x12f /usr/lib/gcc/arm-none-eabi/4.7.0/../../../../arm-none-eabi/lib/thumb/libc.a(lib_a-sbrkr.o)
 .debug_line    0x0000000000000673       0xab /usr/lib/gcc/arm-none-eabi/4.7.0/../../../../arm-none-eabi/lib/thumb/libc.a(lib_a-strcmp.o)
 .debug_line    0x000000000000071e      0x3aa /usr/lib/gcc/arm-none-eabi/4.7.0/../../../../arm-none-eabi/lib/thumb/libc.a(lib_a-syscalls.o)
 .debug_line    0x0000000000000ac8       0xfd /usr/lib/gcc/arm-none-eabi/4.7.0/../../../../arm-none-eabi/lib/thumb/libc.a(lib_a-errno.o)
 .debug_line    0x0000000000000bc5      0x1c8 /usr/lib/gcc/arm-none-eabi/4.7.0/../../../../arm-none-eabi/lib/thumb/libc.a(lib_a-findfp.o)
 .debug_line    0x0000000000000d8d      0x1cb /usr/lib/gcc/arm-none-eabi/4.7.0/../../../../arm-none-eabi/lib/thumb/libc.a(lib_a-freer.o)
 .debug_line    0x0000000000000f58      0x175 /usr/lib/gcc/arm-none-eabi/4.7.0/../../../../arm-none-eabi/lib/thumb/libc.a(lib_a-fwalk.o)
 .debug_line    0x00000000000010cd       0xe0 /usr/lib/gcc/arm-none-eabi/4.7.0/../../../../arm-none-eabi/lib/thumb/libc.a(lib_a-impure.o)
 .debug_line    0x00000000000011ad      0x129 /usr/lib/gcc/arm-none-eabi/4.7.0/../../../../arm-none-eabi/lib/thumb/libc.a(lib_a-memset.o)
 .debug_line    0x00000000000012d6      0x133 /usr/lib/gcc/arm-none-eabi/4.7.0/../../../../arm-none-eabi/lib/thumb/libc.a(lib_a-reent.o)
 .debug_line    0x0000000000001409      0x14d /usr/lib/gcc/arm-none-eabi/4.7.0/../../../../arm-none-eabi/lib/thumb/libc.a(lib_a-stdio.o)
 .debug_line    0x0000000000001556       0xe9 /usr/lib/gcc/arm-none-eabi/4.7.0/../../../../arm-none-eabi/lib/thumb/libc.a(lib_a-strlen.o)
 .debug_line    0x000000000000163f      0x130 /usr/lib/gcc/arm-none-eabi/4.7.0/../../../../arm-none-eabi/lib/thumb/libc.a(lib_a-writer.o)
 .debug_line    0x000000000000176f      0x130 /usr/lib/gcc/arm-none-eabi/4.7.0/../../../../arm-none-eabi/lib/thumb/libc.a(lib_a-closer.o)
 .debug_line    0x000000000000189f      0x16b /usr/lib/gcc/arm-none-eabi/4.7.0/../../../../arm-none-eabi/lib/thumb/libc.a(lib_a-fclose.o)
 .debug_line    0x0000000000001a0a      0x21d /usr/lib/gcc/arm-none-eabi/4.7.0/../../../../arm-none-eabi/lib/thumb/libc.a(lib_a-fflush.o)
 .debug_line    0x0000000000001c27      0x130 /usr/lib/gcc/arm-none-eabi/4.7.0/../../../../arm-none-eabi/lib/thumb/libc.a(lib_a-lseekr.o)
 .debug_line    0x0000000000001d57      0x12f /usr/lib/gcc/arm-none-eabi/4.7.0/../../../../arm-none-eabi/lib/thumb/libc.a(lib_a-readr.o)

.debug_str      0x0000000000000000     0x1149
 .debug_str     0x0000000000000000      0x43c /usr/lib/gcc/arm-none-eabi/4.7.0/../../../../arm-none-eabi/lib/thumb/libc.a(lib_a-malloc.o)
                                        0x4e1 (size before relaxing)
 .debug_str     0x000000000000043c      0x209 /usr/lib/gcc/arm-none-eabi/4.7.0/../../../../arm-none-eabi/lib/thumb/libc.a(lib_a-mallocr.o)
                                        0x6b6 (size before relaxing)
 .debug_str     0x0000000000000645       0x6e /usr/lib/gcc/arm-none-eabi/4.7.0/../../../../arm-none-eabi/lib/thumb/libc.a(lib_a-mlock.o)
                                        0x4e8 (size before relaxing)
 .debug_str     0x00000000000006b3       0x8c /usr/lib/gcc/arm-none-eabi/4.7.0/../../../../arm-none-eabi/lib/thumb/libc.a(lib_a-sbrkr.o)
                                        0x4d6 (size before relaxing)
 .debug_str     0x000000000000073f       0x86 /usr/lib/gcc/arm-none-eabi/4.7.0/../../../../arm-none-eabi/lib/thumb/libc.a(lib_a-strcmp.o)
                                        0x11b (size before relaxing)
 .debug_str     0x00000000000007c5      0x350 /usr/lib/gcc/arm-none-eabi/4.7.0/../../../../arm-none-eabi/lib/thumb/libc.a(lib_a-syscalls.o)
                                        0x800 (size before relaxing)
 .debug_str     0x0000000000000b15       0x77 /usr/lib/gcc/arm-none-eabi/4.7.0/../../../../arm-none-eabi/lib/thumb/libc.a(lib_a-errno.o)
                                        0x4c7 (size before relaxing)
 .debug_str     0x0000000000000b8c      0x14b /usr/lib/gcc/arm-none-eabi/4.7.0/../../../../arm-none-eabi/lib/thumb/libc.a(lib_a-findfp.o)
                                        0x5b9 (size before relaxing)
 .debug_str     0x0000000000000cd7       0x3c /usr/lib/gcc/arm-none-eabi/4.7.0/../../../../arm-none-eabi/lib/thumb/libc.a(lib_a-freer.o)
                                        0x608 (size before relaxing)
 .debug_str     0x0000000000000d13       0x5d /usr/lib/gcc/arm-none-eabi/4.7.0/../../../../arm-none-eabi/lib/thumb/libc.a(lib_a-fwalk.o)
                                        0x4e4 (size before relaxing)
 .debug_str     0x0000000000000d70       0x47 /usr/lib/gcc/arm-none-eabi/4.7.0/../../../../arm-none-eabi/lib/thumb/libc.a(lib_a-impure.o)
                                        0x4df (size before relaxing)
 .debug_str     0x0000000000000db7       0x8d /usr/lib/gcc/arm-none-eabi/4.7.0/../../../../arm-none-eabi/lib/thumb/libc.a(lib_a-memset.o)
                                        0x129 (size before relaxing)
 .debug_str     0x0000000000000e44       0x74 /usr/lib/gcc/arm-none-eabi/4.7.0/../../../../arm-none-eabi/lib/thumb/libc.a(lib_a-reent.o)
                                        0x504 (size before relaxing)
 .debug_str     0x0000000000000eb8       0x6e /usr/lib/gcc/arm-none-eabi/4.7.0/../../../../arm-none-eabi/lib/thumb/libc.a(lib_a-stdio.o)
                                        0x506 (size before relaxing)
 .debug_str     0x0000000000000f26       0x53 /usr/lib/gcc/arm-none-eabi/4.7.0/../../../../arm-none-eabi/lib/thumb/libc.a(lib_a-strlen.o)
                                        0x12a (size before relaxing)
 .debug_str     0x0000000000000f79       0x4d /usr/lib/gcc/arm-none-eabi/4.7.0/../../../../arm-none-eabi/lib/thumb/libc.a(lib_a-writer.o)
                                        0x4d3 (size before relaxing)
 .debug_str     0x0000000000000fc6       0x44 /usr/lib/gcc/arm-none-eabi/4.7.0/../../../../arm-none-eabi/lib/thumb/libc.a(lib_a-closer.o)
                                        0x4c3 (size before relaxing)
 .debug_str     0x000000000000100a       0x51 /usr/lib/gcc/arm-none-eabi/4.7.0/../../../../arm-none-eabi/lib/thumb/libc.a(lib_a-fclose.o)
                                        0x4db (size before relaxing)
 .debug_str     0x000000000000105b       0x68 /usr/lib/gcc/arm-none-eabi/4.7.0/../../../../arm-none-eabi/lib/thumb/libc.a(lib_a-fflush.o)
                                        0x50c (size before relaxing)
 .debug_str     0x00000000000010c3       0x44 /usr/lib/gcc/arm-none-eabi/4.7.0/../../../../arm-none-eabi/lib/thumb/libc.a(lib_a-lseekr.o)
                                        0x4d8 (size before relaxing)
 .debug_str     0x0000000000001107       0x42 /usr/lib/gcc/arm-none-eabi/4.7.0/../../../../arm-none-eabi/lib/thumb/libc.a(lib_a-readr.o)
                                        0x4d1 (size before relaxing)

.debug_frame    0x0000000000000000      0x8a4
 .debug_frame   0x0000000000000000       0x40 /usr/lib/gcc/arm-none-eabi/4.7.0/../../../../arm-none-eabi/lib/thumb/libc.a(lib_a-malloc.o)
 .debug_frame   0x0000000000000040       0x3c /usr/lib/gcc/arm-none-eabi/4.7.0/../../../../arm-none-eabi/lib/thumb/libc.a(lib_a-mallocr.o)
 .debug_frame   0x000000000000007c       0x30 /usr/lib/gcc/arm-none-eabi/4.7.0/../../../../arm-none-eabi/lib/thumb/libc.a(lib_a-mlock.o)
 .debug_frame   0x00000000000000ac       0x2c /usr/lib/gcc/arm-none-eabi/4.7.0/../../../../arm-none-eabi/lib/thumb/libc.a(lib_a-sbrkr.o)
 .debug_frame   0x00000000000000d8       0x20 /usr/lib/gcc/arm-none-eabi/4.7.0/../../../../arm-none-eabi/lib/thumb/libc.a(lib_a-strcmp.o)
 .debug_frame   0x00000000000000f8      0x304 /usr/lib/gcc/arm-none-eabi/4.7.0/../../../../arm-none-eabi/lib/thumb/libc.a(lib_a-syscalls.o)
 .debug_frame   0x00000000000003fc       0x20 /usr/lib/gcc/arm-none-eabi/4.7.0/../../../../arm-none-eabi/lib/thumb/libc.a(lib_a-errno.o)
 .debug_frame   0x000000000000041c      0x13c /usr/lib/gcc/arm-none-eabi/4.7.0/../../../../arm-none-eabi/lib/thumb/libc.a(lib_a-findfp.o)
 .debug_frame   0x0000000000000558       0x54 /usr/lib/gcc/arm-none-eabi/4.7.0/../../../../arm-none-eabi/lib/thumb/libc.a(lib_a-freer.o)
 .debug_frame   0x00000000000005ac       0x5c /usr/lib/gcc/arm-none-eabi/4.7.0/../../../../arm-none-eabi/lib/thumb/libc.a(lib_a-fwalk.o)
 .debug_frame   0x0000000000000608       0x2c /usr/lib/gcc/arm-none-eabi/4.7.0/../../../../arm-none-eabi/lib/thumb/libc.a(lib_a-memset.o)
 .debug_frame   0x0000000000000634       0x68 /usr/lib/gcc/arm-none-eabi/4.7.0/../../../../arm-none-eabi/lib/thumb/libc.a(lib_a-reent.o)
 .debug_frame   0x000000000000069c       0x90 /usr/lib/gcc/arm-none-eabi/4.7.0/../../../../arm-none-eabi/lib/thumb/libc.a(lib_a-stdio.o)
 .debug_frame   0x000000000000072c       0x20 /usr/lib/gcc/arm-none-eabi/4.7.0/../../../../arm-none-eabi/lib/thumb/libc.a(lib_a-strlen.o)
 .debug_frame   0x000000000000074c       0x2c /usr/lib/gcc/arm-none-eabi/4.7.0/../../../../arm-none-eabi/lib/thumb/libc.a(lib_a-writer.o)
 .debug_frame   0x0000000000000778       0x2c /usr/lib/gcc/arm-none-eabi/4.7.0/../../../../arm-none-eabi/lib/thumb/libc.a(lib_a-closer.o)
 .debug_frame   0x00000000000007a4       0x44 /usr/lib/gcc/arm-none-eabi/4.7.0/../../../../arm-none-eabi/lib/thumb/libc.a(lib_a-fclose.o)
 .debug_frame   0x00000000000007e8       0x64 /usr/lib/gcc/arm-none-eabi/4.7.0/../../../../arm-none-eabi/lib/thumb/libc.a(lib_a-fflush.o)
 .debug_frame   0x000000000000084c       0x2c /usr/lib/gcc/arm-none-eabi/4.7.0/../../../../arm-none-eabi/lib/thumb/libc.a(lib_a-lseekr.o)
 .debug_frame   0x0000000000000878       0x2c /usr/lib/gcc/arm-none-eabi/4.7.0/../../../../arm-none-eabi/lib/thumb/libc.a(lib_a-readr.o)

.debug_ranges   0x0000000000000000      0x2f0
 .debug_ranges  0x0000000000000000       0x60 /usr/lib/gcc/arm-none-eabi/4.7.0/../../../../arm-none-eabi/lib/thumb/libc.a(lib_a-mallocr.o)
 .debug_ranges  0x0000000000000060      0x260 /usr/lib/gcc/arm-none-eabi/4.7.0/../../../../arm-none-eabi/lib/thumb/libc.a(lib_a-syscalls.o)
 .debug_ranges  0x00000000000002c0       0x30 /usr/lib/gcc/arm-none-eabi/4.7.0/../../../../arm-none-eabi/lib/thumb/libc.a(lib_a-fflush.o)
